<?xml version="1.0" encoding="ISO-8859-1" ?>
<link_info>
   <banner>TMS320C2000 Linker PC v20.2.1.LTS</banner>
   <copyright>Copyright (c) 1996-2018 Texas Instruments Incorporated</copyright>
   <link_time>0x5f644eea</link_time>
   <link_errors>0x0</link_errors>
   <output_file>PM_Sensorless_DRV8301_F2806x.out</output_file>
   <entry_point>
      <name>_c_int00</name>
      <address>0x3f5db6</address>
   </entry_point>
   <input_file_list>
      <input_file id="fl-5">
         <path>.\</path>
         <kind>object</kind>
         <file>DLOG4CHC.obj</file>
         <name>DLOG4CHC.obj</name>
      </input_file>
      <input_file id="fl-6">
         <path>.\</path>
         <kind>object</kind>
         <file>DRV8301_SPI.obj</file>
         <name>DRV8301_SPI.obj</name>
      </input_file>
      <input_file id="fl-7">
         <path>.\</path>
         <kind>object</kind>
         <file>F2806x_GlobalVariableDefs.obj</file>
         <name>F2806x_GlobalVariableDefs.obj</name>
      </input_file>
      <input_file id="fl-8">
         <path>.\</path>
         <kind>object</kind>
         <file>F2806x_usDelay.obj</file>
         <name>F2806x_usDelay.obj</name>
      </input_file>
      <input_file id="fl-9">
         <path>.\</path>
         <kind>object</kind>
         <file>PM_Sensorless-DevInit_F2806x.obj</file>
         <name>PM_Sensorless-DevInit_F2806x.obj</name>
      </input_file>
      <input_file id="fl-a">
         <path>.\</path>
         <kind>object</kind>
         <file>PM_Sensorless.obj</file>
         <name>PM_Sensorless.obj</name>
      </input_file>
      <input_file id="fl-b">
         <path>.\SCI\</path>
         <kind>object</kind>
         <file>F28069_sci_monitor.obj</file>
         <name>F28069_sci_monitor.obj</name>
      </input_file>
      <input_file id="fl-e">
         <path>C:\ti\ccs1010\ccs\tools\compiler\ti-cgt-c2000_20.2.1.LTS\lib\</path>
         <kind>archive</kind>
         <file>rts2800_fpu32.lib</file>
         <name>boot28.asm.obj</name>
      </input_file>
      <input_file id="fl-10">
         <kind>object</kind>
         <file>&lt;internal&gt;</file>
         <name>&lt;internal&gt;</name>
      </input_file>
      <input_file id="fl-11">
         <path>C:\ti\ccs1010\ccs\tools\compiler\ti-cgt-c2000_20.2.1.LTS\lib\</path>
         <kind>archive</kind>
         <file>rts2800_fpu32.lib</file>
         <name>cpy_tbl.c.obj</name>
      </input_file>
      <input_file id="fl-12">
         <path>C:\ti\ccs1010\ccs\tools\compiler\ti-cgt-c2000_20.2.1.LTS\lib\</path>
         <kind>archive</kind>
         <file>rts2800_fpu32.lib</file>
         <name>memcpy.c.obj</name>
      </input_file>
      <input_file id="fl-13">
         <path>C:\ti\ccs1010\ccs\tools\compiler\ti-cgt-c2000_20.2.1.LTS\lib\</path>
         <kind>archive</kind>
         <file>rts2800_fpu32.lib</file>
         <name>pre_init.c.obj</name>
      </input_file>
      <input_file id="fl-14">
         <path>C:\ti\ccs1010\ccs\tools\compiler\ti-cgt-c2000_20.2.1.LTS\lib\</path>
         <kind>archive</kind>
         <file>rts2800_fpu32.lib</file>
         <name>startup.c.obj</name>
      </input_file>
      <input_file id="fl-15">
         <path>C:\ti\ccs1010\ccs\tools\compiler\ti-cgt-c2000_20.2.1.LTS\lib\</path>
         <kind>archive</kind>
         <file>rts2800_fpu32.lib</file>
         <name>exit.c.obj</name>
      </input_file>
      <input_file id="fl-16">
         <path>C:\ti\ccs1010\ccs\tools\compiler\ti-cgt-c2000_20.2.1.LTS\lib\</path>
         <kind>archive</kind>
         <file>rts2800_fpu32.lib</file>
         <name>_lock.c.obj</name>
      </input_file>
      <input_file id="fl-17">
         <path>C:\ti\ccs1010\ccs\tools\compiler\ti-cgt-c2000_20.2.1.LTS\lib\</path>
         <kind>archive</kind>
         <file>rts2800_fpu32.lib</file>
         <name>args_main.c.obj</name>
      </input_file>
      <input_file id="fl-18">
         <path>C:\ti\controlSUITE\libs\math\FPUfastRTS\V100\lib\</path>
         <kind>archive</kind>
         <file>rts2800_fpu32_fast_supplement.lib</file>
         <name>sqrt_f32.obj</name>
      </input_file>
      <input_file id="fl-19">
         <path>C:\ti\controlSUITE\libs\math\FPUfastRTS\V100\lib\</path>
         <kind>archive</kind>
         <file>rts2800_fpu32_fast_supplement.lib</file>
         <name>sin_f32.obj</name>
      </input_file>
      <input_file id="fl-1a">
         <path>C:\ti\controlSUITE\libs\math\FPUfastRTS\V100\lib\</path>
         <kind>archive</kind>
         <file>rts2800_fpu32_fast_supplement.lib</file>
         <name>div_f32.obj</name>
      </input_file>
      <input_file id="fl-1b">
         <path>C:\ti\controlSUITE\libs\math\FPUfastRTS\V100\lib\</path>
         <kind>archive</kind>
         <file>rts2800_fpu32_fast_supplement.lib</file>
         <name>cos_f32.obj</name>
      </input_file>
      <input_file id="fl-1c">
         <path>C:\ti\controlSUITE\libs\math\FPUfastRTS\V100\lib\</path>
         <kind>archive</kind>
         <file>rts2800_fpu32_fast_supplement.lib</file>
         <name>atan2_f32.obj</name>
      </input_file>
      <input_file id="fl-1d">
         <path>C:\ti\controlSUITE\libs\math\FPUfastRTS\V100\lib\</path>
         <kind>archive</kind>
         <file>rts2800_fpu32_fast_supplement.lib</file>
         <name>FPUmathTables.obj</name>
      </input_file>
      <input_file id="fl-1e">
         <path>C:\ti\ccs1010\ccs\tools\compiler\ti-cgt-c2000_20.2.1.LTS\lib\</path>
         <kind>archive</kind>
         <file>rts2800_fpu32.lib</file>
         <name>strncpy.c.obj</name>
      </input_file>
   </input_file_list>
   <object_component_list>
      <object_component id="oc-a6">
         <name>.cinit</name>
         <load_address>0x3f6b3b</load_address>
         <run_address>0x3f6b3b</run_address>
         <size>0x380</size>
         <input_file_ref idref="fl-a"/>
      </object_component>
      <object_component id="oc-12f">
         <name>.cinit:_Para_Index_Var</name>
         <load_address>0x3f6ebb</load_address>
         <run_address>0x3f6ebb</run_address>
         <size>0x49</size>
         <input_file_ref idref="fl-b"/>
      </object_component>
      <object_component id="oc-b6">
         <name>.cinit:_Ch_Index_Str</name>
         <load_address>0x3f6f04</load_address>
         <run_address>0x3f6f04</run_address>
         <size>0x47</size>
         <input_file_ref idref="fl-b"/>
      </object_component>
      <object_component id="oc-121">
         <name>.cinit:_Ch_Index_Var</name>
         <load_address>0x3f6f4b</load_address>
         <run_address>0x3f6f4b</run_address>
         <size>0x47</size>
         <input_file_ref idref="fl-b"/>
      </object_component>
      <object_component id="oc-b5">
         <name>.cinit:_Cmd_Index_Str</name>
         <load_address>0x3f6f92</load_address>
         <run_address>0x3f6f92</run_address>
         <size>0x47</size>
         <input_file_ref idref="fl-b"/>
      </object_component>
      <object_component id="oc-133">
         <name>.cinit:_Cmd_Index_Var</name>
         <load_address>0x3f6fd9</load_address>
         <run_address>0x3f6fd9</run_address>
         <size>0x47</size>
         <input_file_ref idref="fl-b"/>
      </object_component>
      <object_component id="oc-b7">
         <name>.cinit:_Node_Index_Str</name>
         <load_address>0x3f7020</load_address>
         <run_address>0x3f7020</run_address>
         <size>0x47</size>
         <input_file_ref idref="fl-b"/>
      </object_component>
      <object_component id="oc-b3">
         <name>.cinit:_Page1_Str</name>
         <load_address>0x3f7067</load_address>
         <run_address>0x3f7067</run_address>
         <size>0x35</size>
         <input_file_ref idref="fl-b"/>
      </object_component>
      <object_component id="oc-14d">
         <name>.cinit:_Page1_Var</name>
         <load_address>0x3f709c</load_address>
         <run_address>0x3f709c</run_address>
         <size>0x35</size>
         <input_file_ref idref="fl-b"/>
      </object_component>
      <object_component id="oc-b4">
         <name>.cinit:_Page2_Str</name>
         <load_address>0x3f70d1</load_address>
         <run_address>0x3f70d1</run_address>
         <size>0x35</size>
         <input_file_ref idref="fl-b"/>
      </object_component>
      <object_component id="oc-14f">
         <name>.cinit:_Page2_Var</name>
         <load_address>0x3f7106</load_address>
         <run_address>0x3f7106</run_address>
         <size>0x35</size>
         <input_file_ref idref="fl-b"/>
      </object_component>
      <object_component id="oc-b2">
         <name>.cinit:_Page0_Str</name>
         <load_address>0x3f713b</load_address>
         <run_address>0x3f713b</run_address>
         <size>0x31</size>
         <input_file_ref idref="fl-b"/>
      </object_component>
      <object_component id="oc-140">
         <name>.cinit:_Page0_Var</name>
         <load_address>0x3f716c</load_address>
         <run_address>0x3f716c</run_address>
         <size>0x31</size>
         <input_file_ref idref="fl-b"/>
      </object_component>
      <object_component id="oc-107">
         <name>.cinit:_Node_ActiveCount</name>
         <load_address>0x3f719d</load_address>
         <run_address>0x3f719d</run_address>
         <size>0x25</size>
         <input_file_ref idref="fl-b"/>
      </object_component>
      <object_component id="oc-13a">
         <name>.cinit:_Node_DeactiveCount</name>
         <load_address>0x3f71c2</load_address>
         <run_address>0x3f71c2</run_address>
         <size>0x25</size>
         <input_file_ref idref="fl-b"/>
      </object_component>
      <object_component id="oc-138">
         <name>.cinit:_Node_Status</name>
         <load_address>0x3f71e7</load_address>
         <run_address>0x3f71e7</run_address>
         <size>0x25</size>
         <input_file_ref idref="fl-b"/>
      </object_component>
      <object_component id="oc-ae">
         <name>.cinit</name>
         <load_address>0x3f720c</load_address>
         <run_address>0x3f720c</run_address>
         <size>0x23</size>
         <input_file_ref idref="fl-b"/>
      </object_component>
      <object_component id="oc-10f">
         <name>.cinit:_switch_ackfunction</name>
         <load_address>0x3f722f</load_address>
         <run_address>0x3f722f</run_address>
         <size>0x1f</size>
         <input_file_ref idref="fl-b"/>
      </object_component>
      <object_component id="oc-149">
         <name>.cinit:_Page1_VarType</name>
         <load_address>0x3f724e</load_address>
         <run_address>0x3f724e</run_address>
         <size>0x1c</size>
         <input_file_ref idref="fl-b"/>
      </object_component>
      <object_component id="oc-14b">
         <name>.cinit:_Page2_VarType</name>
         <load_address>0x3f726a</load_address>
         <run_address>0x3f726a</run_address>
         <size>0x1c</size>
         <input_file_ref idref="fl-b"/>
      </object_component>
      <object_component id="oc-147">
         <name>.cinit:_Page0_VarType</name>
         <load_address>0x3f7286</load_address>
         <run_address>0x3f7286</run_address>
         <size>0x1a</size>
         <input_file_ref idref="fl-b"/>
      </object_component>
      <object_component id="oc-10d">
         <name>.cinit:_Sci_Bytes</name>
         <load_address>0x3f72a0</load_address>
         <run_address>0x3f72a0</run_address>
         <size>0x12</size>
         <input_file_ref idref="fl-b"/>
      </object_component>
      <object_component id="oc-10b">
         <name>.cinit:_Sci_Headtable</name>
         <load_address>0x3f72b2</load_address>
         <run_address>0x3f72b2</run_address>
         <size>0x12</size>
         <input_file_ref idref="fl-b"/>
      </object_component>
      <object_component id="oc-d7">
         <name>.cinit</name>
         <load_address>0x3f72c4</load_address>
         <run_address>0x3f72c4</run_address>
         <size>0xe</size>
         <input_file_ref idref="fl-15"/>
      </object_component>
      <object_component id="oc-112">
         <name>.cinit:_Page_Str</name>
         <load_address>0x3f72d2</load_address>
         <run_address>0x3f72d2</run_address>
         <size>0x9</size>
         <input_file_ref idref="fl-b"/>
      </object_component>
      <object_component id="oc-12b">
         <name>.cinit:_Page_Var</name>
         <load_address>0x3f72db</load_address>
         <run_address>0x3f72db</run_address>
         <size>0x9</size>
         <input_file_ref idref="fl-b"/>
      </object_component>
      <object_component id="oc-129">
         <name>.cinit:_Page_VarType</name>
         <load_address>0x3f72e4</load_address>
         <run_address>0x3f72e4</run_address>
         <size>0x9</size>
         <input_file_ref idref="fl-b"/>
      </object_component>
      <object_component id="oc-11e">
         <name>.cinit:_Chx_Index</name>
         <load_address>0x3f72ed</load_address>
         <run_address>0x3f72ed</run_address>
         <size>0x7</size>
         <input_file_ref idref="fl-b"/>
      </object_component>
      <object_component id="oc-127">
         <name>.cinit:_Page_Size</name>
         <load_address>0x3f72f4</load_address>
         <run_address>0x3f72f4</run_address>
         <size>0x6</size>
         <input_file_ref idref="fl-b"/>
      </object_component>
      <object_component id="oc-11b">
         <name>.cinit:__lock</name>
         <load_address>0x3f72fa</load_address>
         <run_address>0x3f72fa</run_address>
         <size>0x5</size>
         <input_file_ref idref="fl-16"/>
      </object_component>
      <object_component id="oc-145">
         <name>.cinit:__unlock</name>
         <load_address>0x3f72ff</load_address>
         <run_address>0x3f72ff</run_address>
         <size>0x5</size>
         <input_file_ref idref="fl-16"/>
      </object_component>
      <object_component id="oc-a8">
         <name>.text:retain</name>
         <load_address>0x3f4000</load_address>
         <run_address>0x3f4000</run_address>
         <size>0x1042</size>
         <input_file_ref idref="fl-a"/>
      </object_component>
      <object_component id="oc-119">
         <name>.text</name>
         <load_address>0x3f5042</load_address>
         <run_address>0x3f5042</run_address>
         <size>0x5a8</size>
         <input_file_ref idref="fl-a"/>
      </object_component>
      <object_component id="oc-10e">
         <name>.text</name>
         <load_address>0x3f55ea</load_address>
         <run_address>0x3f55ea</run_address>
         <size>0x4a8</size>
         <input_file_ref idref="fl-b"/>
      </object_component>
      <object_component id="oc-13c">
         <name>.text</name>
         <load_address>0x3f5a92</load_address>
         <run_address>0x3f5a92</run_address>
         <size>0x1fe</size>
         <input_file_ref idref="fl-9"/>
      </object_component>
      <object_component id="oc-b0">
         <name>.text:retain</name>
         <load_address>0x3f5c90</load_address>
         <run_address>0x3f5c90</run_address>
         <size>0xb5</size>
         <input_file_ref idref="fl-b"/>
      </object_component>
      <object_component id="oc-13e">
         <name>.text</name>
         <load_address>0x3f5d45</load_address>
         <run_address>0x3f5d45</run_address>
         <size>0x71</size>
         <input_file_ref idref="fl-6"/>
      </object_component>
      <object_component id="oc-53">
         <name>.text</name>
         <load_address>0x3f5db6</load_address>
         <run_address>0x3f5db6</run_address>
         <size>0x56</size>
         <input_file_ref idref="fl-e"/>
      </object_component>
      <object_component id="oc-f7">
         <name>.text</name>
         <load_address>0x3f5e0c</load_address>
         <run_address>0x3f5e0c</run_address>
         <size>0x4f</size>
         <input_file_ref idref="fl-1c"/>
      </object_component>
      <object_component id="oc-54">
         <name>.text</name>
         <load_address>0x3f5e5b</load_address>
         <run_address>0x3f5e5b</run_address>
         <size>0x4b</size>
         <input_file_ref idref="fl-5"/>
      </object_component>
      <object_component id="oc-f3">
         <name>.text</name>
         <load_address>0x3f5ea6</load_address>
         <run_address>0x3f5ea6</run_address>
         <size>0x34</size>
         <input_file_ref idref="fl-1b"/>
      </object_component>
      <object_component id="oc-eb">
         <name>.text</name>
         <load_address>0x3f5eda</load_address>
         <run_address>0x3f5eda</run_address>
         <size>0x34</size>
         <input_file_ref idref="fl-19"/>
      </object_component>
      <object_component id="oc-105">
         <name>.text</name>
         <load_address>0x3f5f0e</load_address>
         <run_address>0x3f5f0e</run_address>
         <size>0x29</size>
         <input_file_ref idref="fl-15"/>
      </object_component>
      <object_component id="oc-102">
         <name>.text</name>
         <load_address>0x3f5f37</load_address>
         <run_address>0x3f5f37</run_address>
         <size>0x24</size>
         <input_file_ref idref="fl-11"/>
      </object_component>
      <object_component id="oc-e7">
         <name>.text</name>
         <load_address>0x3f5f5b</load_address>
         <run_address>0x3f5f5b</run_address>
         <size>0x21</size>
         <input_file_ref idref="fl-18"/>
      </object_component>
      <object_component id="oc-118">
         <name>.text</name>
         <load_address>0x3f5f7c</load_address>
         <run_address>0x3f5f7c</run_address>
         <size>0x1d</size>
         <input_file_ref idref="fl-12"/>
      </object_component>
      <object_component id="oc-ef">
         <name>.text</name>
         <load_address>0x3f5f99</load_address>
         <run_address>0x3f5f99</run_address>
         <size>0x19</size>
         <input_file_ref idref="fl-1a"/>
      </object_component>
      <object_component id="oc-11f">
         <name>.text</name>
         <load_address>0x3f5fb2</load_address>
         <run_address>0x3f5fb2</run_address>
         <size>0x15</size>
         <input_file_ref idref="fl-1e"/>
      </object_component>
      <object_component id="oc-104">
         <name>.text</name>
         <load_address>0x3f5fc7</load_address>
         <run_address>0x3f5fc7</run_address>
         <size>0x12</size>
         <input_file_ref idref="fl-17"/>
      </object_component>
      <object_component id="oc-a0">
         <name>.text:retain</name>
         <load_address>0x3f5fd9</load_address>
         <run_address>0x3f5fd9</run_address>
         <size>0xa</size>
         <input_file_ref idref="fl-9"/>
      </object_component>
      <object_component id="oc-144">
         <name>.text</name>
         <load_address>0x3f5fe3</load_address>
         <run_address>0x3f5fe3</run_address>
         <size>0x9</size>
         <input_file_ref idref="fl-16"/>
      </object_component>
      <object_component id="oc-101">
         <name>.text</name>
         <load_address>0x3f5fec</load_address>
         <run_address>0x3f5fec</run_address>
         <size>0x2</size>
         <input_file_ref idref="fl-13"/>
      </object_component>
      <object_component id="oc-103">
         <name>.text</name>
         <load_address>0x3f5fee</load_address>
         <run_address>0x3f5fee</run_address>
         <size>0x1</size>
         <input_file_ref idref="fl-14"/>
      </object_component>
      <object_component id="oc-bc">
         <name>.stack</name>
         <uninitialized>true</uninitialized>
         <run_address>0x50</run_address>
         <size>0x0</size>
         <input_file_ref idref="fl-e"/>
      </object_component>
      <object_component id="oc-1af">
         <name>.stack</name>
         <uninitialized>true</uninitialized>
         <run_address>0x50</run_address>
         <size>0x0</size>
      </object_component>
      <object_component id="oc-a7">
         <name>.ebss</name>
         <uninitialized>true</uninitialized>
         <run_address>0xa000</run_address>
         <size>0x2e8</size>
         <input_file_ref idref="fl-a"/>
      </object_component>
      <object_component id="oc-141">
         <name>.ebss:_VTimer0</name>
         <uninitialized>true</uninitialized>
         <run_address>0xa47c</run_address>
         <size>0x4</size>
         <input_file_ref idref="fl-a"/>
      </object_component>
      <object_component id="oc-142">
         <name>.ebss:_VTimer1</name>
         <uninitialized>true</uninitialized>
         <run_address>0xa4fc</run_address>
         <size>0x4</size>
         <input_file_ref idref="fl-a"/>
      </object_component>
      <object_component id="oc-143">
         <name>.ebss:_VTimer2</name>
         <uninitialized>true</uninitialized>
         <run_address>0xa5f8</run_address>
         <size>0x4</size>
         <input_file_ref idref="fl-a"/>
      </object_component>
      <object_component id="oc-108">
         <name>.ebss:_TmpData</name>
         <uninitialized>true</uninitialized>
         <run_address>0xa378</run_address>
         <size>0x8</size>
         <input_file_ref idref="fl-a"/>
      </object_component>
      <object_component id="oc-af">
         <name>.ebss</name>
         <uninitialized>true</uninitialized>
         <run_address>0xa572</run_address>
         <size>0xc</size>
         <input_file_ref idref="fl-b"/>
      </object_component>
      <object_component id="oc-126">
         <name>.ebss:_Page_Size</name>
         <uninitialized>true</uninitialized>
         <run_address>0xa5fc</run_address>
         <size>0x3</size>
         <input_file_ref idref="fl-b"/>
      </object_component>
      <object_component id="oc-11d">
         <name>.ebss:_Chx_Index</name>
         <uninitialized>true</uninitialized>
         <run_address>0xa3fc</run_address>
         <size>0x4</size>
         <input_file_ref idref="fl-b"/>
      </object_component>
      <object_component id="oc-125">
         <name>.ebss:_Page_Str</name>
         <uninitialized>true</uninitialized>
         <run_address>0xa3f6</run_address>
         <size>0x6</size>
         <input_file_ref idref="fl-b"/>
      </object_component>
      <object_component id="oc-128">
         <name>.ebss:_Page_VarType</name>
         <uninitialized>true</uninitialized>
         <run_address>0xa4f6</run_address>
         <size>0x6</size>
         <input_file_ref idref="fl-b"/>
      </object_component>
      <object_component id="oc-12a">
         <name>.ebss:_Page_Var</name>
         <uninitialized>true</uninitialized>
         <run_address>0xa476</run_address>
         <size>0x6</size>
         <input_file_ref idref="fl-b"/>
      </object_component>
      <object_component id="oc-10a">
         <name>.ebss:_Sci_Headtable</name>
         <uninitialized>true</uninitialized>
         <run_address>0xa700</run_address>
         <size>0xf</size>
         <input_file_ref idref="fl-b"/>
      </object_component>
      <object_component id="oc-10c">
         <name>.ebss:_Sci_Bytes</name>
         <uninitialized>true</uninitialized>
         <run_address>0xa6e8</run_address>
         <size>0xf</size>
         <input_file_ref idref="fl-b"/>
      </object_component>
      <object_component id="oc-13b">
         <name>.ebss:_sdataB</name>
         <uninitialized>true</uninitialized>
         <run_address>0xa6d4</run_address>
         <size>0x14</size>
         <input_file_ref idref="fl-b"/>
      </object_component>
      <object_component id="oc-109">
         <name>.ebss:_rdataB</name>
         <uninitialized>true</uninitialized>
         <run_address>0xa6c0</run_address>
         <size>0x14</size>
         <input_file_ref idref="fl-b"/>
      </object_component>
      <object_component id="oc-146">
         <name>.ebss:_Page0_VarType</name>
         <uninitialized>true</uninitialized>
         <run_address>0xa2e8</run_address>
         <size>0x17</size>
         <input_file_ref idref="fl-b"/>
      </object_component>
      <object_component id="oc-148">
         <name>.ebss:_Page1_VarType</name>
         <uninitialized>true</uninitialized>
         <run_address>0xa662</run_address>
         <size>0x19</size>
         <input_file_ref idref="fl-b"/>
      </object_component>
      <object_component id="oc-14a">
         <name>.ebss:_Page2_VarType</name>
         <uninitialized>true</uninitialized>
         <run_address>0xa6a2</run_address>
         <size>0x19</size>
         <input_file_ref idref="fl-b"/>
      </object_component>
      <object_component id="oc-110">
         <name>.ebss:_switch_ackfunction</name>
         <uninitialized>true</uninitialized>
         <run_address>0xa622</run_address>
         <size>0x1c</size>
         <input_file_ref idref="fl-b"/>
      </object_component>
      <object_component id="oc-137">
         <name>.ebss:_Node_Status</name>
         <uninitialized>true</uninitialized>
         <run_address>0xa680</run_address>
         <size>0x22</size>
         <input_file_ref idref="fl-b"/>
      </object_component>
      <object_component id="oc-106">
         <name>.ebss:_Node_ActiveCount</name>
         <uninitialized>true</uninitialized>
         <run_address>0xa600</run_address>
         <size>0x22</size>
         <input_file_ref idref="fl-b"/>
      </object_component>
      <object_component id="oc-139">
         <name>.ebss:_Node_DeactiveCount</name>
         <uninitialized>true</uninitialized>
         <run_address>0xa640</run_address>
         <size>0x22</size>
         <input_file_ref idref="fl-b"/>
      </object_component>
      <object_component id="oc-111">
         <name>.ebss:_Page0_Str</name>
         <uninitialized>true</uninitialized>
         <run_address>0xa544</run_address>
         <size>0x2e</size>
         <input_file_ref idref="fl-b"/>
      </object_component>
      <object_component id="oc-13f">
         <name>.ebss:_Page0_Var</name>
         <uninitialized>true</uninitialized>
         <run_address>0xa5c4</run_address>
         <size>0x2e</size>
         <input_file_ref idref="fl-b"/>
      </object_component>
      <object_component id="oc-113">
         <name>.ebss:_Page1_Str</name>
         <uninitialized>true</uninitialized>
         <run_address>0xa346</run_address>
         <size>0x32</size>
         <input_file_ref idref="fl-b"/>
      </object_component>
      <object_component id="oc-114">
         <name>.ebss:_Page2_Str</name>
         <uninitialized>true</uninitialized>
         <run_address>0xa444</run_address>
         <size>0x32</size>
         <input_file_ref idref="fl-b"/>
      </object_component>
      <object_component id="oc-14c">
         <name>.ebss:_Page1_Var</name>
         <uninitialized>true</uninitialized>
         <run_address>0xa3c4</run_address>
         <size>0x32</size>
         <input_file_ref idref="fl-b"/>
      </object_component>
      <object_component id="oc-14e">
         <name>.ebss:_Page2_Var</name>
         <uninitialized>true</uninitialized>
         <run_address>0xa4c4</run_address>
         <size>0x32</size>
         <input_file_ref idref="fl-b"/>
      </object_component>
      <object_component id="oc-116">
         <name>.ebss:_Ch_Index_Str</name>
         <uninitialized>true</uninitialized>
         <run_address>0xa380</run_address>
         <size>0x44</size>
         <input_file_ref idref="fl-b"/>
      </object_component>
      <object_component id="oc-115">
         <name>.ebss:_Cmd_Index_Str</name>
         <uninitialized>true</uninitialized>
         <run_address>0xa480</run_address>
         <size>0x44</size>
         <input_file_ref idref="fl-b"/>
      </object_component>
      <object_component id="oc-117">
         <name>.ebss:_Node_Index_Str</name>
         <uninitialized>true</uninitialized>
         <run_address>0xa580</run_address>
         <size>0x44</size>
         <input_file_ref idref="fl-b"/>
      </object_component>
      <object_component id="oc-120">
         <name>.ebss:_Ch_Index_Var</name>
         <uninitialized>true</uninitialized>
         <run_address>0xa400</run_address>
         <size>0x44</size>
         <input_file_ref idref="fl-b"/>
      </object_component>
      <object_component id="oc-132">
         <name>.ebss:_Cmd_Index_Var</name>
         <uninitialized>true</uninitialized>
         <run_address>0xa500</run_address>
         <size>0x44</size>
         <input_file_ref idref="fl-b"/>
      </object_component>
      <object_component id="oc-12e">
         <name>.ebss:_Para_Index_Var</name>
         <uninitialized>true</uninitialized>
         <run_address>0xa300</run_address>
         <size>0x46</size>
         <input_file_ref idref="fl-b"/>
      </object_component>
      <object_component id="oc-d8">
         <name>.ebss</name>
         <uninitialized>true</uninitialized>
         <run_address>0xa5f2</run_address>
         <size>0x6</size>
         <input_file_ref idref="fl-15"/>
      </object_component>
      <object_component id="oc-11a">
         <name>.ebss:__lock</name>
         <uninitialized>true</uninitialized>
         <run_address>0xa57e</run_address>
         <size>0x2</size>
         <input_file_ref idref="fl-16"/>
      </object_component>
      <object_component id="oc-150">
         <name>.ebss:__unlock</name>
         <uninitialized>true</uninitialized>
         <run_address>0xa63e</run_address>
         <size>0x2</size>
         <input_file_ref idref="fl-16"/>
      </object_component>
      <object_component id="oc-b1">
         <name>.econst:.string</name>
         <load_address>0x3f5ff0</load_address>
         <run_address>0x3f5ff0</run_address>
         <size>0xb3b</size>
         <input_file_ref idref="fl-b"/>
      </object_component>
      <object_component id="oc-122">
         <name>.econst:_$P$T1$2</name>
         <load_address>0x3f6b2b</load_address>
         <run_address>0x3f6b2b</run_address>
         <size>0x2</size>
         <input_file_ref idref="fl-b"/>
      </object_component>
      <object_component id="oc-123">
         <name>.econst:_$P$T2$3</name>
         <load_address>0x3f6b2d</load_address>
         <run_address>0x3f6b2d</run_address>
         <size>0x2</size>
         <input_file_ref idref="fl-b"/>
      </object_component>
      <object_component id="oc-124">
         <name>.econst:_$P$T3$4</name>
         <load_address>0x3f6b2f</load_address>
         <run_address>0x3f6b2f</run_address>
         <size>0x2</size>
         <input_file_ref idref="fl-b"/>
      </object_component>
      <object_component id="oc-12c">
         <name>.econst:_$P$T4$5</name>
         <load_address>0x3f6b31</load_address>
         <run_address>0x3f6b31</run_address>
         <size>0x2</size>
         <input_file_ref idref="fl-b"/>
      </object_component>
      <object_component id="oc-134">
         <name>.econst:_$P$T8$9</name>
         <load_address>0x3f6b33</load_address>
         <run_address>0x3f6b33</run_address>
         <size>0x2</size>
         <input_file_ref idref="fl-b"/>
      </object_component>
      <object_component id="oc-11c">
         <name>.econst:_$P$T0$1</name>
         <load_address>0x3f6b35</load_address>
         <run_address>0x3f6b35</run_address>
         <size>0x1</size>
         <input_file_ref idref="fl-b"/>
      </object_component>
      <object_component id="oc-136">
         <name>.econst:_$P$T10$11</name>
         <load_address>0x3f6b36</load_address>
         <run_address>0x3f6b36</run_address>
         <size>0x1</size>
         <input_file_ref idref="fl-b"/>
      </object_component>
      <object_component id="oc-12d">
         <name>.econst:_$P$T5$6</name>
         <load_address>0x3f6b37</load_address>
         <run_address>0x3f6b37</run_address>
         <size>0x1</size>
         <input_file_ref idref="fl-b"/>
      </object_component>
      <object_component id="oc-130">
         <name>.econst:_$P$T6$7</name>
         <load_address>0x3f6b38</load_address>
         <run_address>0x3f6b38</run_address>
         <size>0x1</size>
         <input_file_ref idref="fl-b"/>
      </object_component>
      <object_component id="oc-131">
         <name>.econst:_$P$T7$8</name>
         <load_address>0x3f6b39</load_address>
         <run_address>0x3f6b39</run_address>
         <size>0x1</size>
         <input_file_ref idref="fl-b"/>
      </object_component>
      <object_component id="oc-135">
         <name>.econst:_$P$T9$10</name>
         <load_address>0x3f6b3a</load_address>
         <run_address>0x3f6b3a</run_address>
         <size>0x1</size>
         <input_file_ref idref="fl-b"/>
      </object_component>
      <object_component id="oc-fb">
         <name>FPUmathTables</name>
         <load_address>0x3fd590</load_address>
         <run_address>0x3fd590</run_address>
         <size>0x6a0</size>
         <input_file_ref idref="fl-1d"/>
      </object_component>
      <object_component id="oc-bd">
         <name>.reset</name>
         <load_address>0x3fffc0</load_address>
         <run_address>0x3fffc0</run_address>
         <size>0x2</size>
         <input_file_ref idref="fl-e"/>
      </object_component>
      <object_component id="oc-97">
         <name>PieVectTableFile</name>
         <uninitialized>true</uninitialized>
         <run_address>0xd00</run_address>
         <size>0x100</size>
         <input_file_ref idref="fl-7"/>
      </object_component>
      <object_component id="oc-61">
         <name>EmuKeyVar</name>
         <uninitialized>true</uninitialized>
         <run_address>0xd00</run_address>
         <size>0x1</size>
         <input_file_ref idref="fl-7"/>
      </object_component>
      <object_component id="oc-62">
         <name>EmuBModeVar</name>
         <uninitialized>true</uninitialized>
         <run_address>0xd01</run_address>
         <size>0x1</size>
         <input_file_ref idref="fl-7"/>
      </object_component>
      <object_component id="oc-64">
         <name>FlashCallbackVar</name>
         <uninitialized>true</uninitialized>
         <run_address>0xd02</run_address>
         <size>0x2</size>
         <input_file_ref idref="fl-7"/>
      </object_component>
      <object_component id="oc-63">
         <name>FlashScalingVar</name>
         <uninitialized>true</uninitialized>
         <run_address>0xd04</run_address>
         <size>0x2</size>
         <input_file_ref idref="fl-7"/>
      </object_component>
      <object_component id="oc-66">
         <name>DevEmuRegsFile</name>
         <uninitialized>true</uninitialized>
         <run_address>0x880</run_address>
         <size>0x4</size>
         <input_file_ref idref="fl-7"/>
      </object_component>
      <object_component id="oc-65">
         <name>SysPwrCtrlRegsFile</name>
         <uninitialized>true</uninitialized>
         <run_address>0x985</run_address>
         <size>0x3</size>
         <input_file_ref idref="fl-7"/>
      </object_component>
      <object_component id="oc-6e">
         <name>FlashRegsFile</name>
         <uninitialized>true</uninitialized>
         <run_address>0xa80</run_address>
         <size>0x8</size>
         <input_file_ref idref="fl-7"/>
      </object_component>
      <object_component id="oc-70">
         <name>CsmRegsFile</name>
         <uninitialized>true</uninitialized>
         <run_address>0xae0</run_address>
         <size>0x10</size>
         <input_file_ref idref="fl-7"/>
      </object_component>
      <object_component id="oc-6f">
         <name>AdcResultFile</name>
         <uninitialized>true</uninitialized>
         <run_address>0xb00</run_address>
         <size>0x10</size>
         <input_file_ref idref="fl-7"/>
      </object_component>
      <object_component id="oc-6a">
         <name>CpuTimer0RegsFile</name>
         <uninitialized>true</uninitialized>
         <run_address>0xc00</run_address>
         <size>0x8</size>
         <input_file_ref idref="fl-7"/>
      </object_component>
      <object_component id="oc-6b">
         <name>CpuTimer1RegsFile</name>
         <uninitialized>true</uninitialized>
         <run_address>0xc08</run_address>
         <size>0x8</size>
         <input_file_ref idref="fl-7"/>
      </object_component>
      <object_component id="oc-6c">
         <name>CpuTimer2RegsFile</name>
         <uninitialized>true</uninitialized>
         <run_address>0xc10</run_address>
         <size>0x8</size>
         <input_file_ref idref="fl-7"/>
      </object_component>
      <object_component id="oc-77">
         <name>PieCtrlRegsFile</name>
         <uninitialized>true</uninitialized>
         <run_address>0xce0</run_address>
         <size>0x1a</size>
         <input_file_ref idref="fl-7"/>
      </object_component>
      <object_component id="oc-87">
         <name>Cla1RegsFile</name>
         <uninitialized>true</uninitialized>
         <run_address>0x1400</run_address>
         <size>0x40</size>
         <input_file_ref idref="fl-7"/>
      </object_component>
      <object_component id="oc-95">
         <name>DmaRegsFile</name>
         <uninitialized>true</uninitialized>
         <run_address>0x1000</run_address>
         <size>0xe0</size>
         <input_file_ref idref="fl-7"/>
      </object_component>
      <object_component id="oc-86">
         <name>ECanaRegsFile</name>
         <uninitialized>true</uninitialized>
         <run_address>0x6000</run_address>
         <size>0x34</size>
         <input_file_ref idref="fl-7"/>
      </object_component>
      <object_component id="oc-88">
         <name>ECanaLAMRegsFile</name>
         <uninitialized>true</uninitialized>
         <run_address>0x6040</run_address>
         <size>0x40</size>
         <input_file_ref idref="fl-7"/>
      </object_component>
      <object_component id="oc-96">
         <name>ECanaMboxesFile</name>
         <uninitialized>true</uninitialized>
         <run_address>0x6100</run_address>
         <size>0x100</size>
         <input_file_ref idref="fl-7"/>
      </object_component>
      <object_component id="oc-89">
         <name>ECanaMOTSRegsFile</name>
         <uninitialized>true</uninitialized>
         <run_address>0x6080</run_address>
         <size>0x40</size>
         <input_file_ref idref="fl-7"/>
      </object_component>
      <object_component id="oc-8a">
         <name>ECanaMOTORegsFile</name>
         <uninitialized>true</uninitialized>
         <run_address>0x60c0</run_address>
         <size>0x40</size>
         <input_file_ref idref="fl-7"/>
      </object_component>
      <object_component id="oc-7c">
         <name>ECap1RegsFile</name>
         <uninitialized>true</uninitialized>
         <run_address>0x6a00</run_address>
         <size>0x20</size>
         <input_file_ref idref="fl-7"/>
      </object_component>
      <object_component id="oc-7d">
         <name>ECap2RegsFile</name>
         <uninitialized>true</uninitialized>
         <run_address>0x6a20</run_address>
         <size>0x20</size>
         <input_file_ref idref="fl-7"/>
      </object_component>
      <object_component id="oc-7e">
         <name>ECap3RegsFile</name>
         <uninitialized>true</uninitialized>
         <run_address>0x6a40</run_address>
         <size>0x20</size>
         <input_file_ref idref="fl-7"/>
      </object_component>
      <object_component id="oc-81">
         <name>EQep1RegsFile</name>
         <uninitialized>true</uninitialized>
         <run_address>0x6b00</run_address>
         <size>0x22</size>
         <input_file_ref idref="fl-7"/>
      </object_component>
      <object_component id="oc-82">
         <name>EQep2RegsFile</name>
         <uninitialized>true</uninitialized>
         <run_address>0x6b40</run_address>
         <size>0x22</size>
         <input_file_ref idref="fl-7"/>
      </object_component>
      <object_component id="oc-93">
         <name>GpioCtrlRegsFile</name>
         <uninitialized>true</uninitialized>
         <run_address>0x6f80</run_address>
         <size>0x40</size>
         <input_file_ref idref="fl-7"/>
      </object_component>
      <object_component id="oc-7f">
         <name>GpioDataRegsFile</name>
         <uninitialized>true</uninitialized>
         <run_address>0x6fc0</run_address>
         <size>0x20</size>
         <input_file_ref idref="fl-7"/>
      </object_component>
      <object_component id="oc-80">
         <name>GpioIntRegsFile</name>
         <uninitialized>true</uninitialized>
         <run_address>0x6fe0</run_address>
         <size>0x20</size>
         <input_file_ref idref="fl-7"/>
      </object_component>
      <object_component id="oc-78">
         <name>HRCap1RegsFile</name>
         <uninitialized>true</uninitialized>
         <run_address>0x6ac0</run_address>
         <size>0x1f</size>
         <input_file_ref idref="fl-7"/>
      </object_component>
      <object_component id="oc-79">
         <name>HRCap2RegsFile</name>
         <uninitialized>true</uninitialized>
         <run_address>0x6ae0</run_address>
         <size>0x1f</size>
         <input_file_ref idref="fl-7"/>
      </object_component>
      <object_component id="oc-7a">
         <name>HRCap3RegsFile</name>
         <uninitialized>true</uninitialized>
         <run_address>0x6c80</run_address>
         <size>0x1f</size>
         <input_file_ref idref="fl-7"/>
      </object_component>
      <object_component id="oc-7b">
         <name>HRCap4RegsFile</name>
         <uninitialized>true</uninitialized>
         <run_address>0x6ca0</run_address>
         <size>0x1f</size>
         <input_file_ref idref="fl-7"/>
      </object_component>
      <object_component id="oc-85">
         <name>SysCtrlRegsFile</name>
         <uninitialized>true</uninitialized>
         <run_address>0x7010</run_address>
         <size>0x30</size>
         <input_file_ref idref="fl-7"/>
      </object_component>
      <object_component id="oc-74">
         <name>SpiaRegsFile</name>
         <uninitialized>true</uninitialized>
         <run_address>0x7040</run_address>
         <size>0x10</size>
         <input_file_ref idref="fl-7"/>
      </object_component>
      <object_component id="oc-75">
         <name>SpibRegsFile</name>
         <uninitialized>true</uninitialized>
         <run_address>0x7740</run_address>
         <size>0x10</size>
         <input_file_ref idref="fl-7"/>
      </object_component>
      <object_component id="oc-72">
         <name>SciaRegsFile</name>
         <uninitialized>true</uninitialized>
         <run_address>0x7050</run_address>
         <size>0x10</size>
         <input_file_ref idref="fl-7"/>
      </object_component>
      <object_component id="oc-73">
         <name>ScibRegsFile</name>
         <uninitialized>true</uninitialized>
         <run_address>0x7750</run_address>
         <size>0x10</size>
         <input_file_ref idref="fl-7"/>
      </object_component>
      <object_component id="oc-71">
         <name>NmiIntruptRegsFile</name>
         <uninitialized>true</uninitialized>
         <run_address>0x7060</run_address>
         <size>0x10</size>
         <input_file_ref idref="fl-7"/>
      </object_component>
      <object_component id="oc-76">
         <name>XIntruptRegsFile</name>
         <uninitialized>true</uninitialized>
         <run_address>0x7070</run_address>
         <size>0x10</size>
         <input_file_ref idref="fl-7"/>
      </object_component>
      <object_component id="oc-94">
         <name>AdcRegsFile</name>
         <uninitialized>true</uninitialized>
         <run_address>0x7100</run_address>
         <size>0x50</size>
         <input_file_ref idref="fl-7"/>
      </object_component>
      <object_component id="oc-83">
         <name>I2caRegsFile</name>
         <uninitialized>true</uninitialized>
         <run_address>0x7900</run_address>
         <size>0x22</size>
         <input_file_ref idref="fl-7"/>
      </object_component>
      <object_component id="oc-67">
         <name>Comp1RegsFile</name>
         <uninitialized>true</uninitialized>
         <run_address>0x6400</run_address>
         <size>0x7</size>
         <input_file_ref idref="fl-7"/>
      </object_component>
      <object_component id="oc-68">
         <name>Comp2RegsFile</name>
         <uninitialized>true</uninitialized>
         <run_address>0x6420</run_address>
         <size>0x7</size>
         <input_file_ref idref="fl-7"/>
      </object_component>
      <object_component id="oc-69">
         <name>Comp3RegsFile</name>
         <uninitialized>true</uninitialized>
         <run_address>0x6440</run_address>
         <size>0x7</size>
         <input_file_ref idref="fl-7"/>
      </object_component>
      <object_component id="oc-8b">
         <name>EPwm1RegsFile</name>
         <uninitialized>true</uninitialized>
         <run_address>0x6800</run_address>
         <size>0x40</size>
         <input_file_ref idref="fl-7"/>
      </object_component>
      <object_component id="oc-8c">
         <name>EPwm2RegsFile</name>
         <uninitialized>true</uninitialized>
         <run_address>0x6840</run_address>
         <size>0x40</size>
         <input_file_ref idref="fl-7"/>
      </object_component>
      <object_component id="oc-8d">
         <name>EPwm3RegsFile</name>
         <uninitialized>true</uninitialized>
         <run_address>0x6880</run_address>
         <size>0x40</size>
         <input_file_ref idref="fl-7"/>
      </object_component>
      <object_component id="oc-8e">
         <name>EPwm4RegsFile</name>
         <uninitialized>true</uninitialized>
         <run_address>0x68c0</run_address>
         <size>0x40</size>
         <input_file_ref idref="fl-7"/>
      </object_component>
      <object_component id="oc-8f">
         <name>EPwm5RegsFile</name>
         <uninitialized>true</uninitialized>
         <run_address>0x6900</run_address>
         <size>0x40</size>
         <input_file_ref idref="fl-7"/>
      </object_component>
      <object_component id="oc-90">
         <name>EPwm6RegsFile</name>
         <uninitialized>true</uninitialized>
         <run_address>0x6940</run_address>
         <size>0x40</size>
         <input_file_ref idref="fl-7"/>
      </object_component>
      <object_component id="oc-91">
         <name>EPwm7RegsFile</name>
         <uninitialized>true</uninitialized>
         <run_address>0x6980</run_address>
         <size>0x40</size>
         <input_file_ref idref="fl-7"/>
      </object_component>
      <object_component id="oc-92">
         <name>EPwm8RegsFile</name>
         <uninitialized>true</uninitialized>
         <run_address>0x69c0</run_address>
         <size>0x40</size>
         <input_file_ref idref="fl-7"/>
      </object_component>
      <object_component id="oc-84">
         <name>McbspaRegsFile</name>
         <uninitialized>true</uninitialized>
         <run_address>0x5000</run_address>
         <size>0x24</size>
         <input_file_ref idref="fl-7"/>
      </object_component>
      <object_component id="oc-98">
         <name>Usb0RegsFile</name>
         <uninitialized>true</uninitialized>
         <run_address>0x4000</run_address>
         <size>0x454</size>
         <input_file_ref idref="fl-7"/>
      </object_component>
      <object_component id="oc-6d">
         <name>CsmPwlFile</name>
         <uninitialized>true</uninitialized>
         <run_address>0x3f7ff8</run_address>
         <size>0x8</size>
         <input_file_ref idref="fl-7"/>
      </object_component>
      <object_component id="oc-60">
         <name>PartIdRegsFile</name>
         <uninitialized>true</uninitialized>
         <run_address>0x3d7e80</run_address>
         <size>0x1</size>
         <input_file_ref idref="fl-7"/>
      </object_component>
      <object_component id="oc-55">
         <name>DLOG</name>
         <uninitialized>true</uninitialized>
         <run_address>0x400</run_address>
         <size>0x320</size>
         <input_file_ref idref="fl-5"/>
      </object_component>
      <object_component id="oc-56">
         <name>.debug_line</name>
         <load_address>0x0</load_address>
         <run_address>0x0</run_address>
         <size>0x7f</size>
         <input_file_ref idref="fl-5"/>
      </object_component>
      <object_component id="oc-5c">
         <name>.debug_line</name>
         <load_address>0x7f</load_address>
         <run_address>0x7f</run_address>
         <size>0xa3</size>
         <input_file_ref idref="fl-6"/>
      </object_component>
      <object_component id="oc-9b">
         <name>.debug_line</name>
         <load_address>0x122</load_address>
         <run_address>0x122</run_address>
         <size>0x86</size>
         <input_file_ref idref="fl-8"/>
      </object_component>
      <object_component id="oc-a2">
         <name>.debug_line</name>
         <load_address>0x1a8</load_address>
         <run_address>0x1a8</run_address>
         <size>0x21d</size>
         <input_file_ref idref="fl-9"/>
      </object_component>
      <object_component id="oc-aa">
         <name>.debug_line</name>
         <load_address>0x3c5</load_address>
         <run_address>0x3c5</run_address>
         <size>0x67d</size>
         <input_file_ref idref="fl-a"/>
      </object_component>
      <object_component id="oc-b9">
         <name>.debug_line</name>
         <load_address>0xa42</load_address>
         <run_address>0xa42</run_address>
         <size>0x492</size>
         <input_file_ref idref="fl-b"/>
      </object_component>
      <object_component id="oc-bf">
         <name>.debug_line</name>
         <load_address>0xed4</load_address>
         <run_address>0xed4</run_address>
         <size>0x7e</size>
         <input_file_ref idref="fl-e"/>
      </object_component>
      <object_component id="oc-c4">
         <name>.debug_line</name>
         <load_address>0xf52</load_address>
         <run_address>0xf52</run_address>
         <size>0x50</size>
         <input_file_ref idref="fl-11"/>
      </object_component>
      <object_component id="oc-c9">
         <name>.debug_line</name>
         <load_address>0xfa2</load_address>
         <run_address>0xfa2</run_address>
         <size>0x62</size>
         <input_file_ref idref="fl-12"/>
      </object_component>
      <object_component id="oc-ce">
         <name>.debug_line</name>
         <load_address>0x1004</load_address>
         <run_address>0x1004</run_address>
         <size>0x3e</size>
         <input_file_ref idref="fl-13"/>
      </object_component>
      <object_component id="oc-d3">
         <name>.debug_line</name>
         <load_address>0x1042</load_address>
         <run_address>0x1042</run_address>
         <size>0x3a</size>
         <input_file_ref idref="fl-14"/>
      </object_component>
      <object_component id="oc-da">
         <name>.debug_line</name>
         <load_address>0x107c</load_address>
         <run_address>0x107c</run_address>
         <size>0x65</size>
         <input_file_ref idref="fl-15"/>
      </object_component>
      <object_component id="oc-df">
         <name>.debug_line</name>
         <load_address>0x10e1</load_address>
         <run_address>0x10e1</run_address>
         <size>0x5e</size>
         <input_file_ref idref="fl-16"/>
      </object_component>
      <object_component id="oc-e4">
         <name>.debug_line</name>
         <load_address>0x113f</load_address>
         <run_address>0x113f</run_address>
         <size>0x4f</size>
         <input_file_ref idref="fl-17"/>
      </object_component>
      <object_component id="oc-e9">
         <name>.debug_line</name>
         <load_address>0x118e</load_address>
         <run_address>0x118e</run_address>
         <size>0x80</size>
         <input_file_ref idref="fl-18"/>
      </object_component>
      <object_component id="oc-ed">
         <name>.debug_line</name>
         <load_address>0x120e</load_address>
         <run_address>0x120e</run_address>
         <size>0x88</size>
         <input_file_ref idref="fl-19"/>
      </object_component>
      <object_component id="oc-f1">
         <name>.debug_line</name>
         <load_address>0x1296</load_address>
         <run_address>0x1296</run_address>
         <size>0x7a</size>
         <input_file_ref idref="fl-1a"/>
      </object_component>
      <object_component id="oc-f5">
         <name>.debug_line</name>
         <load_address>0x1310</load_address>
         <run_address>0x1310</run_address>
         <size>0x88</size>
         <input_file_ref idref="fl-1b"/>
      </object_component>
      <object_component id="oc-f9">
         <name>.debug_line</name>
         <load_address>0x1398</load_address>
         <run_address>0x1398</run_address>
         <size>0x99</size>
         <input_file_ref idref="fl-1c"/>
      </object_component>
      <object_component id="oc-fe">
         <name>.debug_line</name>
         <load_address>0x1431</load_address>
         <run_address>0x1431</run_address>
         <size>0xbd</size>
         <input_file_ref idref="fl-1e"/>
      </object_component>
      <object_component id="oc-57">
         <name>.debug_info</name>
         <load_address>0x0</load_address>
         <run_address>0x0</run_address>
         <size>0x102</size>
         <input_file_ref idref="fl-5"/>
      </object_component>
      <object_component id="oc-5a">
         <name>.debug_info</name>
         <load_address>0x102</load_address>
         <run_address>0x102</run_address>
         <size>0xea5</size>
         <input_file_ref idref="fl-6"/>
      </object_component>
      <object_component id="oc-5f">
         <name>.debug_info</name>
         <load_address>0xfa7</load_address>
         <run_address>0xfa7</run_address>
         <size>0x1adbd</size>
         <input_file_ref idref="fl-7"/>
      </object_component>
      <object_component id="oc-9c">
         <name>.debug_info</name>
         <load_address>0x1bd64</load_address>
         <run_address>0x1bd64</run_address>
         <size>0x175</size>
         <input_file_ref idref="fl-8"/>
      </object_component>
      <object_component id="oc-9f">
         <name>.debug_info</name>
         <load_address>0x1bed9</load_address>
         <run_address>0x1bed9</run_address>
         <size>0x4f14</size>
         <input_file_ref idref="fl-9"/>
      </object_component>
      <object_component id="oc-a5">
         <name>.debug_info</name>
         <load_address>0x20ded</load_address>
         <run_address>0x20ded</run_address>
         <size>0xd086</size>
         <input_file_ref idref="fl-a"/>
      </object_component>
      <object_component id="oc-ad">
         <name>.debug_info</name>
         <load_address>0x2de73</load_address>
         <run_address>0x2de73</run_address>
         <size>0x4d49</size>
         <input_file_ref idref="fl-b"/>
      </object_component>
      <object_component id="oc-be">
         <name>.debug_info</name>
         <load_address>0x32bbc</load_address>
         <run_address>0x32bbc</run_address>
         <size>0x173</size>
         <input_file_ref idref="fl-e"/>
      </object_component>
      <object_component id="oc-c2">
         <name>.debug_info</name>
         <load_address>0x32d2f</load_address>
         <run_address>0x32d2f</run_address>
         <size>0x561</size>
         <input_file_ref idref="fl-11"/>
      </object_component>
      <object_component id="oc-c7">
         <name>.debug_info</name>
         <load_address>0x33290</load_address>
         <run_address>0x33290</run_address>
         <size>0x43a</size>
         <input_file_ref idref="fl-12"/>
      </object_component>
      <object_component id="oc-cc">
         <name>.debug_info</name>
         <load_address>0x336ca</load_address>
         <run_address>0x336ca</run_address>
         <size>0x3ad</size>
         <input_file_ref idref="fl-13"/>
      </object_component>
      <object_component id="oc-d1">
         <name>.debug_info</name>
         <load_address>0x33a77</load_address>
         <run_address>0x33a77</run_address>
         <size>0x3aa</size>
         <input_file_ref idref="fl-14"/>
      </object_component>
      <object_component id="oc-d6">
         <name>.debug_info</name>
         <load_address>0x33e21</load_address>
         <run_address>0x33e21</run_address>
         <size>0x544</size>
         <input_file_ref idref="fl-15"/>
      </object_component>
      <object_component id="oc-dd">
         <name>.debug_info</name>
         <load_address>0x34365</load_address>
         <run_address>0x34365</run_address>
         <size>0x4cc</size>
         <input_file_ref idref="fl-16"/>
      </object_component>
      <object_component id="oc-e2">
         <name>.debug_info</name>
         <load_address>0x34831</load_address>
         <run_address>0x34831</run_address>
         <size>0x467</size>
         <input_file_ref idref="fl-17"/>
      </object_component>
      <object_component id="oc-e8">
         <name>.debug_info</name>
         <load_address>0x34c98</load_address>
         <run_address>0x34c98</run_address>
         <size>0x144</size>
         <input_file_ref idref="fl-18"/>
      </object_component>
      <object_component id="oc-ec">
         <name>.debug_info</name>
         <load_address>0x34ddc</load_address>
         <run_address>0x34ddc</run_address>
         <size>0x142</size>
         <input_file_ref idref="fl-19"/>
      </object_component>
      <object_component id="oc-f0">
         <name>.debug_info</name>
         <load_address>0x34f1e</load_address>
         <run_address>0x34f1e</run_address>
         <size>0x142</size>
         <input_file_ref idref="fl-1a"/>
      </object_component>
      <object_component id="oc-f4">
         <name>.debug_info</name>
         <load_address>0x35060</load_address>
         <run_address>0x35060</run_address>
         <size>0x142</size>
         <input_file_ref idref="fl-1b"/>
      </object_component>
      <object_component id="oc-f8">
         <name>.debug_info</name>
         <load_address>0x351a2</load_address>
         <run_address>0x351a2</run_address>
         <size>0x147</size>
         <input_file_ref idref="fl-1c"/>
      </object_component>
      <object_component id="oc-fc">
         <name>.debug_info</name>
         <load_address>0x352e9</load_address>
         <run_address>0x352e9</run_address>
         <size>0x50e</size>
         <input_file_ref idref="fl-1e"/>
      </object_component>
      <object_component id="oc-1b0">
         <name>.debug_info</name>
         <load_address>0x357f7</load_address>
         <run_address>0x357f7</run_address>
         <size>0xb2</size>
      </object_component>
      <object_component id="oc-58">
         <name>.debug_abbrev</name>
         <load_address>0x0</load_address>
         <run_address>0x0</run_address>
         <size>0x2f</size>
         <input_file_ref idref="fl-5"/>
      </object_component>
      <object_component id="oc-5d">
         <name>.debug_abbrev</name>
         <load_address>0x2f</load_address>
         <run_address>0x2f</run_address>
         <size>0x11a</size>
         <input_file_ref idref="fl-6"/>
      </object_component>
      <object_component id="oc-99">
         <name>.debug_abbrev</name>
         <load_address>0x149</load_address>
         <run_address>0x149</run_address>
         <size>0xc4</size>
         <input_file_ref idref="fl-7"/>
      </object_component>
      <object_component id="oc-9d">
         <name>.debug_abbrev</name>
         <load_address>0x20d</load_address>
         <run_address>0x20d</run_address>
         <size>0x2f</size>
         <input_file_ref idref="fl-8"/>
      </object_component>
      <object_component id="oc-a3">
         <name>.debug_abbrev</name>
         <load_address>0x23c</load_address>
         <run_address>0x23c</run_address>
         <size>0x17f</size>
         <input_file_ref idref="fl-9"/>
      </object_component>
      <object_component id="oc-ab">
         <name>.debug_abbrev</name>
         <load_address>0x3bb</load_address>
         <run_address>0x3bb</run_address>
         <size>0x1cf</size>
         <input_file_ref idref="fl-a"/>
      </object_component>
      <object_component id="oc-ba">
         <name>.debug_abbrev</name>
         <load_address>0x58a</load_address>
         <run_address>0x58a</run_address>
         <size>0x239</size>
         <input_file_ref idref="fl-b"/>
      </object_component>
      <object_component id="oc-c0">
         <name>.debug_abbrev</name>
         <load_address>0x7c3</load_address>
         <run_address>0x7c3</run_address>
         <size>0x46</size>
         <input_file_ref idref="fl-e"/>
      </object_component>
      <object_component id="oc-c5">
         <name>.debug_abbrev</name>
         <load_address>0x809</load_address>
         <run_address>0x809</run_address>
         <size>0xe3</size>
         <input_file_ref idref="fl-11"/>
      </object_component>
      <object_component id="oc-ca">
         <name>.debug_abbrev</name>
         <load_address>0x8ec</load_address>
         <run_address>0x8ec</run_address>
         <size>0xa8</size>
         <input_file_ref idref="fl-12"/>
      </object_component>
      <object_component id="oc-cf">
         <name>.debug_abbrev</name>
         <load_address>0x994</load_address>
         <run_address>0x994</run_address>
         <size>0x68</size>
         <input_file_ref idref="fl-13"/>
      </object_component>
      <object_component id="oc-d4">
         <name>.debug_abbrev</name>
         <load_address>0x9fc</load_address>
         <run_address>0x9fc</run_address>
         <size>0x66</size>
         <input_file_ref idref="fl-14"/>
      </object_component>
      <object_component id="oc-db">
         <name>.debug_abbrev</name>
         <load_address>0xa62</load_address>
         <run_address>0xa62</run_address>
         <size>0x130</size>
         <input_file_ref idref="fl-15"/>
      </object_component>
      <object_component id="oc-e0">
         <name>.debug_abbrev</name>
         <load_address>0xb92</load_address>
         <run_address>0xb92</run_address>
         <size>0xb2</size>
         <input_file_ref idref="fl-16"/>
      </object_component>
      <object_component id="oc-e5">
         <name>.debug_abbrev</name>
         <load_address>0xc44</load_address>
         <run_address>0xc44</run_address>
         <size>0xee</size>
         <input_file_ref idref="fl-17"/>
      </object_component>
      <object_component id="oc-ea">
         <name>.debug_abbrev</name>
         <load_address>0xd32</load_address>
         <run_address>0xd32</run_address>
         <size>0x2c</size>
         <input_file_ref idref="fl-18"/>
      </object_component>
      <object_component id="oc-ee">
         <name>.debug_abbrev</name>
         <load_address>0xd5e</load_address>
         <run_address>0xd5e</run_address>
         <size>0x2c</size>
         <input_file_ref idref="fl-19"/>
      </object_component>
      <object_component id="oc-f2">
         <name>.debug_abbrev</name>
         <load_address>0xd8a</load_address>
         <run_address>0xd8a</run_address>
         <size>0x2c</size>
         <input_file_ref idref="fl-1a"/>
      </object_component>
      <object_component id="oc-f6">
         <name>.debug_abbrev</name>
         <load_address>0xdb6</load_address>
         <run_address>0xdb6</run_address>
         <size>0x2c</size>
         <input_file_ref idref="fl-1b"/>
      </object_component>
      <object_component id="oc-fa">
         <name>.debug_abbrev</name>
         <load_address>0xde2</load_address>
         <run_address>0xde2</run_address>
         <size>0x2c</size>
         <input_file_ref idref="fl-1c"/>
      </object_component>
      <object_component id="oc-ff">
         <name>.debug_abbrev</name>
         <load_address>0xe0e</load_address>
         <run_address>0xe0e</run_address>
         <size>0xaf</size>
         <input_file_ref idref="fl-1e"/>
      </object_component>
      <object_component id="oc-1b1">
         <name>.debug_abbrev</name>
         <load_address>0xebd</load_address>
         <run_address>0xebd</run_address>
         <size>0xf</size>
      </object_component>
      <object_component id="oc-59">
         <name>.debug_aranges</name>
         <load_address>0x0</load_address>
         <run_address>0x0</run_address>
         <size>0x20</size>
         <input_file_ref idref="fl-5"/>
      </object_component>
      <object_component id="oc-5e">
         <name>.debug_aranges</name>
         <load_address>0x20</load_address>
         <run_address>0x20</run_address>
         <size>0x30</size>
         <input_file_ref idref="fl-6"/>
      </object_component>
      <object_component id="oc-9e">
         <name>.debug_aranges</name>
         <load_address>0x50</load_address>
         <run_address>0x50</run_address>
         <size>0x20</size>
         <input_file_ref idref="fl-8"/>
      </object_component>
      <object_component id="oc-a4">
         <name>.debug_aranges</name>
         <load_address>0x70</load_address>
         <run_address>0x70</run_address>
         <size>0x58</size>
         <input_file_ref idref="fl-9"/>
      </object_component>
      <object_component id="oc-ac">
         <name>.debug_aranges</name>
         <load_address>0xc8</load_address>
         <run_address>0xc8</run_address>
         <size>0x90</size>
         <input_file_ref idref="fl-a"/>
      </object_component>
      <object_component id="oc-bb">
         <name>.debug_aranges</name>
         <load_address>0x158</load_address>
         <run_address>0x158</run_address>
         <size>0xd8</size>
         <input_file_ref idref="fl-b"/>
      </object_component>
      <object_component id="oc-c1">
         <name>.debug_aranges</name>
         <load_address>0x230</load_address>
         <run_address>0x230</run_address>
         <size>0x20</size>
         <input_file_ref idref="fl-e"/>
      </object_component>
      <object_component id="oc-c6">
         <name>.debug_aranges</name>
         <load_address>0x250</load_address>
         <run_address>0x250</run_address>
         <size>0x20</size>
         <input_file_ref idref="fl-11"/>
      </object_component>
      <object_component id="oc-cb">
         <name>.debug_aranges</name>
         <load_address>0x270</load_address>
         <run_address>0x270</run_address>
         <size>0x20</size>
         <input_file_ref idref="fl-12"/>
      </object_component>
      <object_component id="oc-d0">
         <name>.debug_aranges</name>
         <load_address>0x290</load_address>
         <run_address>0x290</run_address>
         <size>0x20</size>
         <input_file_ref idref="fl-13"/>
      </object_component>
      <object_component id="oc-d5">
         <name>.debug_aranges</name>
         <load_address>0x2b0</load_address>
         <run_address>0x2b0</run_address>
         <size>0x20</size>
         <input_file_ref idref="fl-14"/>
      </object_component>
      <object_component id="oc-dc">
         <name>.debug_aranges</name>
         <load_address>0x2d0</load_address>
         <run_address>0x2d0</run_address>
         <size>0x28</size>
         <input_file_ref idref="fl-15"/>
      </object_component>
      <object_component id="oc-e1">
         <name>.debug_aranges</name>
         <load_address>0x2f8</load_address>
         <run_address>0x2f8</run_address>
         <size>0x30</size>
         <input_file_ref idref="fl-16"/>
      </object_component>
      <object_component id="oc-e6">
         <name>.debug_aranges</name>
         <load_address>0x328</load_address>
         <run_address>0x328</run_address>
         <size>0x20</size>
         <input_file_ref idref="fl-17"/>
      </object_component>
      <object_component id="oc-100">
         <name>.debug_aranges</name>
         <load_address>0x348</load_address>
         <run_address>0x348</run_address>
         <size>0x20</size>
         <input_file_ref idref="fl-1e"/>
      </object_component>
      <object_component id="oc-5b">
         <name>.debug_frame</name>
         <load_address>0x0</load_address>
         <run_address>0x0</run_address>
         <size>0x7c</size>
         <input_file_ref idref="fl-6"/>
      </object_component>
      <object_component id="oc-a1">
         <name>.debug_frame</name>
         <load_address>0x7c</load_address>
         <run_address>0x7c</run_address>
         <size>0xfc</size>
         <input_file_ref idref="fl-9"/>
      </object_component>
      <object_component id="oc-a9">
         <name>.debug_frame</name>
         <load_address>0x178</load_address>
         <run_address>0x178</run_address>
         <size>0x27c</size>
         <input_file_ref idref="fl-a"/>
      </object_component>
      <object_component id="oc-b8">
         <name>.debug_frame</name>
         <load_address>0x3f4</load_address>
         <run_address>0x3f4</run_address>
         <size>0x344</size>
         <input_file_ref idref="fl-b"/>
      </object_component>
      <object_component id="oc-c3">
         <name>.debug_frame</name>
         <load_address>0x738</load_address>
         <run_address>0x738</run_address>
         <size>0x60</size>
         <input_file_ref idref="fl-11"/>
      </object_component>
      <object_component id="oc-c8">
         <name>.debug_frame</name>
         <load_address>0x798</load_address>
         <run_address>0x798</run_address>
         <size>0x40</size>
         <input_file_ref idref="fl-12"/>
      </object_component>
      <object_component id="oc-cd">
         <name>.debug_frame</name>
         <load_address>0x7d8</load_address>
         <run_address>0x7d8</run_address>
         <size>0x40</size>
         <input_file_ref idref="fl-13"/>
      </object_component>
      <object_component id="oc-d2">
         <name>.debug_frame</name>
         <load_address>0x818</load_address>
         <run_address>0x818</run_address>
         <size>0x40</size>
         <input_file_ref idref="fl-14"/>
      </object_component>
      <object_component id="oc-d9">
         <name>.debug_frame</name>
         <load_address>0x858</load_address>
         <run_address>0x858</run_address>
         <size>0x60</size>
         <input_file_ref idref="fl-15"/>
      </object_component>
      <object_component id="oc-de">
         <name>.debug_frame</name>
         <load_address>0x8b8</load_address>
         <run_address>0x8b8</run_address>
         <size>0x70</size>
         <input_file_ref idref="fl-16"/>
      </object_component>
      <object_component id="oc-e3">
         <name>.debug_frame</name>
         <load_address>0x928</load_address>
         <run_address>0x928</run_address>
         <size>0x40</size>
         <input_file_ref idref="fl-17"/>
      </object_component>
      <object_component id="oc-fd">
         <name>.debug_frame</name>
         <load_address>0x968</load_address>
         <run_address>0x968</run_address>
         <size>0x40</size>
         <input_file_ref idref="fl-1e"/>
      </object_component>
      <object_component id="oc-13d">
         <name>ramfuncs</name>
         <load_address>0x8000</load_address>
         <run_address>0x8000</run_address>
         <size>0x1b</size>
         <input_file_ref idref="fl-9"/>
      </object_component>
      <object_component id="oc-9a">
         <name>ramfuncs</name>
         <load_address>0x801b</load_address>
         <run_address>0x801b</run_address>
         <size>0x4</size>
         <input_file_ref idref="fl-8"/>
      </object_component>
   </object_component_list>
   <logical_group_list>
      <logical_group id="lg-2" display="no" color="cyan">
         <name>.cinit</name>
         <load_address>0x3f6b3b</load_address>
         <run_address>0x3f6b3b</run_address>
         <size>0x7cb</size>
         <contents>
            <object_component_ref idref="oc-a6"/>
            <object_component_ref idref="oc-12f"/>
            <object_component_ref idref="oc-b6"/>
            <object_component_ref idref="oc-121"/>
            <object_component_ref idref="oc-b5"/>
            <object_component_ref idref="oc-133"/>
            <object_component_ref idref="oc-b7"/>
            <object_component_ref idref="oc-b3"/>
            <object_component_ref idref="oc-14d"/>
            <object_component_ref idref="oc-b4"/>
            <object_component_ref idref="oc-14f"/>
            <object_component_ref idref="oc-b2"/>
            <object_component_ref idref="oc-140"/>
            <object_component_ref idref="oc-107"/>
            <object_component_ref idref="oc-13a"/>
            <object_component_ref idref="oc-138"/>
            <object_component_ref idref="oc-ae"/>
            <object_component_ref idref="oc-10f"/>
            <object_component_ref idref="oc-149"/>
            <object_component_ref idref="oc-14b"/>
            <object_component_ref idref="oc-147"/>
            <object_component_ref idref="oc-10d"/>
            <object_component_ref idref="oc-10b"/>
            <object_component_ref idref="oc-d7"/>
            <object_component_ref idref="oc-112"/>
            <object_component_ref idref="oc-12b"/>
            <object_component_ref idref="oc-129"/>
            <object_component_ref idref="oc-11e"/>
            <object_component_ref idref="oc-127"/>
            <object_component_ref idref="oc-11b"/>
            <object_component_ref idref="oc-145"/>
         </contents>
      </logical_group>
      <logical_group id="lg-3" display="no" color="cyan">
         <name>.pinit</name>
         <run_address>0x0</run_address>
         <size>0x0</size>
         <contents>
         </contents>
      </logical_group>
      <logical_group id="lg-4" display="no" color="cyan">
         <name>.text</name>
         <load_address>0x3f4000</load_address>
         <run_address>0x3f4000</run_address>
         <size>0x1fef</size>
         <contents>
            <object_component_ref idref="oc-a8"/>
            <object_component_ref idref="oc-119"/>
            <object_component_ref idref="oc-10e"/>
            <object_component_ref idref="oc-13c"/>
            <object_component_ref idref="oc-b0"/>
            <object_component_ref idref="oc-13e"/>
            <object_component_ref idref="oc-53"/>
            <object_component_ref idref="oc-f7"/>
            <object_component_ref idref="oc-54"/>
            <object_component_ref idref="oc-f3"/>
            <object_component_ref idref="oc-eb"/>
            <object_component_ref idref="oc-105"/>
            <object_component_ref idref="oc-102"/>
            <object_component_ref idref="oc-e7"/>
            <object_component_ref idref="oc-118"/>
            <object_component_ref idref="oc-ef"/>
            <object_component_ref idref="oc-11f"/>
            <object_component_ref idref="oc-104"/>
            <object_component_ref idref="oc-a0"/>
            <object_component_ref idref="oc-144"/>
            <object_component_ref idref="oc-101"/>
            <object_component_ref idref="oc-103"/>
         </contents>
      </logical_group>
      <logical_group id="lg-5" display="no" color="cyan">
         <name>codestart</name>
         <run_address>0x0</run_address>
         <size>0x0</size>
         <contents>
         </contents>
      </logical_group>
      <logical_group id="lg-6" display="no" color="cyan">
         <name>.TI.ramfunc</name>
         <run_address>0x8000</run_address>
         <size>0x0</size>
         <contents>
         </contents>
      </logical_group>
      <logical_group id="lg-7" display="no" color="cyan">
         <name>csmpasswds</name>
         <run_address>0x0</run_address>
         <size>0x0</size>
         <contents>
         </contents>
      </logical_group>
      <logical_group id="lg-8" display="no" color="cyan">
         <name>csm_rsvd</name>
         <run_address>0x0</run_address>
         <size>0x0</size>
         <contents>
         </contents>
      </logical_group>
      <logical_group id="lg-9" display="no" color="cyan">
         <name>.stack</name>
         <run_address>0x50</run_address>
         <size>0x380</size>
         <contents>
            <object_component_ref idref="oc-bc"/>
            <object_component_ref idref="oc-1af"/>
         </contents>
      </logical_group>
      <logical_group id="lg-a" display="no" color="cyan">
         <name>.ebss</name>
         <run_address>0xa000</run_address>
         <size>0x70f</size>
         <contents>
            <object_component_ref idref="oc-a7"/>
            <object_component_ref idref="oc-141"/>
            <object_component_ref idref="oc-142"/>
            <object_component_ref idref="oc-143"/>
            <object_component_ref idref="oc-108"/>
            <object_component_ref idref="oc-af"/>
            <object_component_ref idref="oc-126"/>
            <object_component_ref idref="oc-11d"/>
            <object_component_ref idref="oc-125"/>
            <object_component_ref idref="oc-128"/>
            <object_component_ref idref="oc-12a"/>
            <object_component_ref idref="oc-10a"/>
            <object_component_ref idref="oc-10c"/>
            <object_component_ref idref="oc-13b"/>
            <object_component_ref idref="oc-109"/>
            <object_component_ref idref="oc-146"/>
            <object_component_ref idref="oc-148"/>
            <object_component_ref idref="oc-14a"/>
            <object_component_ref idref="oc-110"/>
            <object_component_ref idref="oc-137"/>
            <object_component_ref idref="oc-106"/>
            <object_component_ref idref="oc-139"/>
            <object_component_ref idref="oc-111"/>
            <object_component_ref idref="oc-13f"/>
            <object_component_ref idref="oc-113"/>
            <object_component_ref idref="oc-114"/>
            <object_component_ref idref="oc-14c"/>
            <object_component_ref idref="oc-14e"/>
            <object_component_ref idref="oc-116"/>
            <object_component_ref idref="oc-115"/>
            <object_component_ref idref="oc-117"/>
            <object_component_ref idref="oc-120"/>
            <object_component_ref idref="oc-132"/>
            <object_component_ref idref="oc-12e"/>
            <object_component_ref idref="oc-d8"/>
            <object_component_ref idref="oc-11a"/>
            <object_component_ref idref="oc-150"/>
         </contents>
      </logical_group>
      <logical_group id="lg-b" display="no" color="cyan">
         <name>.esysmem</name>
         <run_address>0x0</run_address>
         <size>0x0</size>
         <contents>
         </contents>
      </logical_group>
      <logical_group id="lg-c" display="no" color="cyan">
         <name>.econst</name>
         <load_address>0x3f5ff0</load_address>
         <run_address>0x3f5ff0</run_address>
         <size>0xb4b</size>
         <contents>
            <object_component_ref idref="oc-b1"/>
            <object_component_ref idref="oc-122"/>
            <object_component_ref idref="oc-123"/>
            <object_component_ref idref="oc-124"/>
            <object_component_ref idref="oc-12c"/>
            <object_component_ref idref="oc-134"/>
            <object_component_ref idref="oc-11c"/>
            <object_component_ref idref="oc-136"/>
            <object_component_ref idref="oc-12d"/>
            <object_component_ref idref="oc-130"/>
            <object_component_ref idref="oc-131"/>
            <object_component_ref idref="oc-135"/>
         </contents>
      </logical_group>
      <logical_group id="lg-d" display="no" color="cyan">
         <name>.switch</name>
         <run_address>0x0</run_address>
         <size>0x0</size>
         <contents>
         </contents>
      </logical_group>
      <logical_group id="lg-e" display="no" color="cyan">
         <name>IQmath</name>
         <run_address>0x0</run_address>
         <size>0x0</size>
         <contents>
         </contents>
      </logical_group>
      <logical_group id="lg-f" display="no" color="cyan">
         <name>IQmathTables</name>
         <run_address>0x0</run_address>
         <size>0x0</size>
         <contents>
         </contents>
      </logical_group>
      <logical_group id="lg-10" display="no" color="cyan">
         <name>FPUmathTables</name>
         <load_address>0x3fd590</load_address>
         <run_address>0x3fd590</run_address>
         <size>0x6a0</size>
         <contents>
            <object_component_ref idref="oc-fb"/>
         </contents>
      </logical_group>
      <logical_group id="lg-11" display="no" color="cyan">
         <name>DMARAML5</name>
         <run_address>0x0</run_address>
         <size>0x0</size>
         <contents>
         </contents>
      </logical_group>
[...]
      </symbol>
      <symbol id="sm-33c">
         <name>_A2</name>
         <value>0x3f55b6</value>
         <object_component_ref idref="oc-119"/>
      </symbol>
      <symbol id="sm-33d">
         <name>_A1</name>
         <value>0x3f54ac</value>
         <object_component_ref idref="oc-119"/>
      </symbol>
      <symbol id="sm-33e">
         <name>_A0</name>
         <value>0x3f5467</value>
         <object_component_ref idref="oc-119"/>
      </symbol>
      <symbol id="sm-33f">
         <name>_read_drv_status</name>
         <value>0xa01c</value>
         <object_component_ref idref="oc-a7"/>
      </symbol>
      <symbol id="sm-340">
         <name>_DRV8301_cntrl_reg1</name>
         <value>0xa01a</value>
         <object_component_ref idref="oc-a7"/>
      </symbol>
      <symbol id="sm-341">
         <name>_DRV8301_cntrl_reg2</name>
         <value>0xa01b</value>
         <object_component_ref idref="oc-a7"/>
      </symbol>
      <symbol id="sm-342">
         <name>_Sector</name>
         <value>0xa000</value>
         <object_component_ref idref="oc-a7"/>
      </symbol>
      <symbol id="sm-343">
         <name>_EMF_speed_hat_old</name>
         <value>0xa090</value>
         <object_component_ref idref="oc-a7"/>
      </symbol>
      <symbol id="sm-344">
         <name>_BackTicker</name>
         <value>0xa01e</value>
         <object_component_ref idref="oc-a7"/>
      </symbol>
      <symbol id="sm-345">
         <name>_pid1_EMF_pll</name>
         <value>0xa280</value>
         <object_component_ref idref="oc-a7"/>
      </symbol>
      <symbol id="sm-346">
         <name>_index</name>
         <value>0xa002</value>
         <object_component_ref idref="oc-a7"/>
      </symbol>
      <symbol id="sm-347">
         <name>_EMF_filter</name>
         <value>0xa0cc</value>
         <object_component_ref idref="oc-a7"/>
      </symbol>
      <symbol id="sm-348">
         <name>_EMF_theta_hat</name>
         <value>0xa088</value>
         <object_component_ref idref="oc-a7"/>
      </symbol>
      <symbol id="sm-349">
         <name>_T_PU</name>
         <value>0xa092</value>
         <object_component_ref idref="oc-a7"/>
      </symbol>
      <symbol id="sm-34a">
         <name>_EnableFlag</name>
         <value>0xa025</value>
         <object_component_ref idref="oc-a7"/>
      </symbol>
      <symbol id="sm-34b">
         <name>_Hall_speed_integral</name>
         <value>0xa0ae</value>
         <object_component_ref idref="oc-a7"/>
      </symbol>
      <symbol id="sm-34c">
         <name>_lsw</name>
         <value>0xa01f</value>
         <object_component_ref idref="oc-a7"/>
      </symbol>
      <symbol id="sm-34d">
         <name>_Temp1</name>
         <value>0xa048</value>
         <object_component_ref idref="oc-a7"/>
      </symbol>
      <symbol id="sm-34e">
         <name>_FaultEmulationSignal</name>
         <value>0xa00f</value>
         <object_component_ref idref="oc-a7"/>
      </symbol>
      <symbol id="sm-34f">
         <name>_MPeriod</name>
         <value>0xa001</value>
         <object_component_ref idref="oc-a7"/>
      </symbol>
      <symbol id="sm-350">
         <name>_ipark1</name>
         <value>0xa11a</value>
         <object_component_ref idref="oc-a7"/>
      </symbol>
      <symbol id="sm-351">
         <name>_speed_hat</name>
         <value>0xa084</value>
         <object_component_ref idref="oc-a7"/>
      </symbol>
      <symbol id="sm-352">
         <name>_SpeedLoopPrescaler</name>
         <value>0xa028</value>
         <object_component_ref idref="oc-a7"/>
      </symbol>
      <symbol id="sm-353">
         <name>_pid1_iq</name>
         <value>0xa200</value>
         <object_component_ref idref="oc-a7"/>
      </symbol>
      <symbol id="sm-354">
         <name>_HallFilteredAlpha</name>
         <value>0xa09e</value>
         <object_component_ref idref="oc-a7"/>
      </symbol>
      <symbol id="sm-355">
         <name>_pid1_id</name>
         <value>0xa1d6</value>
         <object_component_ref idref="oc-a7"/>
      </symbol>
      <symbol id="sm-356">
         <name>_CtrlType</name>
         <value>0xa008</value>
         <object_component_ref idref="oc-a7"/>
      </symbol>
      <symbol id="sm-357">
         <name>_park1</name>
         <value>0xa10c</value>
         <object_component_ref idref="oc-a7"/>
      </symbol>
      <symbol id="sm-358">
         <name>_speed_hat_old</name>
         <value>0xa082</value>
         <object_component_ref idref="oc-a7"/>
      </symbol>
      <symbol id="sm-359">
         <name>_cal_filt_gain</name>
         <value>0xa070</value>
         <object_component_ref idref="oc-a7"/>
      </symbol>
      <symbol id="sm-35a">
         <name>_SerialCommsTimer</name>
         <value>0xa01d</value>
         <object_component_ref idref="oc-a7"/>
      </symbol>
      <symbol id="sm-35b">
         <name>_VirtualTimer</name>
         <value>0xa02c</value>
         <object_component_ref idref="oc-a7"/>
      </symbol>
      <symbol id="sm-35c">
         <name>_HallStateFault</name>
         <value>0xa00b</value>
         <object_component_ref idref="oc-a7"/>
      </symbol>
      <symbol id="sm-35d">
         <name>_FaultEmulationSignal_Accepted_transformation2</name>
         <value>0xa032</value>
         <object_component_ref idref="oc-a7"/>
      </symbol>
      <symbol id="sm-35e">
         <name>_FaultEmulationSignal_Accepted_transformation1</name>
         <value>0xa031</value>
         <object_component_ref idref="oc-a7"/>
      </symbol>
      <symbol id="sm-35f">
         <name>_FaultEmulationIndex</name>
         <value>0xa014</value>
         <object_component_ref idref="oc-a7"/>
      </symbol>
      <symbol id="sm-360">
         <name>_SamplingPeriod</name>
         <value>0xa0ba</value>
         <object_component_ref idref="oc-a7"/>
      </symbol>
      <symbol id="sm-361">
         <name>_HallEMFTheta</name>
         <value>0xa098</value>
         <object_component_ref idref="oc-a7"/>
      </symbol>
      <symbol id="sm-362">
         <name>_Hall_filter_control</name>
         <value>0xa0b2</value>
         <object_component_ref idref="oc-a7"/>
      </symbol>
      <symbol id="sm-363">
         <name>_i</name>
         <value>0xa006</value>
         <object_component_ref idref="oc-a7"/>
      </symbol>
      <symbol id="sm-364">
         <name>_T</name>
         <value>0xa072</value>
         <object_component_ref idref="oc-a7"/>
      </symbol>
      <symbol id="sm-365">
         <name>_H</name>
         <value>0xa0bc</value>
         <object_component_ref idref="oc-a7"/>
      </symbol>
      <symbol id="sm-366">
         <name>_SpeedTicker</name>
         <value>0xa094</value>
         <object_component_ref idref="oc-a7"/>
      </symbol>
      <symbol id="sm-367">
         <name>_parkI_es</name>
         <value>0xa140</value>
         <object_component_ref idref="oc-a7"/>
      </symbol>
      <symbol id="sm-368">
         <name>_TmpData</name>
         <value>0xa378</value>
         <object_component_ref idref="oc-108"/>
      </symbol>
      <symbol id="sm-369">
         <name>_prevState</name>
         <value>0xa02b</value>
         <object_component_ref idref="oc-a7"/>
      </symbol>
      <symbol id="sm-36a">
         <name>_Hall_thata_hat_offset</name>
         <value>0xa0a6</value>
         <object_component_ref idref="oc-a7"/>
      </symbol>
      <symbol id="sm-36b">
         <name>_Hall_filter</name>
         <value>0xa0d4</value>
         <object_component_ref idref="oc-a7"/>
      </symbol>
      <symbol id="sm-36c">
         <name>_Fault_Buffer1</name>
         <value>0xa010</value>
         <object_component_ref idref="oc-a7"/>
      </symbol>
      <symbol id="sm-36d">
         <name>_Fault_Buffer2</name>
         <value>0xa011</value>
         <object_component_ref idref="oc-a7"/>
      </symbol>
      <symbol id="sm-514">
         <name>_Page1_Var</name>
         <value>0xa3c4</value>
         <object_component_ref idref="oc-14c"/>
      </symbol>
      <symbol id="sm-515">
         <name>_Scib_Setting</name>
         <value>0x3f5a7b</value>
         <object_component_ref idref="oc-10e"/>
      </symbol>
      <symbol id="sm-516">
         <name>_AckNodeBitText</name>
         <value>0x3f59cc</value>
         <object_component_ref idref="oc-10e"/>
      </symbol>
      <symbol id="sm-517">
         <name>_scibRxFifoIsr</name>
         <value>0x3f5ca5</value>
         <object_component_ref idref="oc-b0"/>
      </symbol>
      <symbol id="sm-518">
         <name>_SCI_write</name>
         <value>0x3f562f</value>
         <object_component_ref idref="oc-10e"/>
      </symbol>
      <symbol id="sm-519">
         <name>_rxb_length</name>
         <value>0xa575</value>
         <object_component_ref idref="oc-af"/>
      </symbol>
      <symbol id="sm-51a">
         <name>_rxb_index</name>
         <value>0xa576</value>
         <object_component_ref idref="oc-af"/>
      </symbol>
      <symbol id="sm-51b">
         <name>_AckDmaDone</name>
         <value>0x3f56de</value>
         <object_component_ref idref="oc-10e"/>
      </symbol>
      <symbol id="sm-51c">
         <name>_Page0_Var</name>
         <value>0xa5c4</value>
         <object_component_ref idref="oc-13f"/>
      </symbol>
      <symbol id="sm-51d">
         <name>_AckPageVariableState</name>
         <value>0x3f580e</value>
         <object_component_ref idref="oc-10e"/>
      </symbol>
      <symbol id="sm-51e">
         <name>_deviceOpen</name>
         <value>0xa572</value>
         <object_component_ref idref="oc-af"/>
      </symbol>
      <symbol id="sm-51f">
         <name>_Node_DeactiveCount</name>
         <value>0xa640</value>
         <object_component_ref idref="oc-139"/>
      </symbol>
      <symbol id="sm-520">
         <name>_Para_Index_Var</name>
         <value>0xa300</value>
         <object_component_ref idref="oc-12e"/>
      </symbol>
      <symbol id="sm-521">
         <name>_ClearScibData</name>
         <value>0x3f55ec</value>
         <object_component_ref idref="oc-10e"/>
      </symbol>
      <symbol id="sm-522">
         <name>_Node_ActiveCount</name>
         <value>0xa600</value>
         <object_component_ref idref="oc-106"/>
      </symbol>
      <symbol id="sm-523">
         <name>_Page2_Var</name>
         <value>0xa4c4</value>
         <object_component_ref idref="oc-14e"/>
      </symbol>
      <symbol id="sm-524">
         <name>_Node_Status</name>
         <value>0xa680</value>
         <object_component_ref idref="oc-137"/>
      </symbol>
      <symbol id="sm-525">
         <name>_testsize</name>
         <value>0xa578</value>
         <object_component_ref idref="oc-af"/>
      </symbol>
      <symbol id="sm-526">
         <name>_switch_ackfunction</name>
         <value>0xa622</value>
         <object_component_ref idref="oc-110"/>
      </symbol>
      <symbol id="sm-527">
         <name>_test</name>
         <value>0xa57c</value>
         <object_component_ref idref="oc-af"/>
      </symbol>
      <symbol id="sm-528">
         <name>_AckIndexDone</name>
         <value>0x3f56c5</value>
         <object_component_ref idref="oc-10e"/>
      </symbol>
      <symbol id="sm-529">
         <name>_AckWriteParameter</name>
         <value>0x3f58a6</value>
         <object_component_ref idref="oc-10e"/>
      </symbol>
      <symbol id="sm-52a">
         <name>_Cmd_Index_Var</name>
         <value>0xa500</value>
         <object_component_ref idref="oc-132"/>
      </symbol>
      <symbol id="sm-52b">
         <name>_error</name>
         <value>0x3f55ea</value>
         <object_component_ref idref="oc-10e"/>
      </symbol>
      <symbol id="sm-52c">
         <name>_Page_Var</name>
         <value>0xa476</value>
         <object_component_ref idref="oc-12a"/>
      </symbol>
      <symbol id="sm-52d">
         <name>_AckRequest</name>
         <value>0x3f5970</value>
         <object_component_ref idref="oc-10e"/>
      </symbol>
      <symbol id="sm-52e">
         <name>_SCIB_read</name>
         <value>0x3f5618</value>
         <object_component_ref idref="oc-10e"/>
      </symbol>
      <symbol id="sm-52f">
         <name>_SCI_init</name>
         <value>0x3f5a49</value>
         <object_component_ref idref="oc-10e"/>
      </symbol>
      <symbol id="sm-530">
         <name>_SCIA_read</name>
         <value>0x3f5601</value>
         <object_component_ref idref="oc-10e"/>
      </symbol>
      <symbol id="sm-531">
         <name>_scibTxFifoIsr</name>
         <value>0x3f5c90</value>
         <object_component_ref idref="oc-b0"/>
      </symbol>
      <symbol id="sm-532">
         <name>_ResponsetoStopRollingData</name>
         <value>0x3f57a4</value>
         <object_component_ref idref="oc-10e"/>
      </symbol>
      <symbol id="sm-533">
         <name>_AckPageStrings</name>
         <value>0x3f57b6</value>
         <object_component_ref idref="oc-10e"/>
      </symbol>
      <symbol id="sm-534">
         <name>_Ch_Index_Var</name>
         <value>0xa400</value>
         <object_component_ref idref="oc-120"/>
      </symbol>
      <symbol id="sm-535">
         <name>_ResponseScopeCommand</name>
         <value>0x3f564f</value>
         <object_component_ref idref="oc-10e"/>
      </symbol>
      <symbol id="sm-536">
         <name>_RequsetPageStrings</name>
         <value>0x3f599b</value>
         <object_component_ref idref="oc-10e"/>
      </symbol>
      <symbol id="sm-537">
         <name>_sdataB</name>
         <value>0xa6d4</value>
         <object_component_ref idref="oc-13b"/>
      </symbol>
      <symbol id="sm-538">
         <name>_rdataB</name>
         <value>0xa6c0</value>
         <object_component_ref idref="oc-109"/>
      </symbol>
      <symbol id="sm-539">
         <name>_ResponseRollingScope</name>
         <value>0x3f5728</value>
         <object_component_ref idref="oc-10e"/>
      </symbol>
      <symbol id="sm-53a">
         <name>_ResponseScopeStrings</name>
         <value>0x3f56f0</value>
         <object_component_ref idref="oc-10e"/>
      </symbol>
      <symbol id="sm-53b">
         <name>_rxb_finish</name>
         <value>0xa573</value>
         <object_component_ref idref="oc-af"/>
      </symbol>
      <symbol id="sm-53c">
         <name>_AckNodeBitState</name>
         <value>0x3f5a07</value>
         <object_component_ref idref="oc-10e"/>
      </symbol>
      <symbol id="sm-53d">
         <name>_AckReadBlockParameter</name>
         <value>0x3f590c</value>
         <object_component_ref idref="oc-10e"/>
      </symbol>
      <symbol id="sm-53e">
         <name>_Scib_GpioInit</name>
         <value>0x3f5a67</value>
         <object_component_ref idref="oc-10e"/>
      </symbol>
      <symbol id="sm-53f">
         <name>_rxb_count</name>
         <value>0xa574</value>
         <object_component_ref idref="oc-af"/>
      </symbol>
      <symbol id="sm-540">
         <name>_testsize1</name>
         <value>0xa57a</value>
         <object_component_ref idref="oc-af"/>
      </symbol>
      <symbol id="sm-55b">
         <name>_c_int00</name>
         <value>0x3f5db6</value>
         <object_component_ref idref="oc-53"/>
      </symbol>
      <symbol id="sm-55c">
         <name>__stack</name>
         <value>0x50</value>
         <object_component_ref idref="oc-bc"/>
      </symbol>
      <symbol id="sm-56b">
         <name>_copy_in</name>
         <value>0x3f5f37</value>
         <object_component_ref idref="oc-102"/>
      </symbol>
      <symbol id="sm-57c">
         <name>_memcpy</name>
         <value>0x3f5f7c</value>
         <object_component_ref idref="oc-118"/>
      </symbol>
      <symbol id="sm-588">
         <name>__system_pre_init</name>
         <value>0x3f5fec</value>
         <object_component_ref idref="oc-101"/>
      </symbol>
      <symbol id="sm-595">
         <name>__system_post_cinit</name>
         <value>0x3f5fee</value>
         <object_component_ref idref="oc-103"/>
      </symbol>
      <symbol id="sm-5a9">
         <name>C$$EXIT</name>
         <value>0x3f5f0e</value>
         <object_component_ref idref="oc-105"/>
      </symbol>
      <symbol id="sm-5aa">
         <name>_exit</name>
         <value>0x3f5f10</value>
         <object_component_ref idref="oc-105"/>
      </symbol>
      <symbol id="sm-5ab">
         <name>___TI_cleanup_ptr</name>
         <value>0xa5f4</value>
         <object_component_ref idref="oc-d8"/>
      </symbol>
      <symbol id="sm-5ac">
         <name>___TI_enable_exit_profile_output</name>
         <value>0xa5f2</value>
         <object_component_ref idref="oc-d8"/>
      </symbol>
      <symbol id="sm-5ad">
         <name>_abort</name>
         <value>0x3f5f0e</value>
         <object_component_ref idref="oc-105"/>
      </symbol>
      <symbol id="sm-5ae">
         <name>___TI_dtors_ptr</name>
         <value>0xa5f6</value>
         <object_component_ref idref="oc-d8"/>
      </symbol>
      <symbol id="sm-5c2">
         <name>__unlock</name>
         <value>0xa63e</value>
         <object_component_ref idref="oc-150"/>
      </symbol>
      <symbol id="sm-5c3">
         <name>__lock</name>
         <value>0xa57e</value>
         <object_component_ref idref="oc-11a"/>
      </symbol>
      <symbol id="sm-5c4">
         <name>__register_lock</name>
         <value>0x3f5fe7</value>
         <object_component_ref idref="oc-144"/>
      </symbol>
      <symbol id="sm-5c5">
         <name>__nop</name>
         <value>0x3f5feb</value>
         <object_component_ref idref="oc-144"/>
      </symbol>
      <symbol id="sm-5c6">
         <name>__register_unlock</name>
         <value>0x3f5fe3</value>
         <object_component_ref idref="oc-144"/>
      </symbol>
      <symbol id="sm-5d5">
         <name>__args_main</name>
         <value>0x3f5fc7</value>
         <object_component_ref idref="oc-104"/>
      </symbol>
      <symbol id="sm-5dd">
         <name>_sqrt</name>
         <value>0x3f5f5b</value>
         <object_component_ref idref="oc-e7"/>
      </symbol>
      <symbol id="sm-5e5">
         <name>_sin</name>
         <value>0x3f5eda</value>
         <object_component_ref idref="oc-eb"/>
      </symbol>
      <symbol id="sm-5ed">
         <name>FS$$DIV</name>
         <value>0x3f5f99</value>
         <object_component_ref idref="oc-ef"/>
      </symbol>
      <symbol id="sm-5f5">
         <name>_cos</name>
         <value>0x3f5ea6</value>
         <object_component_ref idref="oc-f3"/>
      </symbol>
      <symbol id="sm-5fd">
         <name>_atan2</name>
         <value>0x3f5e0c</value>
         <object_component_ref idref="oc-f7"/>
      </symbol>
      <symbol id="sm-605">
         <name>_FPUcosTableEnd</name>
         <value>0x3fda92</value>
         <object_component_ref idref="oc-fb"/>
      </symbol>
      <symbol id="sm-606">
         <name>_FPUatan2TableEnd</name>
         <value>0x3fdc1c</value>
         <object_component_ref idref="oc-fb"/>
      </symbol>
      <symbol id="sm-607">
         <name>_FPUatan2Table</name>
         <value>0x3fda96</value>
         <object_component_ref idref="oc-fb"/>
      </symbol>
      <symbol id="sm-608">
         <name>_FPUsinTable</name>
         <value>0x3fd590</value>
         <object_component_ref idref="oc-fb"/>
      </symbol>
      <symbol id="sm-609">
         <name>_FPUcosTable</name>
         <value>0x3fd690</value>
         <object_component_ref idref="oc-fb"/>
      </symbol>
      <symbol id="sm-60a">
         <name>_FPUatan2HalfPITable</name>
         <value>0x3fda92</value>
         <object_component_ref idref="oc-fb"/>
      </symbol>
      <symbol id="sm-60b">
         <name>_FPUsinTableEnd</name>
         <value>0x3fd990</value>
         <object_component_ref idref="oc-fb"/>
      </symbol>
      <symbol id="sm-61b">
         <name>_strncpy</name>
         <value>0x3f5fb2</value>
         <object_component_ref idref="oc-11f"/>
      </symbol>
   </symbol_table>
   <title>Link successful</title>
</link_info>
