******************************************************************************
             TMS320C2000 Linker PC v20.2.1                     
******************************************************************************
>> Linked Fri Sep 18 14:08:42 2020

OUTPUT FILE NAME:   <PM_Sensorless_DRV8301_F2806x.out>
ENTRY POINT SYMBOL: "_c_int00"  address: 003f5db6


MEMORY CONFIGURATION

         name            origin    length      used     unused   attr    fill
----------------------  --------  ---------  --------  --------  ----  --------
PAGE 0:
  RAML0                 00008000   00000800  0000001f  000007e1  RWIX
  RAML1                 00008800   00000400  00000000  00000400  RWIX
  OTP                   003d7800   00000400  00000000  00000400  RWIX
  FLASHH                003d8000   00004000  00000000  00004000  RWIX
  FLASHG                003dc000   00004000  00000000  00004000  RWIX
  FLASHF                003e0000   00004000  00000000  00004000  RWIX
  FLASHE                003e4000   00004000  00000000  00004000  RWIX
  FLASHD                003e8000   00004000  00000000  00004000  RWIX
  FLASHC                003ec000   00004000  00000000  00004000  RWIX
  FLASHA                003f4000   00003f80  00003305  00000c7b  RWIX
  CSM_RSVD              003f7f80   00000076  00000000  00000076  RWIX
  BEGIN                 003f7ff6   00000002  00000000  00000002  RWIX
  CSM_PWL_P0            003f7ff8   00000008  00000000  00000008  RWIX
  FPUTABLES             003fd590   000006a0  000006a0  00000000  RWIX
  IQTABLES              003fdc30   00000b50  00000000  00000b50  RWIX
  IQTABLES2             003fe780   0000008c  00000000  0000008c  RWIX
  IQTABLES3             003fe80c   000000aa  00000000  000000aa  RWIX
  ROM                   003ff3b0   00000c10  00000000  00000c10  RWIX
  RESET                 003fffc0   00000002  00000000  00000002  RWIX
  VECTORS               003fffc2   0000003e  00000000  0000003e  RWIX

PAGE 1:
  BOOT_RSVD             00000000   00000050  00000000  00000050  RWIX
  RAMM0                 00000050   000003b0  00000380  00000030  RWIX
  RAMM1                 00000400   00000400  00000320  000000e0  RWIX
  DEV_EMU               00000880   00000105  00000004  00000101  RWIX
  SYS_PWR_CTL           00000985   00000003  00000003  00000000  RWIX
  FLASH_REGS            00000a80   00000060  00000008  00000058  RWIX
  CSM                   00000ae0   00000020  00000010  00000010  RWIX
  ADC_RESULT            00000b00   00000020  00000010  00000010  RWIX
  CPU_TIMER0            00000c00   00000008  00000008  00000000  RWIX
  CPU_TIMER1            00000c08   00000008  00000008  00000000  RWIX
  CPU_TIMER2            00000c10   00000008  00000008  00000000  RWIX
  PIE_CTRL              00000ce0   00000020  0000001a  00000006  RWIX
  PIE_VECT              00000d00   00000100  00000100  00000000  RWIX
  DMA                   00001000   00000200  000000e0  00000120  RWIX
  CLA1                  00001400   00000080  00000040  00000040  RWIX
  USB0                  00004000   00001000  00000454  00000bac  RWIX
  McBSPA                00005000   00000040  00000024  0000001c  RWIX
  ECANA                 00006000   00000040  00000034  0000000c  RWIX
  ECANA_LAM             00006040   00000040  00000040  00000000  RWIX
  ECANA_MOTS            00006080   00000040  00000040  00000000  RWIX
  ECANA_MOTO            000060c0   00000040  00000040  00000000  RWIX
  ECANA_MBOX            00006100   00000100  00000100  00000000  RWIX
  COMP1                 00006400   00000020  00000007  00000019  RWIX
  COMP2                 00006420   00000020  00000007  00000019  RWIX
  COMP3                 00006440   00000020  00000007  00000019  RWIX
  EPWM1                 00006800   00000040  00000040  00000000  RWIX
  EPWM2                 00006840   00000040  00000040  00000000  RWIX
  EPWM3                 00006880   00000040  00000040  00000000  RWIX
  EPWM4                 000068c0   00000040  00000040  00000000  RWIX
  EPWM5                 00006900   00000040  00000040  00000000  RWIX
  EPWM6                 00006940   00000040  00000040  00000000  RWIX
  EPWM7                 00006980   00000040  00000040  00000000  RWIX
  EPWM8                 000069c0   00000040  00000040  00000000  RWIX
  ECAP1                 00006a00   00000020  00000020  00000000  RWIX
  ECAP2                 00006a20   00000020  00000020  00000000  RWIX
  ECAP3                 00006a40   00000020  00000020  00000000  RWIX
  HRCAP1                00006ac0   00000020  0000001f  00000001  RWIX
  HRCAP2                00006ae0   00000020  0000001f  00000001  RWIX
  EQEP1                 00006b00   00000040  00000022  0000001e  RWIX
  EQEP2                 00006b40   00000040  00000022  0000001e  RWIX
  HRCAP3                00006c80   00000020  0000001f  00000001  RWIX
  HRCAP4                00006ca0   00000020  0000001f  00000001  RWIX
  GPIOCTRL              00006f80   00000040  00000040  00000000  RWIX
  GPIODAT               00006fc0   00000020  00000020  00000000  RWIX
  GPIOINT               00006fe0   00000020  00000020  00000000  RWIX
  SYSTEM                00007010   00000030  00000030  00000000  RWIX
  SPIA                  00007040   00000010  00000010  00000000  RWIX
  SCIA                  00007050   00000010  00000010  00000000  RWIX
  NMIINTRUPT            00007060   00000010  00000010  00000000  RWIX
  XINTRUPT              00007070   00000010  00000010  00000000  RWIX
  ADC                   00007100   00000080  00000050  00000030  RWIX
  SPIB                  00007740   00000010  00000010  00000000  RWIX
  SCIB                  00007750   00000010  00000010  00000000  RWIX
  I2CA                  00007900   00000040  00000022  0000001e  RWIX
  RAML2                 00008c00   00000400  00000000  00000400  RWIX
  RAML3                 00009000   00001000  00000000  00001000  RWIX
  RAML4                 0000a000   00002000  0000070f  000018f1  RWIX
  RAML5                 0000c000   00002000  00000000  00002000  RWIX
  RAML6                 0000e000   00002000  00000000  00002000  RWIX
  RAML7                 00010000   00002000  00000000  00002000  RWIX
  RAML8                 00012000   00002000  00000000  00002000  RWIX
  USB_RAM               00040000   00000800  00000000  00000800  RWIX
  PARTID                003d7e80   00000001  00000001  00000000  RWIX
  FLASHB                003f0000   00004000  00000000  00004000  RWIX
  CSM_PWL               003f7ff8   00000008  00000008  00000000  RWIX


SECTION ALLOCATION MAP

 output                                  attributes/
section   page    origin      length       input sections
--------  ----  ----------  ----------   ----------------
.cinit     0    003f6b3b    000007cb     
                  003f6b3b    00000380     PM_Sensorless.obj (.cinit)
                  003f6ebb    00000049     F28069_sci_monitor.obj (.cinit:_Para_Index_Var)
                  003f6f04    00000047     F28069_sci_monitor.obj (.cinit:_Ch_Index_Str)
                  003f6f4b    00000047     F28069_sci_monitor.obj (.cinit:_Ch_Index_Var)
                  003f6f92    00000047     F28069_sci_monitor.obj (.cinit:_Cmd_Index_Str)
                  003f6fd9    00000047     F28069_sci_monitor.obj (.cinit:_Cmd_Index_Var)
                  003f7020    00000047     F28069_sci_monitor.obj (.cinit:_Node_Index_Str)
                  003f7067    00000035     F28069_sci_monitor.obj (.cinit:_Page1_Str)
                  003f709c    00000035     F28069_sci_monitor.obj (.cinit:_Page1_Var)
                  003f70d1    00000035     F28069_sci_monitor.obj (.cinit:_Page2_Str)
                  003f7106    00000035     F28069_sci_monitor.obj (.cinit:_Page2_Var)
                  003f713b    00000031     F28069_sci_monitor.obj (.cinit:_Page0_Str)
                  003f716c    00000031     F28069_sci_monitor.obj (.cinit:_Page0_Var)
                  003f719d    00000025     F28069_sci_monitor.obj (.cinit:_Node_ActiveCount)
                  003f71c2    00000025     F28069_sci_monitor.obj (.cinit:_Node_DeactiveCount)
                  003f71e7    00000025     F28069_sci_monitor.obj (.cinit:_Node_Status)
                  003f720c    00000023     F28069_sci_monitor.obj (.cinit)
                  003f722f    0000001f     F28069_sci_monitor.obj (.cinit:_switch_ackfunction)
                  003f724e    0000001c     F28069_sci_monitor.obj (.cinit:_Page1_VarType)
                  003f726a    0000001c     F28069_sci_monitor.obj (.cinit:_Page2_VarType)
                  003f7286    0000001a     F28069_sci_monitor.obj (.cinit:_Page0_VarType)
                  003f72a0    00000012     F28069_sci_monitor.obj (.cinit:_Sci_Bytes)
                  003f72b2    00000012     F28069_sci_monitor.obj (.cinit:_Sci_Headtable)
                  003f72c4    0000000e     rts2800_fpu32.lib : exit.c.obj (.cinit)
                  003f72d2    00000009     F28069_sci_monitor.obj (.cinit:_Page_Str)
                  003f72db    00000009     F28069_sci_monitor.obj (.cinit:_Page_Var)
                  003f72e4    00000009     F28069_sci_monitor.obj (.cinit:_Page_VarType)
                  003f72ed    00000007     F28069_sci_monitor.obj (.cinit:_Chx_Index)
                  003f72f4    00000006     F28069_sci_monitor.obj (.cinit:_Page_Size)
                  003f72fa    00000005     rts2800_fpu32.lib : _lock.c.obj (.cinit:__lock)
                  003f72ff    00000005                       : _lock.c.obj (.cinit:__unlock)
                  003f7304    00000002     --HOLE-- [fill = 0]

.pinit     0    003f4000    00000000     UNINITIALIZED

.text      0    003f4000    00001fef     
                  003f4000    00001042     PM_Sensorless.obj (.text:retain)
                  003f5042    000005a8     PM_Sensorless.obj (.text)
                  003f55ea    000004a8     F28069_sci_monitor.obj (.text)
                  003f5a92    000001fe     PM_Sensorless-DevInit_F2806x.obj (.text)
                  003f5c90    000000b5     F28069_sci_monitor.obj (.text:retain)
                  003f5d45    00000071     DRV8301_SPI.obj (.text)
                  003f5db6    00000056     rts2800_fpu32.lib : boot28.asm.obj (.text)
                  003f5e0c    0000004f     rts2800_fpu32_fast_supplement.lib : atan2_f32.obj (.text)
                  003f5e5b    0000004b     DLOG4CHC.obj (.text)
                  003f5ea6    00000034     rts2800_fpu32_fast_supplement.lib : cos_f32.obj (.text)
                  003f5eda    00000034                                       : sin_f32.obj (.text)
                  003f5f0e    00000029     rts2800_fpu32.lib : exit.c.obj (.text)
                  003f5f37    00000024                       : cpy_tbl.c.obj (.text)
                  003f5f5b    00000021     rts2800_fpu32_fast_supplement.lib : sqrt_f32.obj (.text)
                  003f5f7c    0000001d     rts2800_fpu32.lib : memcpy.c.obj (.text)
                  003f5f99    00000019     rts2800_fpu32_fast_supplement.lib : div_f32.obj (.text)
                  003f5fb2    00000015     rts2800_fpu32.lib : strncpy.c.obj (.text)
                  003f5fc7    00000012                       : args_main.c.obj (.text)
                  003f5fd9    0000000a     PM_Sensorless-DevInit_F2806x.obj (.text:retain)
                  003f5fe3    00000009     rts2800_fpu32.lib : _lock.c.obj (.text)
                  003f5fec    00000002                       : pre_init.c.obj (.text)
                  003f5fee    00000001                       : startup.c.obj (.text)

.TI.ramfunc 
*          0    00008000    00000000     UNINITIALIZED

.stack     1    00000050    00000380     UNINITIALIZED
                  00000050    00000380     --HOLE--

.ebss      1    0000a000    0000070f     UNINITIALIZED
                  0000a000    000002e8     PM_Sensorless.obj (.ebss)
                  0000a2e8    00000017     F28069_sci_monitor.obj (.ebss:_Page0_VarType)
                  0000a2ff    00000001     --HOLE--
                  0000a300    00000046     F28069_sci_monitor.obj (.ebss:_Para_Index_Var)
                  0000a346    00000032     F28069_sci_monitor.obj (.ebss:_Page1_Str)
                  0000a378    00000008     PM_Sensorless.obj (.ebss:_TmpData)
                  0000a380    00000044     F28069_sci_monitor.obj (.ebss:_Ch_Index_Str)
                  0000a3c4    00000032     F28069_sci_monitor.obj (.ebss:_Page1_Var)
                  0000a3f6    00000006     F28069_sci_monitor.obj (.ebss:_Page_Str)
                  0000a3fc    00000004     F28069_sci_monitor.obj (.ebss:_Chx_Index)
                  0000a400    00000044     F28069_sci_monitor.obj (.ebss:_Ch_Index_Var)
                  0000a444    00000032     F28069_sci_monitor.obj (.ebss:_Page2_Str)
                  0000a476    00000006     F28069_sci_monitor.obj (.ebss:_Page_Var)
                  0000a47c    00000004     PM_Sensorless.obj (.ebss:_VTimer0)
                  0000a480    00000044     F28069_sci_monitor.obj (.ebss:_Cmd_Index_Str)
                  0000a4c4    00000032     F28069_sci_monitor.obj (.ebss:_Page2_Var)
                  0000a4f6    00000006     F28069_sci_monitor.obj (.ebss:_Page_VarType)
                  0000a4fc    00000004     PM_Sensorless.obj (.ebss:_VTimer1)
                  0000a500    00000044     F28069_sci_monitor.obj (.ebss:_Cmd_Index_Var)
                  0000a544    0000002e     F28069_sci_monitor.obj (.ebss:_Page0_Str)
                  0000a572    0000000c     F28069_sci_monitor.obj (.ebss)
                  0000a57e    00000002     rts2800_fpu32.lib : _lock.c.obj (.ebss:__lock)
                  0000a580    00000044     F28069_sci_monitor.obj (.ebss:_Node_Index_Str)
                  0000a5c4    0000002e     F28069_sci_monitor.obj (.ebss:_Page0_Var)
                  0000a5f2    00000006     rts2800_fpu32.lib : exit.c.obj (.ebss)
                  0000a5f8    00000004     PM_Sensorless.obj (.ebss:_VTimer2)
                  0000a5fc    00000003     F28069_sci_monitor.obj (.ebss:_Page_Size)
                  0000a5ff    00000001     --HOLE--
                  0000a600    00000022     F28069_sci_monitor.obj (.ebss:_Node_ActiveCount)
                  0000a622    0000001c     F28069_sci_monitor.obj (.ebss:_switch_ackfunction)
                  0000a63e    00000002     rts2800_fpu32.lib : _lock.c.obj (.ebss:__unlock)
                  0000a640    00000022     F28069_sci_monitor.obj (.ebss:_Node_DeactiveCount)
                  0000a662    00000019     F28069_sci_monitor.obj (.ebss:_Page1_VarType)
                  0000a67b    00000005     --HOLE--
                  0000a680    00000022     F28069_sci_monitor.obj (.ebss:_Node_Status)
                  0000a6a2    00000019     F28069_sci_monitor.obj (.ebss:_Page2_VarType)
                  0000a6bb    00000005     --HOLE--
                  0000a6c0    00000014     F28069_sci_monitor.obj (.ebss:_rdataB)
                  0000a6d4    00000014     F28069_sci_monitor.obj (.ebss:_sdataB)
                  0000a6e8    0000000f     F28069_sci_monitor.obj (.ebss:_Sci_Bytes)
                  0000a6f7    00000009     --HOLE--
                  0000a700    0000000f     F28069_sci_monitor.obj (.ebss:_Sci_Headtable)

.econst    0    003f5ff0    00000b4b     
                  003f5ff0    00000b3b     F28069_sci_monitor.obj (.econst:.string)
                  003f6b2b    00000002     F28069_sci_monitor.obj (.econst:_$P$T1$2)
                  003f6b2d    00000002     F28069_sci_monitor.obj (.econst:_$P$T2$3)
                  003f6b2f    00000002     F28069_sci_monitor.obj (.econst:_$P$T3$4)
                  003f6b31    00000002     F28069_sci_monitor.obj (.econst:_$P$T4$5)
                  003f6b33    00000002     F28069_sci_monitor.obj (.econst:_$P$T8$9)
                  003f6b35    00000001     F28069_sci_monitor.obj (.econst:_$P$T0$1)
                  003f6b36    00000001     F28069_sci_monitor.obj (.econst:_$P$T10$11)
                  003f6b37    00000001     F28069_sci_monitor.obj (.econst:_$P$T5$6)
                  003f6b38    00000001     F28069_sci_monitor.obj (.econst:_$P$T6$7)
                  003f6b39    00000001     F28069_sci_monitor.obj (.econst:_$P$T7$8)
                  003f6b3a    00000001     F28069_sci_monitor.obj (.econst:_$P$T9$10)

FPUmathTables 
*          0    003fd590    000006a0     NOLOAD SECTION
                  003fd590    000006a0     rts2800_fpu32_fast_supplement.lib : FPUmathTables.obj (FPUmathTables)

.reset     0    003fffc0    00000002     DSECT
                  003fffc0    00000002     rts2800_fpu32.lib : boot28.asm.obj (.reset)

vectors    0    003fffc2    00000000     DSECT

DLOG       1    00000400    00000320     UNINITIALIZED
                  00000400    00000320     DLOG4CHC.obj (DLOG)

DevEmuRegsFile 
*          1    00000880    00000004     UNINITIALIZED
                  00000880    00000004     F2806x_GlobalVariableDefs.obj (DevEmuRegsFile)

SysPwrCtrlRegsFile 
*          1    00000985    00000003     UNINITIALIZED
                  00000985    00000003     F2806x_GlobalVariableDefs.obj (SysPwrCtrlRegsFile)

FlashRegsFile 
*          1    00000a80    00000008     UNINITIALIZED
                  00000a80    00000008     F2806x_GlobalVariableDefs.obj (FlashRegsFile)

CsmRegsFile 
*          1    00000ae0    00000010     UNINITIALIZED
                  00000ae0    00000010     F2806x_GlobalVariableDefs.obj (CsmRegsFile)

AdcResultFile 
*          1    00000b00    00000010     UNINITIALIZED
                  00000b00    00000010     F2806x_GlobalVariableDefs.obj (AdcResultFile)

CpuTimer0RegsFile 
*          1    00000c00    00000008     UNINITIALIZED
                  00000c00    00000008     F2806x_GlobalVariableDefs.obj (CpuTimer0RegsFile)

CpuTimer1RegsFile 
*          1    00000c08    00000008     UNINITIALIZED
                  00000c08    00000008     F2806x_GlobalVariableDefs.obj (CpuTimer1RegsFile)

CpuTimer2RegsFile 
*          1    00000c10    00000008     UNINITIALIZED
                  00000c10    00000008     F2806x_GlobalVariableDefs.obj (CpuTimer2RegsFile)

PieCtrlRegsFile 
*          1    00000ce0    0000001a     UNINITIALIZED
                  00000ce0    0000001a     F2806x_GlobalVariableDefs.obj (PieCtrlRegsFile)

PieVectTableFile 
*          1    00000d00    00000100     UNINITIALIZED
                  00000d00    00000100     F2806x_GlobalVariableDefs.obj (PieVectTableFile)

EmuKeyVar 
*          1    00000d00    00000001     UNINITIALIZED
                  00000d00    00000001     F2806x_GlobalVariableDefs.obj (EmuKeyVar)

EmuBModeVar 
*          1    00000d01    00000001     UNINITIALIZED
                  00000d01    00000001     F2806x_GlobalVariableDefs.obj (EmuBModeVar)

FlashCallbackVar 
*          1    00000d02    00000002     UNINITIALIZED
                  00000d02    00000002     F2806x_GlobalVariableDefs.obj (FlashCallbackVar)

FlashScalingVar 
*          1    00000d04    00000002     UNINITIALIZED
                  00000d04    00000002     F2806x_GlobalVariableDefs.obj (FlashScalingVar)

DmaRegsFile 
*          1    00001000    000000e0     UNINITIALIZED
                  00001000    000000e0     F2806x_GlobalVariableDefs.obj (DmaRegsFile)

Cla1RegsFile 
*          1    00001400    00000040     UNINITIALIZED
                  00001400    00000040     F2806x_GlobalVariableDefs.obj (Cla1RegsFile)

Usb0RegsFile 
*          1    00004000    00000454     UNINITIALIZED
                  00004000    00000454     F2806x_GlobalVariableDefs.obj (Usb0RegsFile)

McbspaRegsFile 
*          1    00005000    00000024     UNINITIALIZED
                  00005000    00000024     F2806x_GlobalVariableDefs.obj (McbspaRegsFile)

ECanaRegsFile 
*          1    00006000    00000034     UNINITIALIZED
                  00006000    00000034     F2806x_GlobalVariableDefs.obj (ECanaRegsFile)

ECanaLAMRegsFile 
*          1    00006040    00000040     UNINITIALIZED
                  00006040    00000040     F2806x_GlobalVariableDefs.obj (ECanaLAMRegsFile)

ECanaMOTSRegsFile 
*          1    00006080    00000040     UNINITIALIZED
                  00006080    00000040     F2806x_GlobalVariableDefs.obj (ECanaMOTSRegsFile)

ECanaMOTORegsFile 
*          1    000060c0    00000040     UNINITIALIZED
                  000060c0    00000040     F2806x_GlobalVariableDefs.obj (ECanaMOTORegsFile)

ECanaMboxesFile 
*          1    00006100    00000100     UNINITIALIZED
                  00006100    00000100     F2806x_GlobalVariableDefs.obj (ECanaMboxesFile)

Comp1RegsFile 
*          1    00006400    00000007     UNINITIALIZED
                  00006400    00000007     F2806x_GlobalVariableDefs.obj (Comp1RegsFile)

Comp2RegsFile 
*          1    00006420    00000007     UNINITIALIZED
                  00006420    00000007     F2806x_GlobalVariableDefs.obj (Comp2RegsFile)

Comp3RegsFile 
*          1    00006440    00000007     UNINITIALIZED
                  00006440    00000007     F2806x_GlobalVariableDefs.obj (Comp3RegsFile)

EPwm1RegsFile 
*          1    00006800    00000040     UNINITIALIZED
                  00006800    00000040     F2806x_GlobalVariableDefs.obj (EPwm1RegsFile)

EPwm2RegsFile 
*          1    00006840    00000040     UNINITIALIZED
                  00006840    00000040     F2806x_GlobalVariableDefs.obj (EPwm2RegsFile)

EPwm3RegsFile 
*          1    00006880    00000040     UNINITIALIZED
                  00006880    00000040     F2806x_GlobalVariableDefs.obj (EPwm3RegsFile)

EPwm4RegsFile 
*          1    000068c0    00000040     UNINITIALIZED
                  000068c0    00000040     F2806x_GlobalVariableDefs.obj (EPwm4RegsFile)

EPwm5RegsFile 
*          1    00006900    00000040     UNINITIALIZED
                  00006900    00000040     F2806x_GlobalVariableDefs.obj (EPwm5RegsFile)

EPwm6RegsFile 
*          1    00006940    00000040     UNINITIALIZED
                  00006940    00000040     F2806x_GlobalVariableDefs.obj (EPwm6RegsFile)

EPwm7RegsFile 
*          1    00006980    00000040     UNINITIALIZED
                  00006980    00000040     F2806x_GlobalVariableDefs.obj (EPwm7RegsFile)

EPwm8RegsFile 
*          1    000069c0    00000040     UNINITIALIZED
                  000069c0    00000040     F2806x_GlobalVariableDefs.obj (EPwm8RegsFile)

ECap1RegsFile 
*          1    00006a00    00000020     UNINITIALIZED
                  00006a00    00000020     F2806x_GlobalVariableDefs.obj (ECap1RegsFile)

ECap2RegsFile 
*          1    00006a20    00000020     UNINITIALIZED
                  00006a20    00000020     F2806x_GlobalVariableDefs.obj (ECap2RegsFile)

ECap3RegsFile 
*          1    00006a40    00000020     UNINITIALIZED
                  00006a40    00000020     F2806x_GlobalVariableDefs.obj (ECap3RegsFile)

HRCap1RegsFile 
*          1    00006ac0    0000001f     UNINITIALIZED
                  00006ac0    0000001f     F2806x_GlobalVariableDefs.obj (HRCap1RegsFile)

HRCap2RegsFile 
*          1    00006ae0    0000001f     UNINITIALIZED
                  00006ae0    0000001f     F2806x_GlobalVariableDefs.obj (HRCap2RegsFile)

EQep1RegsFile 
*          1    00006b00    00000022     UNINITIALIZED
                  00006b00    00000022     F2806x_GlobalVariableDefs.obj (EQep1RegsFile)

EQep2RegsFile 
*          1    00006b40    00000022     UNINITIALIZED
                  00006b40    00000022     F2806x_GlobalVariableDefs.obj (EQep2RegsFile)

HRCap3RegsFile 
*          1    00006c80    0000001f     UNINITIALIZED
                  00006c80    0000001f     F2806x_GlobalVariableDefs.obj (HRCap3RegsFile)

HRCap4RegsFile 
*          1    00006ca0    0000001f     UNINITIALIZED
                  00006ca0    0000001f     F2806x_GlobalVariableDefs.obj (HRCap4RegsFile)

GpioCtrlRegsFile 
*          1    00006f80    00000040     UNINITIALIZED
                  00006f80    00000040     F2806x_GlobalVariableDefs.obj (GpioCtrlRegsFile)

GpioDataRegsFile 
*          1    00006fc0    00000020     UNINITIALIZED
                  00006fc0    00000020     F2806x_GlobalVariableDefs.obj (GpioDataRegsFile)

GpioIntRegsFile 
*          1    00006fe0    00000020     UNINITIALIZED
                  00006fe0    00000020     F2806x_GlobalVariableDefs.obj (GpioIntRegsFile)

SysCtrlRegsFile 
*          1    00007010    00000030     UNINITIALIZED
                  00007010    00000030     F2806x_GlobalVariableDefs.obj (SysCtrlRegsFile)

SpiaRegsFile 
*          1    00007040    00000010     UNINITIALIZED
                  00007040    00000010     F2806x_GlobalVariableDefs.obj (SpiaRegsFile)

SciaRegsFile 
*          1    00007050    00000010     UNINITIALIZED
                  00007050    00000010     F2806x_GlobalVariableDefs.obj (SciaRegsFile)

NmiIntruptRegsFile 
*          1    00007060    00000010     UNINITIALIZED
                  00007060    00000010     F2806x_GlobalVariableDefs.obj (NmiIntruptRegsFile)

XIntruptRegsFile 
*          1    00007070    00000010     UNINITIALIZED
                  00007070    00000010     F2806x_GlobalVariableDefs.obj (XIntruptRegsFile)

AdcRegsFile 
*          1    00007100    00000050     UNINITIALIZED
                  00007100    00000050     F2806x_GlobalVariableDefs.obj (AdcRegsFile)

SpibRegsFile 
*          1    00007740    00000010     UNINITIALIZED
                  00007740    00000010     F2806x_GlobalVariableDefs.obj (SpibRegsFile)

ScibRegsFile 
*          1    00007750    00000010     UNINITIALIZED
                  00007750    00000010     F2806x_GlobalVariableDefs.obj (ScibRegsFile)

I2caRegsFile 
*          1    00007900    00000022     UNINITIALIZED
                  00007900    00000022     F2806x_GlobalVariableDefs.obj (I2caRegsFile)

PartIdRegsFile 
*          1    003d7e80    00000001     UNINITIALIZED
                  003d7e80    00000001     F2806x_GlobalVariableDefs.obj (PartIdRegsFile)

CsmPwlFile 
*          1    003f7ff8    00000008     UNINITIALIZED
                  003f7ff8    00000008     F2806x_GlobalVariableDefs.obj (CsmPwlFile)

ramfuncs   0    00008000    0000001f     
                  00008000    0000001b     PM_Sensorless-DevInit_F2806x.obj (ramfuncs)
                  0000801b    00000004     F2806x_usDelay.obj (ramfuncs)

MODULE SUMMARY

       Module                             code   initialized data   uninitialized data
       ------                             ----   ----------------   ------------------
    .\
       PM_Sensorless.obj                  5610   896                764               
       F2806x_GlobalVariableDefs.obj      0      0                  3507              
       DLOG4CHC.obj                       75     0                  800               
       PM_Sensorless-DevInit_F2806x.obj   547    0                  0                 
       DRV8301_SPI.obj                    113    0                  0                 
       F2806x_usDelay.obj                 4      0                  0                 
    +--+----------------------------------+------+------------------+--------------------+
       Total:                             6349   896                5071              
                                                                                      
    .\SCI\
       F28069_sci_monitor.obj             1373   3964               1012              
    +--+----------------------------------+------+------------------+--------------------+
       Total:                             1373   3964               1012              
                                                                                      
    C:/ti/ccs1010/ccs/tools/compiler/ti-cgt-c2000_20.2.1.LTS/lib/rts2800_fpu32.lib
       boot28.asm.obj                     86     0                  0                 
       exit.c.obj                         41     14                 6                 
       cpy_tbl.c.obj                      36     0                  0                 
       memcpy.c.obj                       29     0                  0                 
       _lock.c.obj                        9      10                 4                 
       strncpy.c.obj                      21     0                  0                 
       args_main.c.obj                    18     0                  0                 
       pre_init.c.obj                     2      0                  0                 
       startup.c.obj                      1      0                  0                 
    +--+----------------------------------+------+------------------+--------------------+
       Total:                             243    24                 10                
                                                                                      
    C:/ti/controlSUITE/libs/math/FPUfastRTS/V100/lib/rts2800_fpu32_fast_supplement.lib
       FPUmathTables.obj                  0      1696               0                 
       atan2_f32.obj                      79     0                  0                 
       cos_f32.obj                        52     0                  0                 
       sin_f32.obj                        52     0                  0                 
       sqrt_f32.obj                       33     0                  0                 
       div_f32.obj                        25     0                  0                 
    +--+----------------------------------+------+------------------+--------------------+
       Total:                             241    1696               0                 
                                                                                      
       Stack:                             0      0                  896               
    +--+----------------------------------+------+------------------+--------------------+
       Grand Total:                       8206   6580               6989              


GLOBAL DATA SYMBOLS: SORTED BY DATA PAGE

address     data page           name
--------    ----------------    ----
00000050       1 (00000040)     __stack

00000880      22 (00000880)     _DevEmuRegs

00000985      26 (00000980)     _SysPwrCtrlRegs

00000a80      2a (00000a80)     _FlashRegs

00000ae0      2b (00000ac0)     _CsmRegs

00000b00      2c (00000b00)     _AdcResult

00000c00      30 (00000c00)     _CpuTimer0Regs
00000c08      30 (00000c00)     _CpuTimer1Regs
00000c10      30 (00000c00)     _CpuTimer2Regs

00000ce0      33 (00000cc0)     _PieCtrlRegs

00000d00      34 (00000d00)     _EmuKey
00000d00      34 (00000d00)     _PieVectTable
00000d01      34 (00000d00)     _EmuBMode
00000d02      34 (00000d00)     _Flash_CallbackPtr
00000d04      34 (00000d00)     _Flash_CPUScaleFactor

00001000      40 (00001000)     _DmaRegs

00001400      50 (00001400)     _Cla1Regs

00004000     100 (00004000)     _Usb0Regs

00005000     140 (00005000)     _McbspaRegs

00006000     180 (00006000)     _ECanaRegs

00006040     181 (00006040)     _ECanaLAMRegs

00006080     182 (00006080)     _ECanaMOTSRegs

000060c0     183 (000060c0)     _ECanaMOTORegs

00006100     184 (00006100)     _ECanaMboxes

00006400     190 (00006400)     _Comp1Regs
00006420     190 (00006400)     _Comp2Regs

00006440     191 (00006440)     _Comp3Regs

00006800     1a0 (00006800)     _EPwm1Regs

00006840     1a1 (00006840)     _EPwm2Regs

00006880     1a2 (00006880)     _EPwm3Regs

000068c0     1a3 (000068c0)     _EPwm4Regs

00006900     1a4 (00006900)     _EPwm5Regs

00006940     1a5 (00006940)     _EPwm6Regs

00006980     1a6 (00006980)     _EPwm7Regs

000069c0     1a7 (000069c0)     _EPwm8Regs

00006a00     1a8 (00006a00)     _ECap1Regs
00006a20     1a8 (00006a00)     _ECap2Regs

00006a40     1a9 (00006a40)     _ECap3Regs

00006ac0     1ab (00006ac0)     _HRCap1Regs
00006ae0     1ab (00006ac0)     _HRCap2Regs

00006b00     1ac (00006b00)     _EQep1Regs

00006b40     1ad (00006b40)     _EQep2Regs

00006c80     1b2 (00006c80)     _HRCap3Regs
00006ca0     1b2 (00006c80)     _HRCap4Regs

00006f80     1be (00006f80)     _GpioCtrlRegs

00006fc0     1bf (00006fc0)     _GpioDataRegs
00006fe0     1bf (00006fc0)     _GpioIntRegs

00007010     1c0 (00007000)     _SysCtrlRegs

00007040     1c1 (00007040)     _SpiaRegs
00007050     1c1 (00007040)     _SciaRegs
00007060     1c1 (00007040)     _NmiIntruptRegs
00007070     1c1 (00007040)     _XIntruptRegs

00007100     1c4 (00007100)     _AdcRegs

00007740     1dd (00007740)     _SpibRegs
00007750     1dd (00007740)     _ScibRegs

00007900     1e4 (00007900)     _I2caRegs

0000a000     280 (0000a000)     _Sector
0000a001     280 (0000a000)     _MPeriod
0000a002     280 (0000a000)     _index
0000a003     280 (0000a000)     _HallGpioBitA
0000a004     280 (0000a000)     _HallGpioBitB
0000a005     280 (0000a000)     _HallGpioBitC
0000a006     280 (0000a000)     _i
0000a007     280 (0000a000)     _HallPointer
0000a008     280 (0000a000)     _CtrlType
0000a009     280 (0000a000)     _SpeedLoopMode
0000a00a     280 (0000a000)     _HallStateOrigin
0000a00b     280 (0000a000)     _HallStateFault
0000a00c     280 (0000a000)     _HallStateVTO
0000a00d     280 (0000a000)     _FaultEmulationValue
0000a00e     280 (0000a000)     _FaultEmulationMask
0000a00f     280 (0000a000)     _FaultEmulationSignal
0000a010     280 (0000a000)     _Fault_Buffer1
0000a011     280 (0000a000)     _Fault_Buffer2
0000a012     280 (0000a000)     _Fault_Flag
0000a013     280 (0000a000)     _FaultEmulationBuffer
0000a014     280 (0000a000)     _FaultEmulationIndex
0000a015     280 (0000a000)     _FaultEmulationCountdown
0000a016     280 (0000a000)     _faultFlag
0000a017     280 (0000a000)     _FaultStep
0000a018     280 (0000a000)     _DRV8301_stat_reg1
0000a019     280 (0000a000)     _DRV8301_stat_reg2
0000a01a     280 (0000a000)     _DRV8301_cntrl_reg1
0000a01b     280 (0000a000)     _DRV8301_cntrl_reg2
0000a01c     280 (0000a000)     _read_drv_status
0000a01d     280 (0000a000)     _SerialCommsTimer
0000a01e     280 (0000a000)     _BackTicker
0000a01f     280 (0000a000)     _lsw
0000a020     280 (0000a000)     _SpiDacCh1
0000a021     280 (0000a000)     _SpiDacCh2
0000a022     280 (0000a000)     _SpiDacCh3
0000a023     280 (0000a000)     _SpiDacCh4
0000a024     280 (0000a000)     _DRV_RESET
0000a025     280 (0000a000)     _EnableFlag
0000a026     280 (0000a000)     _LockRotorFlag
0000a027     280 (0000a000)     _RunMotor
0000a028     280 (0000a000)     _SpeedLoopPrescaler
0000a029     280 (0000a000)     _SpeedLoopCount
0000a02a     280 (0000a000)     _currState
0000a02b     280 (0000a000)     _prevState
0000a02c     280 (0000a000)     _VirtualTimer
0000a02d     280 (0000a000)     _VirtualTimer2
0000a02e     280 (0000a000)     _zero_spd_flag
0000a02f     280 (0000a000)     _HallSum
0000a030     280 (0000a000)     _Hall_Accepted_transformation
0000a031     280 (0000a000)     _FaultEmulationSignal_Accepted_transformation1
0000a032     280 (0000a000)     _FaultEmulationSignal_Accepted_transformation2
0000a034     280 (0000a000)     _E0
0000a036     280 (0000a000)     _invE0
0000a038     280 (0000a000)     _Va
0000a03a     280 (0000a000)     _Vb
0000a03c     280 (0000a000)     _Vc
0000a03e     280 (0000a000)     _t1

0000a040     281 (0000a040)     _t2
0000a042     281 (0000a040)     _temp_sv1
0000a044     281 (0000a040)     _temp_sv2
0000a046     281 (0000a040)     _rc_tmp
0000a048     281 (0000a040)     _Temp1
0000a04a     281 (0000a040)     _Tmp_fr
0000a04c     281 (0000a040)     _Tmp
0000a04e     281 (0000a040)     _TmpD
0000a050     281 (0000a040)     _temp
0000a052     281 (0000a040)     _Alpha_State_Ptr
0000a054     281 (0000a040)     _A_Task_Ptr
0000a056     281 (0000a040)     _B_Task_Ptr
0000a058     281 (0000a040)     _C_Task_Ptr
0000a05a     281 (0000a040)     _VdTesting
0000a05c     281 (0000a040)     _VqTesting
0000a05e     281 (0000a040)     _cal_offset_A
0000a060     281 (0000a040)     _cal_offset_B
0000a062     281 (0000a040)     _IdRef
0000a064     281 (0000a040)     _IqRef
0000a066     281 (0000a040)     _SpeedRef
0000a068     281 (0000a040)     _offsetA
0000a06a     281 (0000a040)     _offsetB
0000a06c     281 (0000a040)     _K1
0000a06e     281 (0000a040)     _K2
0000a070     281 (0000a040)     _cal_filt_gain
0000a072     281 (0000a040)     _T
0000a074     281 (0000a040)     _IsrTicker
0000a076     281 (0000a040)     _Vd
0000a078     281 (0000a040)     _Vq
0000a07a     281 (0000a040)     _Id
0000a07c     281 (0000a040)     _Iq
0000a07e     281 (0000a040)     _emf_d

0000a080     282 (0000a080)     _emf_q
0000a082     282 (0000a080)     _speed_hat_old
0000a084     282 (0000a080)     _speed_hat
0000a086     282 (0000a080)     _speed_hat_lpf
0000a088     282 (0000a080)     _EMF_theta_hat
0000a08a     282 (0000a080)     _EMF_theta_err
0000a08c     282 (0000a080)     _EMF_speed_hat
0000a08e     282 (0000a080)     _EMF_speed_hat_lpf
0000a090     282 (0000a080)     _EMF_speed_hat_old
0000a092     282 (0000a080)     _T_PU
0000a094     282 (0000a080)     _SpeedTicker
0000a096     282 (0000a080)     _HallEMFThetaErr
0000a098     282 (0000a080)     _HallEMFTheta
0000a09a     282 (0000a080)     _HallAlpha
0000a09c     282 (0000a080)     _HallBeta
0000a09e     282 (0000a080)     _HallFilteredAlpha
0000a0a0     282 (0000a080)     _HallFilteredBeta
0000a0a2     282 (0000a080)     _Hall_theta_err
0000a0a4     282 (0000a080)     _Hall_theta_hat
0000a0a6     282 (0000a080)     _Hall_thata_hat_offset
0000a0a8     282 (0000a080)     _Hall_theta_hat_cal
0000a0aa     282 (0000a080)     _Hall_speed_hat_old
0000a0ac     282 (0000a080)     _Hall_speed_hat
0000a0ae     282 (0000a080)     _Hall_speed_integral
0000a0b0     282 (0000a080)     _Hall_speed_hat_lpf
0000a0b2     282 (0000a080)     _Hall_filter_control
0000a0b4     282 (0000a080)     _EMF_theta_hat_minus_Hall_thata_hat_offset
0000a0b6     282 (0000a080)     _LUTIndex
0000a0b8     282 (0000a080)     _thetaInput
0000a0ba     282 (0000a080)     _SamplingPeriod
0000a0bc     282 (0000a080)     _H

0000a0c0     283 (0000a0c0)     _Hall
0000a0c4     283 (0000a0c0)     _clarke1
0000a0cc     283 (0000a0c0)     _EMF_filter
0000a0d4     283 (0000a0c0)     _Hall_filter
0000a0dc     283 (0000a0c0)     _pwm1
0000a0e4     283 (0000a0c0)     _filter1
0000a0ec     283 (0000a0c0)     _spidac1
0000a0f6     283 (0000a0c0)     _svgen_dq1

0000a100     284 (0000a100)     _rg1
0000a10c     284 (0000a100)     _park1
0000a11a     284 (0000a100)     _ipark1
0000a128     284 (0000a100)     _parkV_es

0000a140     285 (0000a140)     _parkI_es
0000a14e     285 (0000a140)     _rc1
0000a15c     285 (0000a140)     _qep1
0000a16e     285 (0000a140)     _speed1

0000a180     286 (0000a180)     _speed_hall
0000a192     286 (0000a180)     _fltdet1
0000a1a4     286 (0000a180)     _volt1

0000a1c0     287 (0000a1c0)     _hall1
0000a1d6     287 (0000a1c0)     _pid1_id

0000a200     288 (0000a200)     _pid1_iq

0000a240     289 (0000a240)     _pid1_spd

0000a280     28a (0000a280)     _pid1_EMF_pll

0000a2c0     28b (0000a2c0)     _pid1_Hall_pll

0000a300     28c (0000a300)     _Para_Index_Var

0000a378     28d (0000a340)     _TmpData

0000a3c4     28f (0000a3c0)     _Page1_Var

0000a400     290 (0000a400)     _Ch_Index_Var

0000a476     291 (0000a440)     _Page_Var
0000a47c     291 (0000a440)     _VTimer0

0000a4c4     293 (0000a4c0)     _Page2_Var
0000a4fc     293 (0000a4c0)     _VTimer1

0000a500     294 (0000a500)     _Cmd_Index_Var

0000a572     295 (0000a540)     _deviceOpen
0000a573     295 (0000a540)     _rxb_finish
0000a574     295 (0000a540)     _rxb_count
0000a575     295 (0000a540)     _rxb_length
0000a576     295 (0000a540)     _rxb_index
0000a578     295 (0000a540)     _testsize
0000a57a     295 (0000a540)     _testsize1
0000a57c     295 (0000a540)     _test
0000a57e     295 (0000a540)     __lock

0000a5c4     297 (0000a5c0)     _Page0_Var
0000a5f2     297 (0000a5c0)     ___TI_enable_exit_profile_output
0000a5f4     297 (0000a5c0)     ___TI_cleanup_ptr
0000a5f6     297 (0000a5c0)     ___TI_dtors_ptr
0000a5f8     297 (0000a5c0)     _VTimer2

0000a600     298 (0000a600)     _Node_ActiveCount
0000a622     298 (0000a600)     _switch_ackfunction
0000a63e     298 (0000a600)     __unlock

0000a640     299 (0000a640)     _Node_DeactiveCount

0000a680     29a (0000a680)     _Node_Status

0000a6c0     29b (0000a6c0)     _rdataB
0000a6d4     29b (0000a6c0)     _sdataB

003d7e80    f5fa (003d7e80)     _PartIdRegs

003f7ff8    fdff (003f7fc0)     _CsmPwl

003fd590    ff56 (003fd580)     _FPUsinTable

003fd690    ff5a (003fd680)     _FPUcosTable

003fd990    ff66 (003fd980)     _FPUsinTableEnd

003fda92    ff6a (003fda80)     _FPUatan2HalfPITable
003fda92    ff6a (003fda80)     _FPUcosTableEnd
003fda96    ff6a (003fda80)     _FPUatan2Table

003fdc1c    ff70 (003fdc00)     _FPUatan2TableEnd


GLOBAL SYMBOLS: SORTED ALPHABETICALLY BY Name 

page  address   name                                          
----  -------   ----                                          
0     003f4000  .text                                         
0     003f5f0e  C$$EXIT                                       
0     003f5f99  FS$$DIV                                       
0     003f5467  _A0                                           
0     003f54ac  _A1                                           
0     003f55b6  _A2                                           
0     003f55bc  _A3                                           
1     0000a054  _A_Task_Ptr                                   
0     003f56de  _AckDmaDone                                   
0     003f56c5  _AckIndexDone                                 
0     003f5a07  _AckNodeBitState                              
0     003f59cc  _AckNodeBitText                               
0     003f57b6  _AckPageStrings                               
0     003f580e  _AckPageVariableState                         
0     003f590c  _AckReadBlockParameter                        
0     003f5970  _AckRequest                                   
0     003f58a6  _AckWriteParameter                            
1     00007100  _AdcRegs                                      
1     00000b00  _AdcResult                                    
1     0000a052  _Alpha_State_Ptr                              
0     003f5480  _B0                                           
0     003f55c2  _B1                                           
0     003f55c8  _B2                                           
0     003f55ce  _B3                                           
1     0000a056  _B_Task_Ptr                                   
1     0000a01e  _BackTicker                                   
0     003f5496  _C0                                           
0     003f55d4  _C1                                           
0     003f55de  _C2                                           
0     003f55e4  _C3                                           
1     0000a058  _C_Task_Ptr                                   
1     0000a400  _Ch_Index_Var                                 
1     00001400  _Cla1Regs                                     
0     003f55ec  _ClearScibData                                
1     0000a500  _Cmd_Index_Var                                
1     00006400  _Comp1Regs                                    
1     00006420  _Comp2Regs                                    
1     00006440  _Comp3Regs                                    
1     00000c00  _CpuTimer0Regs                                
1     00000c08  _CpuTimer1Regs                                
1     00000c10  _CpuTimer2Regs                                
1     003f7ff8  _CsmPwl                                       
1     00000ae0  _CsmRegs                                      
1     0000a008  _CtrlType                                     
0     003f5e5b  _DLOG_4CH_init                                
0     003f5e66  _DLOG_4CH_update                              
0     003f5d45  _DRV8301_SPI_Init                             
0     003f5d68  _DRV8301_SPI_Read                             
0     003f5d97  _DRV8301_SPI_Write                            
1     0000a01a  _DRV8301_cntrl_reg1                           
1     0000a01b  _DRV8301_cntrl_reg2                           
1     0000a018  _DRV8301_stat_reg1                            
1     0000a019  _DRV8301_stat_reg2                            
1     0000a024  _DRV_RESET                                    
0     0000801b  _DSP28x_usDelay                               
1     00000880  _DevEmuRegs                                   
0     003f5a92  _DeviceInit                                   
1     00001000  _DmaRegs                                      
1     0000a034  _E0                                           
1     00006040  _ECanaLAMRegs                                 
1     000060c0  _ECanaMOTORegs                                
1     00006080  _ECanaMOTSRegs                                
1     00006100  _ECanaMboxes                                  
1     00006000  _ECanaRegs                                    
1     00006a00  _ECap1Regs                                    
1     00006a20  _ECap2Regs                                    
1     00006a40  _ECap3Regs                                    
1     0000a0cc  _EMF_filter                                   
1     0000a08c  _EMF_speed_hat                                
1     0000a08e  _EMF_speed_hat_lpf                            
1     0000a090  _EMF_speed_hat_old                            
1     0000a08a  _EMF_theta_err                                
1     0000a088  _EMF_theta_hat                                
1     0000a0b4  _EMF_theta_hat_minus_Hall_thata_hat_offset    
1     00006800  _EPwm1Regs                                    
1     00006840  _EPwm2Regs                                    
1     00006880  _EPwm3Regs                                    
1     000068c0  _EPwm4Regs                                    
1     00006900  _EPwm5Regs                                    
1     00006940  _EPwm6Regs                                    
1     00006980  _EPwm7Regs                                    
1     000069c0  _EPwm8Regs                                    
1     00006b00  _EQep1Regs                                    
1     00006b40  _EQep2Regs                                    
1     00000d01  _EmuBMode                                     
1     00000d00  _EmuKey                                       
1     0000a025  _EnableFlag                                   
0     003fda92  _FPUatan2HalfPITable                          
0     003fda96  _FPUatan2Table                                
0     003fdc1c  _FPUatan2TableEnd                             
0     003fd690  _FPUcosTable                                  
0     003fda92  _FPUcosTableEnd                               
0     003fd590  _FPUsinTable                                  
0     003fd990  _FPUsinTableEnd                               
1     0000a013  _FaultEmulationBuffer                         
1     0000a015  _FaultEmulationCountdown                      
1     0000a014  _FaultEmulationIndex                          
1     0000a00e  _FaultEmulationMask                           
1     0000a00f  _FaultEmulationSignal                         
1     0000a031  _FaultEmulationSignal_Accepted_transformation1
1     0000a032  _FaultEmulationSignal_Accepted_transformation2
1     0000a00d  _FaultEmulationValue                          
1     0000a017  _FaultStep                                    
1     0000a010  _Fault_Buffer1                                
1     0000a011  _Fault_Buffer2                                
1     0000a012  _Fault_Flag                                   
1     00000a80  _FlashRegs                                    
1     00000d04  _Flash_CPUScaleFactor                         
1     00000d02  _Flash_CallbackPtr                            
1     00006f80  _GpioCtrlRegs                                 
1     00006fc0  _GpioDataRegs                                 
1     00006fe0  _GpioIntRegs                                  
1     0000a0bc  _H                                            
1     00006ac0  _HRCap1Regs                                   
1     00006ae0  _HRCap2Regs                                   
1     00006c80  _HRCap3Regs                                   
1     00006ca0  _HRCap4Regs                                   
1     0000a0c0  _Hall                                         
1     0000a09a  _HallAlpha                                    
1     0000a09c  _HallBeta                                     
1     0000a098  _HallEMFTheta                                 
1     0000a096  _HallEMFThetaErr                              
1     0000a09e  _HallFilteredAlpha                            
1     0000a0a0  _HallFilteredBeta                             
1     0000a003  _HallGpioBitA                                 
1     0000a004  _HallGpioBitB                                 
1     0000a005  _HallGpioBitC                                 
1     0000a007  _HallPointer                                  
1     0000a00b  _HallStateFault                               
1     0000a00a  _HallStateOrigin                              
1     0000a00c  _HallStateVTO                                 
1     0000a02f  _HallSum                                      
1     0000a030  _Hall_Accepted_transformation                 
1     0000a0d4  _Hall_filter                                  
1     0000a0b2  _Hall_filter_control                          
1     0000a0ac  _Hall_speed_hat                               
1     0000a0b0  _Hall_speed_hat_lpf                           
1     0000a0aa  _Hall_speed_hat_old                           
1     0000a0ae  _Hall_speed_integral                          
1     0000a0a6  _Hall_thata_hat_offset                        
1     0000a0a2  _Hall_theta_err                               
1     0000a0a4  _Hall_theta_hat                               
1     0000a0a8  _Hall_theta_hat_cal                           
1     00007900  _I2caRegs                                     
0     003f5fd9  _ISR_ILLEGAL                                  
1     0000a07a  _Id                                           
1     0000a062  _IdRef                                        
0     00008000  _InitFlash                                    
1     0000a07c  _Iq                                           
1     0000a064  _IqRef                                        
1     0000a074  _IsrTicker                                    
1     0000a06c  _K1                                           
1     0000a06e  _K2                                           
1     0000a0b6  _LUTIndex                                     
1     0000a026  _LockRotorFlag                                
1     0000a001  _MPeriod                                      
0     003f4000  _MainISR                                      
1     00005000  _McbspaRegs                                   
0     003f5c7d  _MemCopy                                      
1     00007060  _NmiIntruptRegs                               
1     0000a600  _Node_ActiveCount                             
1     0000a640  _Node_DeactiveCount                           
1     0000a680  _Node_Status                                  
0     003f4ff2  _OffsetISR                                    
0     003f5c08  _PLLset                                       
1     0000a5c4  _Page0_Var                                    
1     0000a3c4  _Page1_Var                                    
1     0000a4c4  _Page2_Var                                    
1     0000a476  _Page_Var                                     
1     0000a300  _Para_Index_Var                               
1     003d7e80  _PartIdRegs                                   
0     003f5c42  _PieCntlInit                                  
1     00000ce0  _PieCtrlRegs                                  
1     00000d00  _PieVectTable                                 
0     003f5c61  _PieVectTableInit                             
0     00008000  _RamfuncsLoadEnd                              
0     00008000  _RamfuncsLoadStart                            
0     00008000  _RamfuncsRunStart                             
0     003f599b  _RequsetPageStrings                           
0     003f5728  _ResponseRollingScope                         
0     003f564f  _ResponseScopeCommand                         
0     003f56f0  _ResponseScopeStrings                         
0     003f57a4  _ResponsetoStopRollingData                    
1     0000a027  _RunMotor                                     
0     003f5601  _SCIA_read                                    
0     003f5618  _SCIB_read                                    
0     003f5a49  _SCI_init                                     
0     003f562f  _SCI_write                                    
1     0000a0ba  _SamplingPeriod                               
1     00007050  _SciaRegs                                     
1     00007750  _ScibRegs                                     
0     003f5a67  _Scib_GpioInit                                
0     003f5a7b  _Scib_Setting                                 
1     0000a000  _Sector                                       
1     0000a01d  _SerialCommsTimer                             
1     0000a029  _SpeedLoopCount                               
1     0000a009  _SpeedLoopMode                                
1     0000a028  _SpeedLoopPrescaler                           
1     0000a066  _SpeedRef                                     
1     0000a094  _SpeedTicker                                  
1     0000a020  _SpiDacCh1                                    
1     0000a021  _SpiDacCh2                                    
1     0000a022  _SpiDacCh3                                    
1     0000a023  _SpiDacCh4                                    
1     00007040  _SpiaRegs                                     
1     00007740  _SpibRegs                                     
1     00007010  _SysCtrlRegs                                  
1     00000985  _SysPwrCtrlRegs                               
1     0000a072  _T                                            
1     0000a092  _T_PU                                         
1     0000a048  _Temp1                                        
1     0000a04c  _Tmp                                          
1     0000a04e  _TmpD                                         
1     0000a378  _TmpData                                      
1     0000a04a  _Tmp_fr                                       
1     00004000  _Usb0Regs                                     
1     0000a47c  _VTimer0                                      
1     0000a4fc  _VTimer1                                      
1     0000a5f8  _VTimer2                                      
1     0000a038  _Va                                           
1     0000a03a  _Vb                                           
1     0000a03c  _Vc                                           
1     0000a076  _Vd                                           
1     0000a05a  _VdTesting                                    
1     0000a02c  _VirtualTimer                                 
1     0000a02d  _VirtualTimer2                                
1     0000a078  _Vq                                           
1     0000a05c  _VqTesting                                    
0     003f5c00  _WDogDisable                                  
1     00007070  _XIntruptRegs                                 
1     000003d0  __STACK_END                                   
abs   00000380  __STACK_SIZE                                  
1     0000a5f4  ___TI_cleanup_ptr                             
1     0000a5f6  ___TI_dtors_ptr                               
1     0000a5f2  ___TI_enable_exit_profile_output              
abs   ffffffff  ___TI_pprof_out_hndl                          
abs   ffffffff  ___TI_prof_data_size                          
abs   ffffffff  ___TI_prof_data_start                         
abs   ffffffff  ___binit__                                    
abs   ffffffff  ___c_args__                                   
0     003f6b3b  ___cinit__                                    
0     003f5fef  ___etext__                                    
abs   ffffffff  ___pinit__                                    
0     003f4000  ___text__                                     
0     003f5fc7  __args_main                                   
1     0000a57e  __lock                                        
0     003f5feb  __nop                                         
0     003f5fe7  __register_lock                               
0     003f5fe3  __register_unlock                             
1     00000050  __stack                                       
0     003f5fee  __system_post_cinit                           
0     003f5fec  __system_pre_init                             
1     0000a63e  __unlock                                      
0     003f5f0e  _abort                                        
0     003f5e0c  _atan2                                        
0     003f5db6  _c_int00                                      
1     0000a070  _cal_filt_gain                                
1     0000a05e  _cal_offset_A                                 
1     0000a060  _cal_offset_B                                 
1     0000a0c4  _clarke1                                      
0     003f5f37  _copy_in                                      
0     003f5ea6  _cos                                          
1     0000a02a  _currState                                    
1     0000a572  _deviceOpen                                   
1     0000a07e  _emf_d                                        
1     0000a080  _emf_q                                        
0     003f55ea  _error                                        
0     003f5f10  _exit                                         
1     0000a016  _faultFlag                                    
1     0000a0e4  _filter1                                      
1     0000a192  _fltdet1                                      
1     0000a1c0  _hall1                                        
1     0000a006  _i                                            
1     0000a002  _index                                        
1     0000a036  _invE0                                        
1     0000a11a  _ipark1                                       
1     0000a01f  _lsw                                          
0     003f5042  _main                                         
0     003f5f7c  _memcpy                                       
1     0000a068  _offsetA                                      
1     0000a06a  _offsetB                                      
1     0000a10c  _park1                                        
1     0000a140  _parkI_es                                     
1     0000a128  _parkV_es                                     
1     0000a280  _pid1_EMF_pll                                 
1     0000a2c0  _pid1_Hall_pll                                
1     0000a1d6  _pid1_id                                      
1     0000a200  _pid1_iq                                      
1     0000a240  _pid1_spd                                     
1     0000a02b  _prevState                                    
1     0000a0dc  _pwm1                                         
1     0000a15c  _qep1                                         
1     0000a14e  _rc1                                          
1     0000a046  _rc_tmp                                       
1     0000a6c0  _rdataB                                       
1     0000a01c  _read_drv_status                              
1     0000a100  _rg1                                          
1     0000a574  _rxb_count                                    
1     0000a573  _rxb_finish                                   
1     0000a576  _rxb_index                                    
1     0000a575  _rxb_length                                   
0     003f5ca5  _scibRxFifoIsr                                
0     003f5c90  _scibTxFifoIsr                                
1     0000a6d4  _sdataB                                       
0     003f5eda  _sin                                          
1     0000a16e  _speed1                                       
1     0000a180  _speed_hall                                   
1     0000a084  _speed_hat                                    
1     0000a086  _speed_hat_lpf                                
1     0000a082  _speed_hat_old                                
1     0000a0ec  _spidac1                                      
0     003f5f5b  _sqrt                                         
0     003f5fb2  _strncpy                                      
1     0000a0f6  _svgen_dq1                                    
1     0000a622  _switch_ackfunction                           
1     0000a03e  _t1                                           
1     0000a040  _t2                                           
1     0000a050  _temp                                         
1     0000a042  _temp_sv1                                     
1     0000a044  _temp_sv2                                     
1     0000a57c  _test                                         
1     0000a578  _testsize                                     
1     0000a57a  _testsize1                                    
1     0000a0b8  _thetaInput                                   
1     0000a1a4  _volt1                                        
1     0000a02e  _zero_spd_flag                                
abs   ffffffff  binit                                         
0     003f6b3b  cinit                                         
0     003f5fef  etext                                         
abs   ffffffff  pinit                                         


GLOBAL SYMBOLS: SORTED BY Symbol Address 

page  address   name                                          
----  -------   ----                                          
0     00008000  _InitFlash                                    
0     00008000  _RamfuncsLoadEnd                              
0     00008000  _RamfuncsLoadStart                            
0     00008000  _RamfuncsRunStart                             
0     0000801b  _DSP28x_usDelay                               
0     003f4000  .text                                         
0     003f4000  _MainISR                                      
0     003f4000  ___text__                                     
0     003f4ff2  _OffsetISR                                    
0     003f5042  _main                                         
0     003f5467  _A0                                           
0     003f5480  _B0                                           
0     003f5496  _C0                                           
0     003f54ac  _A1                                           
0     003f55b6  _A2                                           
0     003f55bc  _A3                                           
0     003f55c2  _B1                                           
0     003f55c8  _B2                                           
0     003f55ce  _B3                                           
0     003f55d4  _C1                                           
0     003f55de  _C2                                           
0     003f55e4  _C3                                           
0     003f55ea  _error                                        
0     003f55ec  _ClearScibData                                
0     003f5601  _SCIA_read                                    
0     003f5618  _SCIB_read                                    
0     003f562f  _SCI_write                                    
0     003f564f  _ResponseScopeCommand                         
0     003f56c5  _AckIndexDone                                 
0     003f56de  _AckDmaDone                                   
0     003f56f0  _ResponseScopeStrings                         
0     003f5728  _ResponseRollingScope                         
0     003f57a4  _ResponsetoStopRollingData                    
0     003f57b6  _AckPageStrings                               
0     003f580e  _AckPageVariableState                         
0     003f58a6  _AckWriteParameter                            
0     003f590c  _AckReadBlockParameter                        
0     003f5970  _AckRequest                                   
0     003f599b  _RequsetPageStrings                           
0     003f59cc  _AckNodeBitText                               
0     003f5a07  _AckNodeBitState                              
0     003f5a49  _SCI_init                                     
0     003f5a67  _Scib_GpioInit                                
0     003f5a7b  _Scib_Setting                                 
0     003f5a92  _DeviceInit                                   
0     003f5c00  _WDogDisable                                  
0     003f5c08  _PLLset                                       
0     003f5c42  _PieCntlInit                                  
0     003f5c61  _PieVectTableInit                             
0     003f5c7d  _MemCopy                                      
0     003f5c90  _scibTxFifoIsr                                
0     003f5ca5  _scibRxFifoIsr                                
0     003f5d45  _DRV8301_SPI_Init                             
0     003f5d68  _DRV8301_SPI_Read                             
0     003f5d97  _DRV8301_SPI_Write                            
0     003f5db6  _c_int00                                      
0     003f5e0c  _atan2                                        
0     003f5e5b  _DLOG_4CH_init                                
0     003f5e66  _DLOG_4CH_update                              
0     003f5ea6  _cos                                          
0     003f5eda  _sin                                          
0     003f5f0e  C$$EXIT                                       
0     003f5f0e  _abort                                        
0     003f5f10  _exit                                         
0     003f5f37  _copy_in                                      
0     003f5f5b  _sqrt                                         
0     003f5f7c  _memcpy                                       
0     003f5f99  FS$$DIV                                       
0     003f5fb2  _strncpy                                      
0     003f5fc7  __args_main                                   
0     003f5fd9  _ISR_ILLEGAL                                  
0     003f5fe3  __register_unlock                             
0     003f5fe7  __register_lock                               
0     003f5feb  __nop                                         
0     003f5fec  __system_pre_init                             
0     003f5fee  __system_post_cinit                           
0     003f5fef  ___etext__                                    
0     003f5fef  etext                                         
0     003f6b3b  ___cinit__                                    
0     003f6b3b  cinit                                         
0     003fd590  _FPUsinTable                                  
0     003fd690  _FPUcosTable                                  
0     003fd990  _FPUsinTableEnd                               
0     003fda92  _FPUatan2HalfPITable                          
0     003fda92  _FPUcosTableEnd                               
0     003fda96  _FPUatan2Table                                
0     003fdc1c  _FPUatan2TableEnd                             
1     00000050  __stack                                       
1     000003d0  __STACK_END                                   
1     00000880  _DevEmuRegs                                   
1     00000985  _SysPwrCtrlRegs                               
1     00000a80  _FlashRegs                                    
1     00000ae0  _CsmRegs                                      
1     00000b00  _AdcResult                                    
1     00000c00  _CpuTimer0Regs                                
1     00000c08  _CpuTimer1Regs                                
1     00000c10  _CpuTimer2Regs                                
1     00000ce0  _PieCtrlRegs                                  
1     00000d00  _EmuKey                                       
1     00000d00  _PieVectTable                                 
1     00000d01  _EmuBMode                                     
1     00000d02  _Flash_CallbackPtr                            
1     00000d04  _Flash_CPUScaleFactor                         
1     00001000  _DmaRegs                                      
1     00001400  _Cla1Regs                                     
1     00004000  _Usb0Regs                                     
1     00005000  _McbspaRegs                                   
1     00006000  _ECanaRegs                                    
1     00006040  _ECanaLAMRegs                                 
1     00006080  _ECanaMOTSRegs                                
1     000060c0  _ECanaMOTORegs                                
1     00006100  _ECanaMboxes                                  
1     00006400  _Comp1Regs                                    
1     00006420  _Comp2Regs                                    
1     00006440  _Comp3Regs                                    
1     00006800  _EPwm1Regs                                    
1     00006840  _EPwm2Regs                                    
1     00006880  _EPwm3Regs                                    
1     000068c0  _EPwm4Regs                                    
1     00006900  _EPwm5Regs                                    
1     00006940  _EPwm6Regs                                    
1     00006980  _EPwm7Regs                                    
1     000069c0  _EPwm8Regs                                    
1     00006a00  _ECap1Regs                                    
1     00006a20  _ECap2Regs                                    
1     00006a40  _ECap3Regs                                    
1     00006ac0  _HRCap1Regs                                   
1     00006ae0  _HRCap2Regs                                   
1     00006b00  _EQep1Regs                                    
1     00006b40  _EQep2Regs                                    
1     00006c80  _HRCap3Regs                                   
1     00006ca0  _HRCap4Regs                                   
1     00006f80  _GpioCtrlRegs                                 
1     00006fc0  _GpioDataRegs                                 
1     00006fe0  _GpioIntRegs                                  
1     00007010  _SysCtrlRegs                                  
1     00007040  _SpiaRegs                                     
1     00007050  _SciaRegs                                     
1     00007060  _NmiIntruptRegs                               
1     00007070  _XIntruptRegs                                 
1     00007100  _AdcRegs                                      
1     00007740  _SpibRegs                                     
1     00007750  _ScibRegs                                     
1     00007900  _I2caRegs                                     
1     0000a000  _Sector                                       
1     0000a001  _MPeriod                                      
1     0000a002  _index                                        
1     0000a003  _HallGpioBitA                                 
1     0000a004  _HallGpioBitB                                 
1     0000a005  _HallGpioBitC                                 
1     0000a006  _i                                            
1     0000a007  _HallPointer                                  
1     0000a008  _CtrlType                                     
1     0000a009  _SpeedLoopMode                                
1     0000a00a  _HallStateOrigin                              
1     0000a00b  _HallStateFault                               
1     0000a00c  _HallStateVTO                                 
1     0000a00d  _FaultEmulationValue                          
1     0000a00e  _FaultEmulationMask                           
1     0000a00f  _FaultEmulationSignal                         
1     0000a010  _Fault_Buffer1                                
1     0000a011  _Fault_Buffer2                                
1     0000a012  _Fault_Flag                                   
1     0000a013  _FaultEmulationBuffer                         
1     0000a014  _FaultEmulationIndex                          
1     0000a015  _FaultEmulationCountdown                      
1     0000a016  _faultFlag                                    
1     0000a017  _FaultStep                                    
1     0000a018  _DRV8301_stat_reg1                            
1     0000a019  _DRV8301_stat_reg2                            
1     0000a01a  _DRV8301_cntrl_reg1                           
1     0000a01b  _DRV8301_cntrl_reg2                           
1     0000a01c  _read_drv_status                              
1     0000a01d  _SerialCommsTimer                             
1     0000a01e  _BackTicker                                   
1     0000a01f  _lsw                                          
1     0000a020  _SpiDacCh1                                    
1     0000a021  _SpiDacCh2                                    
1     0000a022  _SpiDacCh3                                    
1     0000a023  _SpiDacCh4                                    
1     0000a024  _DRV_RESET                                    
1     0000a025  _EnableFlag                                   
1     0000a026  _LockRotorFlag                                
1     0000a027  _RunMotor                                     
1     0000a028  _SpeedLoopPrescaler                           
1     0000a029  _SpeedLoopCount                               
1     0000a02a  _currState                                    
1     0000a02b  _prevState                                    
1     0000a02c  _VirtualTimer                                 
1     0000a02d  _VirtualTimer2                                
1     0000a02e  _zero_spd_flag                                
1     0000a02f  _HallSum                                      
1     0000a030  _Hall_Accepted_transformation                 
1     0000a031  _FaultEmulationSignal_Accepted_transformation1
1     0000a032  _FaultEmulationSignal_Accepted_transformation2
1     0000a034  _E0                                           
1     0000a036  _invE0                                        
1     0000a038  _Va                                           
1     0000a03a  _Vb                                           
1     0000a03c  _Vc                                           
1     0000a03e  _t1                                           
1     0000a040  _t2                                           
1     0000a042  _temp_sv1                                     
1     0000a044  _temp_sv2                                     
1     0000a046  _rc_tmp                                       
1     0000a048  _Temp1                                        
1     0000a04a  _Tmp_fr                                       
1     0000a04c  _Tmp                                          
1     0000a04e  _TmpD                                         
1     0000a050  _temp                                         
1     0000a052  _Alpha_State_Ptr                              
1     0000a054  _A_Task_Ptr                                   
1     0000a056  _B_Task_Ptr                                   
1     0000a058  _C_Task_Ptr                                   
1     0000a05a  _VdTesting                                    
1     0000a05c  _VqTesting                                    
1     0000a05e  _cal_offset_A                                 
1     0000a060  _cal_offset_B                                 
1     0000a062  _IdRef                                        
1     0000a064  _IqRef                                        
1     0000a066  _SpeedRef                                     
1     0000a068  _offsetA                                      
1     0000a06a  _offsetB                                      
1     0000a06c  _K1                                           
1     0000a06e  _K2                                           
1     0000a070  _cal_filt_gain                                
1     0000a072  _T                                            
1     0000a074  _IsrTicker                                    
1     0000a076  _Vd                                           
1     0000a078  _Vq                                           
1     0000a07a  _Id                                           
1     0000a07c  _Iq                                           
1     0000a07e  _emf_d                                        
1     0000a080  _emf_q                                        
1     0000a082  _speed_hat_old                                
1     0000a084  _speed_hat                                    
1     0000a086  _speed_hat_lpf                                
1     0000a088  _EMF_theta_hat                                
1     0000a08a  _EMF_theta_err                                
1     0000a08c  _EMF_speed_hat                                
1     0000a08e  _EMF_speed_hat_lpf                            
1     0000a090  _EMF_speed_hat_old                            
1     0000a092  _T_PU                                         
1     0000a094  _SpeedTicker                                  
1     0000a096  _HallEMFThetaErr                              
1     0000a098  _HallEMFTheta                                 
1     0000a09a  _HallAlpha                                    
1     0000a09c  _HallBeta                                     
1     0000a09e  _HallFilteredAlpha                            
1     0000a0a0  _HallFilteredBeta                             
1     0000a0a2  _Hall_theta_err                               
1     0000a0a4  _Hall_theta_hat                               
1     0000a0a6  _Hall_thata_hat_offset                        
1     0000a0a8  _Hall_theta_hat_cal                           
1     0000a0aa  _Hall_speed_hat_old                           
1     0000a0ac  _Hall_speed_hat                               
1     0000a0ae  _Hall_speed_integral                          
1     0000a0b0  _Hall_speed_hat_lpf                           
1     0000a0b2  _Hall_filter_control                          
1     0000a0b4  _EMF_theta_hat_minus_Hall_thata_hat_offset    
1     0000a0b6  _LUTIndex                                     
1     0000a0b8  _thetaInput                                   
1     0000a0ba  _SamplingPeriod                               
1     0000a0bc  _H                                            
1     0000a0c0  _Hall                                         
1     0000a0c4  _clarke1                                      
1     0000a0cc  _EMF_filter                                   
1     0000a0d4  _Hall_filter                                  
1     0000a0dc  _pwm1                                         
1     0000a0e4  _filter1                                      
1     0000a0ec  _spidac1                                      
1     0000a0f6  _svgen_dq1                                    
1     0000a100  _rg1                                          
1     0000a10c  _park1                                        
1     0000a11a  _ipark1                                       
1     0000a128  _parkV_es                                     
1     0000a140  _parkI_es                                     
1     0000a14e  _rc1                                          
1     0000a15c  _qep1                                         
1     0000a16e  _speed1                                       
1     0000a180  _speed_hall                                   
1     0000a192  _fltdet1                                      
1     0000a1a4  _volt1                                        
1     0000a1c0  _hall1                                        
1     0000a1d6  _pid1_id                                      
1     0000a200  _pid1_iq                                      
1     0000a240  _pid1_spd                                     
1     0000a280  _pid1_EMF_pll                                 
1     0000a2c0  _pid1_Hall_pll                                
1     0000a300  _Para_Index_Var                               
1     0000a378  _TmpData                                      
1     0000a3c4  _Page1_Var                                    
1     0000a400  _Ch_Index_Var                                 
1     0000a476  _Page_Var                                     
1     0000a47c  _VTimer0                                      
1     0000a4c4  _Page2_Var                                    
1     0000a4fc  _VTimer1                                      
1     0000a500  _Cmd_Index_Var                                
1     0000a572  _deviceOpen                                   
1     0000a573  _rxb_finish                                   
1     0000a574  _rxb_count                                    
1     0000a575  _rxb_length                                   
1     0000a576  _rxb_index                                    
1     0000a578  _testsize                                     
1     0000a57a  _testsize1                                    
1     0000a57c  _test                                         
1     0000a57e  __lock                                        
1     0000a5c4  _Page0_Var                                    
1     0000a5f2  ___TI_enable_exit_profile_output              
1     0000a5f4  ___TI_cleanup_ptr                             
1     0000a5f6  ___TI_dtors_ptr                               
1     0000a5f8  _VTimer2                                      
1     0000a600  _Node_ActiveCount                             
1     0000a622  _switch_ackfunction                           
1     0000a63e  __unlock                                      
1     0000a640  _Node_DeactiveCount                           
1     0000a680  _Node_Status                                  
1     0000a6c0  _rdataB                                       
1     0000a6d4  _sdataB                                       
1     003d7e80  _PartIdRegs                                   
1     003f7ff8  _CsmPwl                                       
abs   00000380  __STACK_SIZE                                  
abs   ffffffff  ___TI_pprof_out_hndl                          
abs   ffffffff  ___TI_prof_data_size                          
abs   ffffffff  ___TI_prof_data_start                         
abs   ffffffff  ___binit__                                    
abs   ffffffff  ___c_args__                                   
abs   ffffffff  ___pinit__                                    
abs   ffffffff  binit                                         
abs   ffffffff  pinit                                         

[330 symbols]
