<?xml version="1.0" encoding="ISO-8859-1" ?>
<link_info>
   <banner>TMS320C2000 Linker PC v20.2.1.LTS</banner>
   <copyright>Copyright (c) 1996-2018 Texas Instruments Incorporated</copyright>
   <link_time>0x5fa3969a</link_time>
   <link_errors>0x0</link_errors>
   <output_file>PM_Sensorless_DRV8301_F2806x.out</output_file>
   <entry_point>
      <name>_c_int00</name>
      <address>0x9db2</address>
   </entry_point>
   <input_file_list>
      <input_file id="fl-5">
         <path>.\</path>
         <kind>object</kind>
         <file>DLOG4CHC.obj</file>
         <name>DLOG4CHC.obj</name>
      </input_file>
      <input_file id="fl-6">
         <path>.\</path>
         <kind>object</kind>
         <file>DRV8301_SPI.obj</file>
         <name>DRV8301_SPI.obj</name>
      </input_file>
      <input_file id="fl-7">
         <path>.\</path>
         <kind>object</kind>
         <file>F2806x_GlobalVariableDefs.obj</file>
         <name>F2806x_GlobalVariableDefs.obj</name>
      </input_file>
      <input_file id="fl-8">
         <path>.\</path>
         <kind>object</kind>
         <file>F2806x_usDelay.obj</file>
         <name>F2806x_usDelay.obj</name>
      </input_file>
      <input_file id="fl-9">
         <path>.\</path>
         <kind>object</kind>
         <file>PM_Sensorless-DevInit_F2806x.obj</file>
         <name>PM_Sensorless-DevInit_F2806x.obj</name>
      </input_file>
      <input_file id="fl-a">
         <path>.\</path>
         <kind>object</kind>
         <file>PM_Sensorless.obj</file>
         <name>PM_Sensorless.obj</name>
      </input_file>
      <input_file id="fl-b">
         <path>.\SCI\</path>
         <kind>object</kind>
         <file>F28069_sci_monitor.obj</file>
         <name>F28069_sci_monitor.obj</name>
      </input_file>
      <input_file id="fl-e">
         <path>C:\ti\ccs1010\ccs\tools\compiler\ti-cgt-c2000_20.2.1.LTS\lib\</path>
         <kind>archive</kind>
         <file>rts2800_fpu32.lib</file>
         <name>boot28.asm.obj</name>
      </input_file>
      <input_file id="fl-10">
         <kind>object</kind>
         <file>&lt;internal&gt;</file>
         <name>&lt;internal&gt;</name>
      </input_file>
      <input_file id="fl-11">
         <path>C:\ti\ccs1010\ccs\tools\compiler\ti-cgt-c2000_20.2.1.LTS\lib\</path>
         <kind>archive</kind>
         <file>rts2800_fpu32.lib</file>
         <name>cpy_tbl.c.obj</name>
      </input_file>
      <input_file id="fl-12">
         <path>C:\ti\ccs1010\ccs\tools\compiler\ti-cgt-c2000_20.2.1.LTS\lib\</path>
         <kind>archive</kind>
         <file>rts2800_fpu32.lib</file>
         <name>memcpy.c.obj</name>
      </input_file>
      <input_file id="fl-13">
         <path>C:\ti\ccs1010\ccs\tools\compiler\ti-cgt-c2000_20.2.1.LTS\lib\</path>
         <kind>archive</kind>
         <file>rts2800_fpu32.lib</file>
         <name>pre_init.c.obj</name>
      </input_file>
      <input_file id="fl-14">
         <path>C:\ti\ccs1010\ccs\tools\compiler\ti-cgt-c2000_20.2.1.LTS\lib\</path>
         <kind>archive</kind>
         <file>rts2800_fpu32.lib</file>
         <name>startup.c.obj</name>
      </input_file>
      <input_file id="fl-15">
         <path>C:\ti\ccs1010\ccs\tools\compiler\ti-cgt-c2000_20.2.1.LTS\lib\</path>
         <kind>archive</kind>
         <file>rts2800_fpu32.lib</file>
         <name>exit.c.obj</name>
      </input_file>
      <input_file id="fl-16">
         <path>C:\ti\ccs1010\ccs\tools\compiler\ti-cgt-c2000_20.2.1.LTS\lib\</path>
         <kind>archive</kind>
         <file>rts2800_fpu32.lib</file>
         <name>_lock.c.obj</name>
      </input_file>
      <input_file id="fl-17">
         <path>C:\ti\ccs1010\ccs\tools\compiler\ti-cgt-c2000_20.2.1.LTS\lib\</path>
         <kind>archive</kind>
         <file>rts2800_fpu32.lib</file>
         <name>args_main.c.obj</name>
      </input_file>
      <input_file id="fl-18">
         <path>C:\ti\controlSUITE\libs\math\FPUfastRTS\V100\lib\</path>
         <kind>archive</kind>
         <file>rts2800_fpu32_fast_supplement.lib</file>
         <name>sqrt_f32.obj</name>
      </input_file>
      <input_file id="fl-19">
         <path>C:\ti\controlSUITE\libs\math\FPUfastRTS\V100\lib\</path>
         <kind>archive</kind>
         <file>rts2800_fpu32_fast_supplement.lib</file>
         <name>sin_f32.obj</name>
      </input_file>
      <input_file id="fl-1a">
         <path>C:\ti\controlSUITE\libs\math\FPUfastRTS\V100\lib\</path>
         <kind>archive</kind>
         <file>rts2800_fpu32_fast_supplement.lib</file>
         <name>div_f32.obj</name>
      </input_file>
      <input_file id="fl-1b">
         <path>C:\ti\controlSUITE\libs\math\FPUfastRTS\V100\lib\</path>
         <kind>archive</kind>
         <file>rts2800_fpu32_fast_supplement.lib</file>
         <name>cos_f32.obj</name>
      </input_file>
      <input_file id="fl-1c">
         <path>C:\ti\controlSUITE\libs\math\FPUfastRTS\V100\lib\</path>
         <kind>archive</kind>
         <file>rts2800_fpu32_fast_supplement.lib</file>
         <name>atan2_f32.obj</name>
      </input_file>
      <input_file id="fl-1d">
         <path>C:\ti\controlSUITE\libs\math\FPUfastRTS\V100\lib\</path>
         <kind>archive</kind>
         <file>rts2800_fpu32_fast_supplement.lib</file>
         <name>FPUmathTables.obj</name>
      </input_file>
      <input_file id="fl-1e">
         <path>C:\ti\ccs1010\ccs\tools\compiler\ti-cgt-c2000_20.2.1.LTS\lib\</path>
         <kind>archive</kind>
         <file>rts2800_fpu32.lib</file>
         <name>strncpy.c.obj</name>
      </input_file>
   </input_file_list>
   <object_component_list>
      <object_component id="oc-92">
         <name>PieVectTableFile</name>
         <uninitialized>true</uninitialized>
         <run_address>0xd00</run_address>
         <size>0x100</size>
         <input_file_ref idref="fl-7"/>
      </object_component>
      <object_component id="oc-5c">
         <name>EmuKeyVar</name>
         <uninitialized>true</uninitialized>
         <run_address>0xd00</run_address>
         <size>0x1</size>
         <input_file_ref idref="fl-7"/>
      </object_component>
      <object_component id="oc-5d">
         <name>EmuBModeVar</name>
         <uninitialized>true</uninitialized>
         <run_address>0xd01</run_address>
         <size>0x1</size>
         <input_file_ref idref="fl-7"/>
      </object_component>
      <object_component id="oc-5f">
         <name>FlashCallbackVar</name>
         <uninitialized>true</uninitialized>
         <run_address>0xd02</run_address>
         <size>0x2</size>
         <input_file_ref idref="fl-7"/>
      </object_component>
      <object_component id="oc-5e">
         <name>FlashScalingVar</name>
         <uninitialized>true</uninitialized>
         <run_address>0xd04</run_address>
         <size>0x2</size>
         <input_file_ref idref="fl-7"/>
      </object_component>
      <object_component id="oc-61">
         <name>DevEmuRegsFile</name>
         <uninitialized>true</uninitialized>
         <run_address>0x880</run_address>
         <size>0x4</size>
         <input_file_ref idref="fl-7"/>
      </object_component>
      <object_component id="oc-60">
         <name>SysPwrCtrlRegsFile</name>
         <uninitialized>true</uninitialized>
         <run_address>0x985</run_address>
         <size>0x3</size>
         <input_file_ref idref="fl-7"/>
      </object_component>
      <object_component id="oc-69">
         <name>FlashRegsFile</name>
         <uninitialized>true</uninitialized>
         <run_address>0xa80</run_address>
         <size>0x8</size>
         <input_file_ref idref="fl-7"/>
      </object_component>
      <object_component id="oc-6b">
         <name>CsmRegsFile</name>
         <uninitialized>true</uninitialized>
         <run_address>0xae0</run_address>
         <size>0x10</size>
         <input_file_ref idref="fl-7"/>
      </object_component>
      <object_component id="oc-6a">
         <name>AdcResultFile</name>
         <uninitialized>true</uninitialized>
         <run_address>0xb00</run_address>
         <size>0x10</size>
         <input_file_ref idref="fl-7"/>
      </object_component>
      <object_component id="oc-65">
         <name>CpuTimer0RegsFile</name>
         <uninitialized>true</uninitialized>
         <run_address>0xc00</run_address>
         <size>0x8</size>
         <input_file_ref idref="fl-7"/>
      </object_component>
      <object_component id="oc-66">
         <name>CpuTimer1RegsFile</name>
         <uninitialized>true</uninitialized>
         <run_address>0xc08</run_address>
         <size>0x8</size>
         <input_file_ref idref="fl-7"/>
      </object_component>
      <object_component id="oc-67">
         <name>CpuTimer2RegsFile</name>
         <uninitialized>true</uninitialized>
         <run_address>0xc10</run_address>
         <size>0x8</size>
         <input_file_ref idref="fl-7"/>
      </object_component>
      <object_component id="oc-72">
         <name>PieCtrlRegsFile</name>
         <uninitialized>true</uninitialized>
         <run_address>0xce0</run_address>
         <size>0x1a</size>
         <input_file_ref idref="fl-7"/>
      </object_component>
      <object_component id="oc-82">
         <name>Cla1RegsFile</name>
         <uninitialized>true</uninitialized>
         <run_address>0x1400</run_address>
         <size>0x40</size>
         <input_file_ref idref="fl-7"/>
      </object_component>
      <object_component id="oc-90">
         <name>DmaRegsFile</name>
         <uninitialized>true</uninitialized>
         <run_address>0x1000</run_address>
         <size>0xe0</size>
         <input_file_ref idref="fl-7"/>
      </object_component>
      <object_component id="oc-81">
         <name>ECanaRegsFile</name>
         <uninitialized>true</uninitialized>
         <run_address>0x6000</run_address>
         <size>0x34</size>
         <input_file_ref idref="fl-7"/>
      </object_component>
      <object_component id="oc-83">
         <name>ECanaLAMRegsFile</name>
         <uninitialized>true</uninitialized>
         <run_address>0x6040</run_address>
         <size>0x40</size>
         <input_file_ref idref="fl-7"/>
      </object_component>
      <object_component id="oc-91">
         <name>ECanaMboxesFile</name>
         <uninitialized>true</uninitialized>
         <run_address>0x6100</run_address>
         <size>0x100</size>
         <input_file_ref idref="fl-7"/>
      </object_component>
      <object_component id="oc-84">
         <name>ECanaMOTSRegsFile</name>
         <uninitialized>true</uninitialized>
         <run_address>0x6080</run_address>
         <size>0x40</size>
         <input_file_ref idref="fl-7"/>
      </object_component>
      <object_component id="oc-85">
         <name>ECanaMOTORegsFile</name>
         <uninitialized>true</uninitialized>
         <run_address>0x60c0</run_address>
         <size>0x40</size>
         <input_file_ref idref="fl-7"/>
      </object_component>
      <object_component id="oc-77">
         <name>ECap1RegsFile</name>
         <uninitialized>true</uninitialized>
         <run_address>0x6a00</run_address>
         <size>0x20</size>
         <input_file_ref idref="fl-7"/>
      </object_component>
      <object_component id="oc-78">
         <name>ECap2RegsFile</name>
         <uninitialized>true</uninitialized>
         <run_address>0x6a20</run_address>
         <size>0x20</size>
         <input_file_ref idref="fl-7"/>
      </object_component>
      <object_component id="oc-79">
         <name>ECap3RegsFile</name>
         <uninitialized>true</uninitialized>
         <run_address>0x6a40</run_address>
         <size>0x20</size>
         <input_file_ref idref="fl-7"/>
      </object_component>
      <object_component id="oc-7c">
         <name>EQep1RegsFile</name>
         <uninitialized>true</uninitialized>
         <run_address>0x6b00</run_address>
         <size>0x22</size>
         <input_file_ref idref="fl-7"/>
      </object_component>
      <object_component id="oc-7d">
         <name>EQep2RegsFile</name>
         <uninitialized>true</uninitialized>
         <run_address>0x6b40</run_address>
         <size>0x22</size>
         <input_file_ref idref="fl-7"/>
      </object_component>
      <object_component id="oc-8e">
         <name>GpioCtrlRegsFile</name>
         <uninitialized>true</uninitialized>
         <run_address>0x6f80</run_address>
         <size>0x40</size>
         <input_file_ref idref="fl-7"/>
      </object_component>
      <object_component id="oc-7a">
         <name>GpioDataRegsFile</name>
         <uninitialized>true</uninitialized>
         <run_address>0x6fc0</run_address>
         <size>0x20</size>
         <input_file_ref idref="fl-7"/>
      </object_component>
      <object_component id="oc-7b">
         <name>GpioIntRegsFile</name>
         <uninitialized>true</uninitialized>
         <run_address>0x6fe0</run_address>
         <size>0x20</size>
         <input_file_ref idref="fl-7"/>
      </object_component>
      <object_component id="oc-73">
         <name>HRCap1RegsFile</name>
         <uninitialized>true</uninitialized>
         <run_address>0x6ac0</run_address>
         <size>0x1f</size>
         <input_file_ref idref="fl-7"/>
      </object_component>
      <object_component id="oc-74">
         <name>HRCap2RegsFile</name>
         <uninitialized>true</uninitialized>
         <run_address>0x6ae0</run_address>
         <size>0x1f</size>
         <input_file_ref idref="fl-7"/>
      </object_component>
      <object_component id="oc-75">
         <name>HRCap3RegsFile</name>
         <uninitialized>true</uninitialized>
         <run_address>0x6c80</run_address>
         <size>0x1f</size>
         <input_file_ref idref="fl-7"/>
      </object_component>
      <object_component id="oc-76">
         <name>HRCap4RegsFile</name>
         <uninitialized>true</uninitialized>
         <run_address>0x6ca0</run_address>
         <size>0x1f</size>
         <input_file_ref idref="fl-7"/>
      </object_component>
      <object_component id="oc-80">
         <name>SysCtrlRegsFile</name>
         <uninitialized>true</uninitialized>
         <run_address>0x7010</run_address>
         <size>0x30</size>
         <input_file_ref idref="fl-7"/>
      </object_component>
      <object_component id="oc-6f">
         <name>SpiaRegsFile</name>
         <uninitialized>true</uninitialized>
         <run_address>0x7040</run_address>
         <size>0x10</size>
         <input_file_ref idref="fl-7"/>
      </object_component>
      <object_component id="oc-70">
         <name>SpibRegsFile</name>
         <uninitialized>true</uninitialized>
         <run_address>0x7740</run_address>
         <size>0x10</size>
         <input_file_ref idref="fl-7"/>
      </object_component>
      <object_component id="oc-6d">
         <name>SciaRegsFile</name>
         <uninitialized>true</uninitialized>
         <run_address>0x7050</run_address>
         <size>0x10</size>
         <input_file_ref idref="fl-7"/>
      </object_component>
      <object_component id="oc-6e">
         <name>ScibRegsFile</name>
         <uninitialized>true</uninitialized>
         <run_address>0x7750</run_address>
         <size>0x10</size>
         <input_file_ref idref="fl-7"/>
      </object_component>
      <object_component id="oc-6c">
         <name>NmiIntruptRegsFile</name>
         <uninitialized>true</uninitialized>
         <run_address>0x7060</run_address>
         <size>0x10</size>
         <input_file_ref idref="fl-7"/>
      </object_component>
      <object_component id="oc-71">
         <name>XIntruptRegsFile</name>
         <uninitialized>true</uninitialized>
         <run_address>0x7070</run_address>
         <size>0x10</size>
         <input_file_ref idref="fl-7"/>
      </object_component>
      <object_component id="oc-8f">
         <name>AdcRegsFile</name>
         <uninitialized>true</uninitialized>
         <run_address>0x7100</run_address>
         <size>0x50</size>
         <input_file_ref idref="fl-7"/>
      </object_component>
      <object_component id="oc-7e">
         <name>I2caRegsFile</name>
         <uninitialized>true</uninitialized>
         <run_address>0x7900</run_address>
         <size>0x22</size>
         <input_file_ref idref="fl-7"/>
      </object_component>
      <object_component id="oc-62">
         <name>Comp1RegsFile</name>
         <uninitialized>true</uninitialized>
         <run_address>0x6400</run_address>
         <size>0x7</size>
         <input_file_ref idref="fl-7"/>
      </object_component>
      <object_component id="oc-63">
         <name>Comp2RegsFile</name>
         <uninitialized>true</uninitialized>
         <run_address>0x6420</run_address>
         <size>0x7</size>
         <input_file_ref idref="fl-7"/>
      </object_component>
      <object_component id="oc-64">
         <name>Comp3RegsFile</name>
         <uninitialized>true</uninitialized>
         <run_address>0x6440</run_address>
         <size>0x7</size>
         <input_file_ref idref="fl-7"/>
      </object_component>
      <object_component id="oc-86">
         <name>EPwm1RegsFile</name>
         <uninitialized>true</uninitialized>
         <run_address>0x6800</run_address>
         <size>0x40</size>
         <input_file_ref idref="fl-7"/>
      </object_component>
      <object_component id="oc-87">
         <name>EPwm2RegsFile</name>
         <uninitialized>true</uninitialized>
         <run_address>0x6840</run_address>
         <size>0x40</size>
         <input_file_ref idref="fl-7"/>
      </object_component>
      <object_component id="oc-88">
         <name>EPwm3RegsFile</name>
         <uninitialized>true</uninitialized>
         <run_address>0x6880</run_address>
         <size>0x40</size>
         <input_file_ref idref="fl-7"/>
      </object_component>
      <object_component id="oc-89">
         <name>EPwm4RegsFile</name>
         <uninitialized>true</uninitialized>
         <run_address>0x68c0</run_address>
         <size>0x40</size>
         <input_file_ref idref="fl-7"/>
      </object_component>
      <object_component id="oc-8a">
         <name>EPwm5RegsFile</name>
         <uninitialized>true</uninitialized>
         <run_address>0x6900</run_address>
         <size>0x40</size>
         <input_file_ref idref="fl-7"/>
      </object_component>
      <object_component id="oc-8b">
         <name>EPwm6RegsFile</name>
         <uninitialized>true</uninitialized>
         <run_address>0x6940</run_address>
         <size>0x40</size>
         <input_file_ref idref="fl-7"/>
      </object_component>
      <object_component id="oc-8c">
         <name>EPwm7RegsFile</name>
         <uninitialized>true</uninitialized>
         <run_address>0x6980</run_address>
         <size>0x40</size>
         <input_file_ref idref="fl-7"/>
      </object_component>
      <object_component id="oc-8d">
         <name>EPwm8RegsFile</name>
         <uninitialized>true</uninitialized>
         <run_address>0x69c0</run_address>
         <size>0x40</size>
         <input_file_ref idref="fl-7"/>
      </object_component>
      <object_component id="oc-7f">
         <name>McbspaRegsFile</name>
         <uninitialized>true</uninitialized>
         <run_address>0x5000</run_address>
         <size>0x24</size>
         <input_file_ref idref="fl-7"/>
      </object_component>
      <object_component id="oc-93">
         <name>Usb0RegsFile</name>
         <uninitialized>true</uninitialized>
         <run_address>0x4000</run_address>
         <size>0x454</size>
         <input_file_ref idref="fl-7"/>
      </object_component>
      <object_component id="oc-68">
         <name>CsmPwlFile</name>
         <uninitialized>true</uninitialized>
         <run_address>0x3f7ff8</run_address>
         <size>0x8</size>
         <input_file_ref idref="fl-7"/>
      </object_component>
      <object_component id="oc-5b">
         <name>PartIdRegsFile</name>
         <uninitialized>true</uninitialized>
         <run_address>0x3d7e80</run_address>
         <size>0x1</size>
         <input_file_ref idref="fl-7"/>
      </object_component>
      <object_component id="oc-95">
         <name>ramfuncs</name>
         <load_address>0x50</load_address>
         <run_address>0x50</run_address>
         <size>0x4</size>
         <input_file_ref idref="fl-8"/>
      </object_component>
      <object_component id="oc-a3">
         <name>.text:retain</name>
         <load_address>0x8000</load_address>
         <run_address>0x8000</run_address>
         <size>0x109b</size>
         <input_file_ref idref="fl-a"/>
      </object_component>
      <object_component id="oc-103">
         <name>.text</name>
         <load_address>0x909b</load_address>
         <run_address>0x909b</run_address>
         <size>0x547</size>
         <input_file_ref idref="fl-a"/>
      </object_component>
      <object_component id="oc-109">
         <name>.text</name>
         <load_address>0x95e2</load_address>
         <run_address>0x95e2</run_address>
         <size>0x4a8</size>
         <input_file_ref idref="fl-b"/>
      </object_component>
      <object_component id="oc-116">
         <name>.text</name>
         <load_address>0x9a8a</load_address>
         <run_address>0x9a8a</run_address>
         <size>0x1fe</size>
         <input_file_ref idref="fl-9"/>
      </object_component>
      <object_component id="oc-ab">
         <name>.text:retain</name>
         <load_address>0x9c88</load_address>
         <run_address>0x9c88</run_address>
         <size>0xb9</size>
         <input_file_ref idref="fl-b"/>
      </object_component>
      <object_component id="oc-117">
         <name>.text</name>
         <load_address>0x9d41</load_address>
         <run_address>0x9d41</run_address>
         <size>0x71</size>
         <input_file_ref idref="fl-6"/>
      </object_component>
      <object_component id="oc-4e">
         <name>.text</name>
         <load_address>0x9db2</load_address>
         <run_address>0x9db2</run_address>
         <size>0x56</size>
         <input_file_ref idref="fl-e"/>
      </object_component>
      <object_component id="oc-f2">
         <name>.text</name>
         <load_address>0x9e08</load_address>
         <run_address>0x9e08</run_address>
         <size>0x4f</size>
         <input_file_ref idref="fl-1c"/>
      </object_component>
      <object_component id="oc-4f">
         <name>.text</name>
         <load_address>0x9e57</load_address>
         <run_address>0x9e57</run_address>
         <size>0x4b</size>
         <input_file_ref idref="fl-5"/>
      </object_component>
      <object_component id="oc-ee">
         <name>.text</name>
         <load_address>0x9ea2</load_address>
         <run_address>0x9ea2</run_address>
         <size>0x34</size>
         <input_file_ref idref="fl-1b"/>
      </object_component>
      <object_component id="oc-e6">
         <name>.text</name>
         <load_address>0x9ed6</load_address>
         <run_address>0x9ed6</run_address>
         <size>0x34</size>
         <input_file_ref idref="fl-19"/>
      </object_component>
      <object_component id="oc-100">
         <name>.text</name>
         <load_address>0x9f0a</load_address>
         <run_address>0x9f0a</run_address>
         <size>0x29</size>
         <input_file_ref idref="fl-15"/>
      </object_component>
      <object_component id="oc-fd">
         <name>.text</name>
         <load_address>0x9f33</load_address>
         <run_address>0x9f33</run_address>
         <size>0x24</size>
         <input_file_ref idref="fl-11"/>
      </object_component>
      <object_component id="oc-e2">
         <name>.text</name>
         <load_address>0x9f57</load_address>
         <run_address>0x9f57</run_address>
         <size>0x21</size>
         <input_file_ref idref="fl-18"/>
      </object_component>
      <object_component id="oc-113">
         <name>.text</name>
         <load_address>0x9f78</load_address>
         <run_address>0x9f78</run_address>
         <size>0x1d</size>
         <input_file_ref idref="fl-12"/>
      </object_component>
      <object_component id="oc-ea">
         <name>.text</name>
         <load_address>0x9f95</load_address>
         <run_address>0x9f95</run_address>
         <size>0x19</size>
         <input_file_ref idref="fl-1a"/>
      </object_component>
      <object_component id="oc-11e">
         <name>.text</name>
         <load_address>0x9fae</load_address>
         <run_address>0x9fae</run_address>
         <size>0x15</size>
         <input_file_ref idref="fl-1e"/>
      </object_component>
      <object_component id="oc-ff">
         <name>.text</name>
         <load_address>0x9fc3</load_address>
         <run_address>0x9fc3</run_address>
         <size>0x12</size>
         <input_file_ref idref="fl-17"/>
      </object_component>
      <object_component id="oc-9b">
         <name>.text:retain</name>
         <load_address>0x9fd5</load_address>
         <run_address>0x9fd5</run_address>
         <size>0xa</size>
         <input_file_ref idref="fl-9"/>
      </object_component>
      <object_component id="oc-13b">
         <name>.text</name>
         <load_address>0x9fdf</load_address>
         <run_address>0x9fdf</run_address>
         <size>0x9</size>
         <input_file_ref idref="fl-16"/>
      </object_component>
      <object_component id="oc-fc">
         <name>.text</name>
         <load_address>0x9fe8</load_address>
         <run_address>0x9fe8</run_address>
         <size>0x2</size>
         <input_file_ref idref="fl-13"/>
      </object_component>
      <object_component id="oc-fe">
         <name>.text</name>
         <load_address>0x9fea</load_address>
         <run_address>0x9fea</run_address>
         <size>0x1</size>
         <input_file_ref idref="fl-14"/>
      </object_component>
      <object_component id="oc-a1">
         <name>.cinit</name>
         <load_address>0xab59</load_address>
         <run_address>0xab59</run_address>
         <size>0x350</size>
         <input_file_ref idref="fl-a"/>
      </object_component>
      <object_component id="oc-12e">
         <name>.cinit:_Para_Index_Var</name>
         <load_address>0xaea9</load_address>
         <run_address>0xaea9</run_address>
         <size>0x49</size>
         <input_file_ref idref="fl-b"/>
      </object_component>
      <object_component id="oc-af">
         <name>.cinit:_Ch_Index_Str</name>
         <load_address>0xaef2</load_address>
         <run_address>0xaef2</run_address>
         <size>0x47</size>
         <input_file_ref idref="fl-b"/>
      </object_component>
      <object_component id="oc-120">
         <name>.cinit:_Ch_Index_Var</name>
         <load_address>0xaf39</load_address>
         <run_address>0xaf39</run_address>
         <size>0x47</size>
         <input_file_ref idref="fl-b"/>
      </object_component>
      <object_component id="oc-b0">
         <name>.cinit:_Cmd_Index_Str</name>
         <load_address>0xaf80</load_address>
         <run_address>0xaf80</run_address>
         <size>0x47</size>
         <input_file_ref idref="fl-b"/>
      </object_component>
      <object_component id="oc-132">
         <name>.cinit:_Cmd_Index_Var</name>
         <load_address>0xafc7</load_address>
         <run_address>0xafc7</run_address>
         <size>0x47</size>
         <input_file_ref idref="fl-b"/>
      </object_component>
      <object_component id="oc-b1">
         <name>.cinit:_Node_Index_Str</name>
         <load_address>0xb00e</load_address>
         <run_address>0xb00e</run_address>
         <size>0x47</size>
         <input_file_ref idref="fl-b"/>
      </object_component>
      <object_component id="oc-ae">
         <name>.cinit:_Page0_Str</name>
         <load_address>0xb055</load_address>
         <run_address>0xb055</run_address>
         <size>0x35</size>
         <input_file_ref idref="fl-b"/>
      </object_component>
      <object_component id="oc-144">
         <name>.cinit:_Page0_Var</name>
         <load_address>0xb08a</load_address>
         <run_address>0xb08a</run_address>
         <size>0x35</size>
         <input_file_ref idref="fl-b"/>
      </object_component>
      <object_component id="oc-b2">
         <name>.cinit:_Page1_Str</name>
         <load_address>0xb0bf</load_address>
         <run_address>0xb0bf</run_address>
         <size>0x35</size>
         <input_file_ref idref="fl-b"/>
      </object_component>
      <object_component id="oc-146">
         <name>.cinit:_Page1_Var</name>
         <load_address>0xb0f4</load_address>
         <run_address>0xb0f4</run_address>
         <size>0x35</size>
         <input_file_ref idref="fl-b"/>
      </object_component>
      <object_component id="oc-ad">
         <name>.cinit:_Page2_Str</name>
         <load_address>0xb129</load_address>
         <run_address>0xb129</run_address>
         <size>0x35</size>
         <input_file_ref idref="fl-b"/>
      </object_component>
      <object_component id="oc-148">
         <name>.cinit:_Page2_Var</name>
         <load_address>0xb15e</load_address>
         <run_address>0xb15e</run_address>
         <size>0x35</size>
         <input_file_ref idref="fl-b"/>
      </object_component>
      <object_component id="oc-102">
         <name>.cinit:_Node_ActiveCount</name>
         <load_address>0xb193</load_address>
         <run_address>0xb193</run_address>
         <size>0x25</size>
         <input_file_ref idref="fl-b"/>
      </object_component>
      <object_component id="oc-139">
         <name>.cinit:_Node_DeactiveCount</name>
         <load_address>0xb1b8</load_address>
         <run_address>0xb1b8</run_address>
         <size>0x25</size>
         <input_file_ref idref="fl-b"/>
      </object_component>
      <object_component id="oc-137">
         <name>.cinit:_Node_Status</name>
         <load_address>0xb1dd</load_address>
         <run_address>0xb1dd</run_address>
         <size>0x25</size>
         <input_file_ref idref="fl-b"/>
      </object_component>
      <object_component id="oc-a9">
         <name>.cinit</name>
         <load_address>0xb202</load_address>
         <run_address>0xb202</run_address>
         <size>0x23</size>
         <input_file_ref idref="fl-b"/>
      </object_component>
      <object_component id="oc-10a">
         <name>.cinit:_switch_ackfunction</name>
         <load_address>0xb225</load_address>
         <run_address>0xb225</run_address>
         <size>0x1f</size>
         <input_file_ref idref="fl-b"/>
      </object_component>
      <object_component id="oc-13e">
         <name>.cinit:_Page0_VarType</name>
         <load_address>0xb244</load_address>
         <run_address>0xb244</run_address>
         <size>0x1c</size>
         <input_file_ref idref="fl-b"/>
      </object_component>
      <object_component id="oc-140">
         <name>.cinit:_Page1_VarType</name>
         <load_address>0xb260</load_address>
         <run_address>0xb260</run_address>
         <size>0x1c</size>
         <input_file_ref idref="fl-b"/>
      </object_component>
      <object_component id="oc-142">
         <name>.cinit:_Page2_VarType</name>
         <load_address>0xb27c</load_address>
         <run_address>0xb27c</run_address>
         <size>0x1c</size>
         <input_file_ref idref="fl-b"/>
      </object_component>
      <object_component id="oc-108">
         <name>.cinit:_Sci_Bytes</name>
         <load_address>0xb298</load_address>
         <run_address>0xb298</run_address>
         <size>0x12</size>
         <input_file_ref idref="fl-b"/>
      </object_component>
      <object_component id="oc-106">
         <name>.cinit:_Sci_Headtable</name>
         <load_address>0xb2aa</load_address>
         <run_address>0xb2aa</run_address>
         <size>0x12</size>
         <input_file_ref idref="fl-b"/>
      </object_component>
      <object_component id="oc-d2">
         <name>.cinit</name>
         <load_address>0xb2bc</load_address>
         <run_address>0xb2bc</run_address>
         <size>0xe</size>
         <input_file_ref idref="fl-15"/>
      </object_component>
      <object_component id="oc-10d">
         <name>.cinit:_Page_Str</name>
         <load_address>0xb2ca</load_address>
         <run_address>0xb2ca</run_address>
         <size>0x9</size>
         <input_file_ref idref="fl-b"/>
      </object_component>
      <object_component id="oc-12a">
         <name>.cinit:_Page_Var</name>
         <load_address>0xb2d3</load_address>
         <run_address>0xb2d3</run_address>
         <size>0x9</size>
         <input_file_ref idref="fl-b"/>
      </object_component>
      <object_component id="oc-128">
         <name>.cinit:_Page_VarType</name>
         <load_address>0xb2dc</load_address>
         <run_address>0xb2dc</run_address>
         <size>0x9</size>
         <input_file_ref idref="fl-b"/>
      </object_component>
      <object_component id="oc-11d">
         <name>.cinit:_Chx_Index</name>
         <load_address>0xb2e5</load_address>
         <run_address>0xb2e5</run_address>
         <size>0x7</size>
         <input_file_ref idref="fl-b"/>
      </object_component>
      <object_component id="oc-126">
         <name>.cinit:_Page_Size</name>
         <load_address>0xb2ec</load_address>
         <run_address>0xb2ec</run_address>
         <size>0x6</size>
         <input_file_ref idref="fl-b"/>
      </object_component>
      <object_component id="oc-115">
         <name>.cinit:__lock</name>
         <load_address>0xb2f2</load_address>
         <run_address>0xb2f2</run_address>
         <size>0x5</size>
         <input_file_ref idref="fl-16"/>
      </object_component>
      <object_component id="oc-13c">
         <name>.cinit:__unlock</name>
         <load_address>0xb2f7</load_address>
         <run_address>0xb2f7</run_address>
         <size>0x5</size>
         <input_file_ref idref="fl-16"/>
      </object_component>
      <object_component id="oc-b8">
         <name>.reset</name>
         <load_address>0x3fffc0</load_address>
         <run_address>0x3fffc0</run_address>
         <size>0x2</size>
         <input_file_ref idref="fl-e"/>
      </object_component>
      <object_component id="oc-b7">
         <name>.stack</name>
         <uninitialized>true</uninitialized>
         <run_address>0x400</run_address>
         <size>0x0</size>
         <input_file_ref idref="fl-e"/>
      </object_component>
      <object_component id="oc-1a1">
         <name>.stack</name>
         <uninitialized>true</uninitialized>
         <run_address>0x400</run_address>
         <size>0x0</size>
      </object_component>
      <object_component id="oc-a2">
         <name>.ebss</name>
         <uninitialized>true</uninitialized>
         <run_address>0xb300</run_address>
         <size>0x2e8</size>
         <input_file_ref idref="fl-a"/>
      </object_component>
      <object_component id="oc-118">
         <name>.ebss:_VTimer0</name>
         <uninitialized>true</uninitialized>
         <run_address>0xb6fc</run_address>
         <size>0x4</size>
         <input_file_ref idref="fl-a"/>
      </object_component>
      <object_component id="oc-119">
         <name>.ebss:_VTimer1</name>
         <uninitialized>true</uninitialized>
         <run_address>0xb77c</run_address>
         <size>0x4</size>
         <input_file_ref idref="fl-a"/>
      </object_component>
      <object_component id="oc-11a">
         <name>.ebss:_VTimer2</name>
         <uninitialized>true</uninitialized>
         <run_address>0xb7fc</run_address>
         <size>0x4</size>
         <input_file_ref idref="fl-a"/>
      </object_component>
      <object_component id="oc-aa">
         <name>.ebss</name>
         <uninitialized>true</uninitialized>
         <run_address>0xba10</run_address>
         <size>0xc</size>
         <input_file_ref idref="fl-b"/>
      </object_component>
      <object_component id="oc-125">
         <name>.ebss:_Page_Size</name>
         <uninitialized>true</uninitialized>
         <run_address>0xb876</run_address>
         <size>0x3</size>
         <input_file_ref idref="fl-b"/>
      </object_component>
      <object_component id="oc-11c">
         <name>.ebss:_Chx_Index</name>
         <uninitialized>true</uninitialized>
         <run_address>0xb5fc</run_address>
         <size>0x4</size>
         <input_file_ref idref="fl-b"/>
      </object_component>
      <object_component id="oc-124">
         <name>.ebss:_Page_Str</name>
         <uninitialized>true</uninitialized>
         <run_address>0xb678</run_address>
         <size>0x6</size>
         <input_file_ref idref="fl-b"/>
      </object_component>
      <object_component id="oc-127">
         <name>.ebss:_Page_VarType</name>
         <uninitialized>true</uninitialized>
         <run_address>0xb776</run_address>
         <size>0x6</size>
         <input_file_ref idref="fl-b"/>
      </object_component>
      <object_component id="oc-129">
         <name>.ebss:_Page_Var</name>
         <uninitialized>true</uninitialized>
         <run_address>0xb6f6</run_address>
         <size>0x6</size>
         <input_file_ref idref="fl-b"/>
      </object_component>
      <object_component id="oc-105">
         <name>.ebss:_Sci_Headtable</name>
         <uninitialized>true</uninitialized>
         <run_address>0xba00</run_address>
         <size>0xf</size>
         <input_file_ref idref="fl-b"/>
      </object_component>
      <object_component id="oc-107">
         <name>.ebss:_Sci_Bytes</name>
         <uninitialized>true</uninitialized>
         <run_address>0xb9ed</run_address>
         <size>0xf</size>
         <input_file_ref idref="fl-b"/>
      </object_component>
      <object_component id="oc-13a">
         <name>.ebss:_sdataB</name>
         <uninitialized>true</uninitialized>
         <run_address>0xb9d9</run_address>
         <size>0x14</size>
         <input_file_ref idref="fl-b"/>
      </object_component>
      <object_component id="oc-104">
         <name>.ebss:_rdataB</name>
         <uninitialized>true</uninitialized>
         <run_address>0xb5e8</run_address>
         <size>0x14</size>
         <input_file_ref idref="fl-b"/>
      </object_component>
      <object_component id="oc-13d">
         <name>.ebss:_Page0_VarType</name>
         <uninitialized>true</uninitialized>
         <run_address>0xb962</run_address>
         <size>0x19</size>
         <input_file_ref idref="fl-b"/>
      </object_component>
      <object_component id="oc-13f">
         <name>.ebss:_Page1_VarType</name>
         <uninitialized>true</uninitialized>
         <run_address>0xb9a2</run_address>
         <size>0x19</size>
         <input_file_ref idref="fl-b"/>
      </object_component>
      <object_component id="oc-141">
         <name>.ebss:_Page2_VarType</name>
         <uninitialized>true</uninitialized>
         <run_address>0xb9c0</run_address>
         <size>0x19</size>
         <input_file_ref idref="fl-b"/>
      </object_component>
      <object_component id="oc-10b">
         <name>.ebss:_switch_ackfunction</name>
         <uninitialized>true</uninitialized>
         <run_address>0xb922</run_address>
         <size>0x1c</size>
         <input_file_ref idref="fl-b"/>
      </object_component>
      <object_component id="oc-136">
         <name>.ebss:_Node_Status</name>
         <uninitialized>true</uninitialized>
         <run_address>0xb980</run_address>
         <size>0x22</size>
         <input_file_ref idref="fl-b"/>
      </object_component>
      <object_component id="oc-101">
         <name>.ebss:_Node_ActiveCount</name>
         <uninitialized>true</uninitialized>
         <run_address>0xb900</run_address>
         <size>0x22</size>
         <input_file_ref idref="fl-b"/>
      </object_component>
      <object_component id="oc-138">
         <name>.ebss:_Node_DeactiveCount</name>
         <uninitialized>true</uninitialized>
         <run_address>0xb940</run_address>
         <size>0x22</size>
         <input_file_ref idref="fl-b"/>
      </object_component>
      <object_component id="oc-10e">
         <name>.ebss:_Page0_Str</name>
         <uninitialized>true</uninitialized>
         <run_address>0xb646</run_address>
         <size>0x32</size>
         <input_file_ref idref="fl-b"/>
      </object_component>
      <object_component id="oc-112">
         <name>.ebss:_Page1_Str</name>
         <uninitialized>true</uninitialized>
         <run_address>0xb744</run_address>
         <size>0x32</size>
         <input_file_ref idref="fl-b"/>
      </object_component>
      <object_component id="oc-10c">
         <name>.ebss:_Page2_Str</name>
         <uninitialized>true</uninitialized>
         <run_address>0xb844</run_address>
         <size>0x32</size>
         <input_file_ref idref="fl-b"/>
      </object_component>
      <object_component id="oc-143">
         <name>.ebss:_Page0_Var</name>
         <uninitialized>true</uninitialized>
         <run_address>0xb6c4</run_address>
         <size>0x32</size>
         <input_file_ref idref="fl-b"/>
      </object_component>
      <object_component id="oc-145">
         <name>.ebss:_Page1_Var</name>
         <uninitialized>true</uninitialized>
         <run_address>0xb7c4</run_address>
         <size>0x32</size>
         <input_file_ref idref="fl-b"/>
      </object_component>
      <object_component id="oc-147">
         <name>.ebss:_Page2_Var</name>
         <uninitialized>true</uninitialized>
         <run_address>0xb8c4</run_address>
         <size>0x32</size>
         <input_file_ref idref="fl-b"/>
      </object_component>
      <object_component id="oc-10f">
         <name>.ebss:_Ch_Index_Str</name>
         <uninitialized>true</uninitialized>
         <run_address>0xb680</run_address>
         <size>0x44</size>
         <input_file_ref idref="fl-b"/>
      </object_component>
      <object_component id="oc-110">
         <name>.ebss:_Cmd_Index_Str</name>
         <uninitialized>true</uninitialized>
         <run_address>0xb780</run_address>
         <size>0x44</size>
         <input_file_ref idref="fl-b"/>
      </object_component>
      <object_component id="oc-111">
         <name>.ebss:_Node_Index_Str</name>
         <uninitialized>true</uninitialized>
         <run_address>0xb880</run_address>
         <size>0x44</size>
         <input_file_ref idref="fl-b"/>
      </object_component>
      <object_component id="oc-11f">
         <name>.ebss:_Ch_Index_Var</name>
         <uninitialized>true</uninitialized>
         <run_address>0xb700</run_address>
         <size>0x44</size>
         <input_file_ref idref="fl-b"/>
      </object_component>
      <object_component id="oc-131">
         <name>.ebss:_Cmd_Index_Var</name>
         <uninitialized>true</uninitialized>
         <run_address>0xb800</run_address>
         <size>0x44</size>
         <input_file_ref idref="fl-b"/>
      </object_component>
      <object_component id="oc-12d">
         <name>.ebss:_Para_Index_Var</name>
         <uninitialized>true</uninitialized>
         <run_address>0xb600</run_address>
         <size>0x46</size>
         <input_file_ref idref="fl-b"/>
      </object_component>
      <object_component id="oc-d3">
         <name>.ebss</name>
         <uninitialized>true</uninitialized>
         <run_address>0xb7f6</run_address>
         <size>0x6</size>
         <input_file_ref idref="fl-15"/>
      </object_component>
      <object_component id="oc-114">
         <name>.ebss:__lock</name>
         <uninitialized>true</uninitialized>
         <run_address>0xb2fe</run_address>
         <size>0x2</size>
         <input_file_ref idref="fl-16"/>
      </object_component>
      <object_component id="oc-149">
         <name>.ebss:__unlock</name>
         <uninitialized>true</uninitialized>
         <run_address>0xb67e</run_address>
         <size>0x2</size>
         <input_file_ref idref="fl-16"/>
      </object_component>
      <object_component id="oc-ac">
         <name>.econst:.string</name>
         <load_address>0x9fec</load_address>
         <run_address>0x9fec</run_address>
         <size>0xb5d</size>
         <input_file_ref idref="fl-b"/>
      </object_component>
      <object_component id="oc-121">
         <name>.econst:_$P$T1$2</name>
         <load_address>0xab49</load_address>
         <run_address>0xab49</run_address>
         <size>0x2</size>
         <input_file_ref idref="fl-b"/>
      </object_component>
      <object_component id="oc-122">
         <name>.econst:_$P$T2$3</name>
         <load_address>0xab4b</load_address>
         <run_address>0xab4b</run_address>
         <size>0x2</size>
         <input_file_ref idref="fl-b"/>
      </object_component>
      <object_component id="oc-123">
         <name>.econst:_$P$T3$4</name>
         <load_address>0xab4d</load_address>
         <run_address>0xab4d</run_address>
         <size>0x2</size>
         <input_file_ref idref="fl-b"/>
      </object_component>
      <object_component id="oc-12b">
         <name>.econst:_$P$T4$5</name>
         <load_address>0xab4f</load_address>
         <run_address>0xab4f</run_address>
         <size>0x2</size>
         <input_file_ref idref="fl-b"/>
      </object_component>
      <object_component id="oc-133">
         <name>.econst:_$P$T8$9</name>
         <load_address>0xab51</load_address>
         <run_address>0xab51</run_address>
         <size>0x2</size>
         <input_file_ref idref="fl-b"/>
      </object_component>
      <object_component id="oc-11b">
         <name>.econst:_$P$T0$1</name>
         <load_address>0xab53</load_address>
         <run_address>0xab53</run_address>
         <size>0x1</size>
         <input_file_ref idref="fl-b"/>
      </object_component>
      <object_component id="oc-135">
         <name>.econst:_$P$T10$11</name>
         <load_address>0xab54</load_address>
         <run_address>0xab54</run_address>
         <size>0x1</size>
         <input_file_ref idref="fl-b"/>
      </object_component>
      <object_component id="oc-12c">
         <name>.econst:_$P$T5$6</name>
         <load_address>0xab55</load_address>
         <run_address>0xab55</run_address>
         <size>0x1</size>
         <input_file_ref idref="fl-b"/>
      </object_component>
      <object_component id="oc-12f">
         <name>.econst:_$P$T6$7</name>
         <load_address>0xab56</load_address>
         <run_address>0xab56</run_address>
         <size>0x1</size>
         <input_file_ref idref="fl-b"/>
      </object_component>
      <object_component id="oc-130">
         <name>.econst:_$P$T7$8</name>
         <load_address>0xab57</load_address>
         <run_address>0xab57</run_address>
         <size>0x1</size>
         <input_file_ref idref="fl-b"/>
      </object_component>
      <object_component id="oc-134">
         <name>.econst:_$P$T9$10</name>
         <load_address>0xab58</load_address>
         <run_address>0xab58</run_address>
         <size>0x1</size>
         <input_file_ref idref="fl-b"/>
      </object_component>
      <object_component id="oc-f6">
         <name>FPUmathTables</name>
         <load_address>0x3fd590</load_address>
         <run_address>0x3fd590</run_address>
         <size>0x6a0</size>
         <input_file_ref idref="fl-1d"/>
      </object_component>
      <object_component id="oc-50">
         <name>DLOG</name>
         <uninitialized>true</uninitialized>
         <run_address>0x4454</run_address>
         <size>0x320</size>
         <input_file_ref idref="fl-5"/>
      </object_component>
      <object_component id="oc-51">
         <name>.debug_line</name>
         <load_address>0x0</load_address>
         <run_address>0x0</run_address>
         <size>0x7f</size>
         <input_file_ref idref="fl-5"/>
      </object_component>
      <object_component id="oc-57">
         <name>.debug_line</name>
         <load_address>0x7f</load_address>
         <run_address>0x7f</run_address>
         <size>0xa3</size>
         <input_file_ref idref="fl-6"/>
      </object_component>
      <object_component id="oc-96">
         <name>.debug_line</name>
         <load_address>0x122</load_address>
         <run_address>0x122</run_address>
         <size>0x86</size>
         <input_file_ref idref="fl-8"/>
      </object_component>
      <object_component id="oc-9d">
         <name>.debug_line</name>
         <load_address>0x1a8</load_address>
         <run_address>0x1a8</run_address>
         <size>0x1fc</size>
         <input_file_ref idref="fl-9"/>
      </object_component>
      <object_component id="oc-a5">
         <name>.debug_line</name>
         <load_address>0x3a4</load_address>
         <run_address>0x3a4</run_address>
         <size>0x707</size>
         <input_file_ref idref="fl-a"/>
      </object_component>
      <object_component id="oc-b4">
         <name>.debug_line</name>
         <load_address>0xaab</load_address>
         <run_address>0xaab</run_address>
         <size>0x496</size>
         <input_file_ref idref="fl-b"/>
      </object_component>
      <object_component id="oc-ba">
         <name>.debug_line</name>
         <load_address>0xf41</load_address>
         <run_address>0xf41</run_address>
         <size>0x7e</size>
         <input_file_ref idref="fl-e"/>
      </object_component>
      <object_component id="oc-bf">
         <name>.debug_line</name>
         <load_address>0xfbf</load_address>
         <run_address>0xfbf</run_address>
         <size>0x50</size>
         <input_file_ref idref="fl-11"/>
      </object_component>
      <object_component id="oc-c4">
         <name>.debug_line</name>
         <load_address>0x100f</load_address>
         <run_address>0x100f</run_address>
         <size>0x62</size>
         <input_file_ref idref="fl-12"/>
      </object_component>
      <object_component id="oc-c9">
         <name>.debug_line</name>
         <load_address>0x1071</load_address>
         <run_address>0x1071</run_address>
         <size>0x3e</size>
         <input_file_ref idref="fl-13"/>
      </object_component>
      <object_component id="oc-ce">
         <name>.debug_line</name>
         <load_address>0x10af</load_address>
         <run_address>0x10af</run_address>
         <size>0x3a</size>
         <input_file_ref idref="fl-14"/>
      </object_component>
      <object_component id="oc-d5">
         <name>.debug_line</name>
         <load_address>0x10e9</load_address>
         <run_address>0x10e9</run_address>
         <size>0x65</size>
         <input_file_ref idref="fl-15"/>
      </object_component>
      <object_component id="oc-da">
         <name>.debug_line</name>
         <load_address>0x114e</load_address>
         <run_address>0x114e</run_address>
         <size>0x5e</size>
         <input_file_ref idref="fl-16"/>
      </object_component>
      <object_component id="oc-df">
         <name>.debug_line</name>
         <load_address>0x11ac</load_address>
         <run_address>0x11ac</run_address>
         <size>0x4f</size>
         <input_file_ref idref="fl-17"/>
      </object_component>
      <object_component id="oc-e4">
         <name>.debug_line</name>
         <load_address>0x11fb</load_address>
         <run_address>0x11fb</run_address>
         <size>0x80</size>
         <input_file_ref idref="fl-18"/>
      </object_component>
      <object_component id="oc-e8">
         <name>.debug_line</name>
         <load_address>0x127b</load_address>
         <run_address>0x127b</run_address>
         <size>0x88</size>
         <input_file_ref idref="fl-19"/>
      </object_component>
      <object_component id="oc-ec">
         <name>.debug_line</name>
         <load_address>0x1303</load_address>
         <run_address>0x1303</run_address>
         <size>0x7a</size>
         <input_file_ref idref="fl-1a"/>
      </object_component>
      <object_component id="oc-f0">
         <name>.debug_line</name>
         <load_address>0x137d</load_address>
         <run_address>0x137d</run_address>
         <size>0x88</size>
         <input_file_ref idref="fl-1b"/>
      </object_component>
      <object_component id="oc-f4">
         <name>.debug_line</name>
         <load_address>0x1405</load_address>
         <run_address>0x1405</run_address>
         <size>0x99</size>
         <input_file_ref idref="fl-1c"/>
      </object_component>
      <object_component id="oc-f9">
         <name>.debug_line</name>
         <load_address>0x149e</load_address>
         <run_address>0x149e</run_address>
         <size>0xbd</size>
         <input_file_ref idref="fl-1e"/>
      </object_component>
      <object_component id="oc-52">
         <name>.debug_info</name>
         <load_address>0x0</load_address>
         <run_address>0x0</run_address>
         <size>0x10c</size>
         <input_file_ref idref="fl-5"/>
      </object_component>
      <object_component id="oc-55">
         <name>.debug_info</name>
         <load_address>0x10c</load_address>
         <run_address>0x10c</run_address>
         <size>0xeaf</size>
         <input_file_ref idref="fl-6"/>
      </object_component>
      <object_component id="oc-5a">
         <name>.debug_info</name>
         <load_address>0xfbb</load_address>
         <run_address>0xfbb</run_address>
         <size>0x1adc7</size>
         <input_file_ref idref="fl-7"/>
      </object_component>
      <object_component id="oc-97">
         <name>.debug_info</name>
         <load_address>0x1bd82</load_address>
         <run_address>0x1bd82</run_address>
         <size>0x17f</size>
         <input_file_ref idref="fl-8"/>
      </object_component>
      <object_component id="oc-9a">
         <name>.debug_info</name>
         <load_address>0x1bf01</load_address>
         <run_address>0x1bf01</run_address>
         <size>0x4ea9</size>
         <input_file_ref idref="fl-9"/>
      </object_component>
      <object_component id="oc-a0">
         <name>.debug_info</name>
         <load_address>0x20daa</load_address>
         <run_address>0x20daa</run_address>
         <size>0xcd7b</size>
         <input_file_ref idref="fl-a"/>
      </object_component>
      <object_component id="oc-a8">
         <name>.debug_info</name>
         <load_address>0x2db25</load_address>
         <run_address>0x2db25</run_address>
         <size>0x4d48</size>
         <input_file_ref idref="fl-b"/>
      </object_component>
      <object_component id="oc-b9">
         <name>.debug_info</name>
         <load_address>0x3286d</load_address>
         <run_address>0x3286d</run_address>
         <size>0x173</size>
         <input_file_ref idref="fl-e"/>
      </object_component>
      <object_component id="oc-bd">
         <name>.debug_info</name>
         <load_address>0x329e0</load_address>
         <run_address>0x329e0</run_address>
         <size>0x561</size>
         <input_file_ref idref="fl-11"/>
      </object_component>
      <object_component id="oc-c2">
         <name>.debug_info</name>
         <load_address>0x32f41</load_address>
         <run_address>0x32f41</run_address>
         <size>0x43a</size>
         <input_file_ref idref="fl-12"/>
      </object_component>
      <object_component id="oc-c7">
         <name>.debug_info</name>
         <load_address>0x3337b</load_address>
         <run_address>0x3337b</run_address>
         <size>0x3ad</size>
         <input_file_ref idref="fl-13"/>
      </object_component>
      <object_component id="oc-cc">
         <name>.debug_info</name>
         <load_address>0x33728</load_address>
         <run_address>0x33728</run_address>
         <size>0x3aa</size>
         <input_file_ref idref="fl-14"/>
      </object_component>
      <object_component id="oc-d1">
         <name>.debug_info</name>
         <load_address>0x33ad2</load_address>
         <run_address>0x33ad2</run_address>
         <size>0x544</size>
         <input_file_ref idref="fl-15"/>
      </object_component>
      <object_component id="oc-d8">
         <name>.debug_info</name>
         <load_address>0x34016</load_address>
         <run_address>0x34016</run_address>
         <size>0x4cc</size>
         <input_file_ref idref="fl-16"/>
      </object_component>
      <object_component id="oc-dd">
         <name>.debug_info</name>
         <load_address>0x344e2</load_address>
         <run_address>0x344e2</run_address>
         <size>0x467</size>
         <input_file_ref idref="fl-17"/>
      </object_component>
      <object_component id="oc-e3">
         <name>.debug_info</name>
         <load_address>0x34949</load_address>
         <run_address>0x34949</run_address>
         <size>0x144</size>
         <input_file_ref idref="fl-18"/>
      </object_component>
      <object_component id="oc-e7">
         <name>.debug_info</name>
         <load_address>0x34a8d</load_address>
         <run_address>0x34a8d</run_address>
         <size>0x142</size>
         <input_file_ref idref="fl-19"/>
      </object_component>
      <object_component id="oc-eb">
         <name>.debug_info</name>
         <load_address>0x34bcf</load_address>
         <run_address>0x34bcf</run_address>
         <size>0x142</size>
         <input_file_ref idref="fl-1a"/>
      </object_component>
      <object_component id="oc-ef">
         <name>.debug_info</name>
         <load_address>0x34d11</load_address>
         <run_address>0x34d11</run_address>
         <size>0x142</size>
         <input_file_ref idref="fl-1b"/>
      </object_component>
      <object_component id="oc-f3">
         <name>.debug_info</name>
         <load_address>0x34e53</load_address>
         <run_address>0x34e53</run_address>
         <size>0x147</size>
         <input_file_ref idref="fl-1c"/>
      </object_component>
      <object_component id="oc-f7">
         <name>.debug_info</name>
         <load_address>0x34f9a</load_address>
         <run_address>0x34f9a</run_address>
         <size>0x50e</size>
         <input_file_ref idref="fl-1e"/>
      </object_component>
      <object_component id="oc-1a2">
         <name>.debug_info</name>
         <load_address>0x354a8</load_address>
         <run_address>0x354a8</run_address>
         <size>0xbc</size>
      </object_component>
      <object_component id="oc-53">
         <name>.debug_abbrev</name>
         <load_address>0x0</load_address>
         <run_address>0x0</run_address>
         <size>0x2f</size>
         <input_file_ref idref="fl-5"/>
      </object_component>
      <object_component id="oc-58">
         <name>.debug_abbrev</name>
         <load_address>0x2f</load_address>
         <run_address>0x2f</run_address>
         <size>0x11a</size>
         <input_file_ref idref="fl-6"/>
      </object_component>
      <object_component id="oc-94">
         <name>.debug_abbrev</name>
         <load_address>0x149</load_address>
         <run_address>0x149</run_address>
         <size>0xc4</size>
         <input_file_ref idref="fl-7"/>
      </object_component>
      <object_component id="oc-98">
         <name>.debug_abbrev</name>
         <load_address>0x20d</load_address>
         <run_address>0x20d</run_address>
         <size>0x2f</size>
         <input_file_ref idref="fl-8"/>
      </object_component>
      <object_component id="oc-9e">
         <name>.debug_abbrev</name>
         <load_address>0x23c</load_address>
         <run_address>0x23c</run_address>
         <size>0x17f</size>
         <input_file_ref idref="fl-9"/>
      </object_component>
      <object_component id="oc-a6">
         <name>.debug_abbrev</name>
         <load_address>0x3bb</load_address>
         <run_address>0x3bb</run_address>
         <size>0x239</size>
         <input_file_ref idref="fl-a"/>
      </object_component>
      <object_component id="oc-b5">
         <name>.debug_abbrev</name>
         <load_address>0x5f4</load_address>
         <run_address>0x5f4</run_address>
         <size>0x239</size>
         <input_file_ref idref="fl-b"/>
      </object_component>
      <object_component id="oc-bb">
         <name>.debug_abbrev</name>
         <load_address>0x82d</load_address>
         <run_address>0x82d</run_address>
         <size>0x46</size>
         <input_file_ref idref="fl-e"/>
      </object_component>
      <object_component id="oc-c0">
         <name>.debug_abbrev</name>
         <load_address>0x873</load_address>
         <run_address>0x873</run_address>
         <size>0xe3</size>
         <input_file_ref idref="fl-11"/>
      </object_component>
      <object_component id="oc-c5">
         <name>.debug_abbrev</name>
         <load_address>0x956</load_address>
         <run_address>0x956</run_address>
         <size>0xa8</size>
         <input_file_ref idref="fl-12"/>
      </object_component>
      <object_component id="oc-ca">
         <name>.debug_abbrev</name>
         <load_address>0x9fe</load_address>
         <run_address>0x9fe</run_address>
         <size>0x68</size>
         <input_file_ref idref="fl-13"/>
      </object_component>
      <object_component id="oc-cf">
         <name>.debug_abbrev</name>
         <load_address>0xa66</load_address>
         <run_address>0xa66</run_address>
         <size>0x66</size>
         <input_file_ref idref="fl-14"/>
      </object_component>
      <object_component id="oc-d6">
         <name>.debug_abbrev</name>
         <load_address>0xacc</load_address>
         <run_address>0xacc</run_address>
         <size>0x130</size>
         <input_file_ref idref="fl-15"/>
      </object_component>
      <object_component id="oc-db">
         <name>.debug_abbrev</name>
         <load_address>0xbfc</load_address>
         <run_address>0xbfc</run_address>
         <size>0xb2</size>
         <input_file_ref idref="fl-16"/>
      </object_component>
      <object_component id="oc-e0">
         <name>.debug_abbrev</name>
         <load_address>0xcae</load_address>
         <run_address>0xcae</run_address>
         <size>0xee</size>
         <input_file_ref idref="fl-17"/>
      </object_component>
      <object_component id="oc-e5">
         <name>.debug_abbrev</name>
         <load_address>0xd9c</load_address>
         <run_address>0xd9c</run_address>
         <size>0x2c</size>
         <input_file_ref idref="fl-18"/>
      </object_component>
      <object_component id="oc-e9">
         <name>.debug_abbrev</name>
         <load_address>0xdc8</load_address>
         <run_address>0xdc8</run_address>
         <size>0x2c</size>
         <input_file_ref idref="fl-19"/>
      </object_component>
      <object_component id="oc-ed">
         <name>.debug_abbrev</name>
         <load_address>0xdf4</load_address>
         <run_address>0xdf4</run_address>
         <size>0x2c</size>
         <input_file_ref idref="fl-1a"/>
      </object_component>
      <object_component id="oc-f1">
         <name>.debug_abbrev</name>
         <load_address>0xe20</load_address>
         <run_address>0xe20</run_address>
         <size>0x2c</size>
         <input_file_ref idref="fl-1b"/>
      </object_component>
      <object_component id="oc-f5">
         <name>.debug_abbrev</name>
         <load_address>0xe4c</load_address>
         <run_address>0xe4c</run_address>
         <size>0x2c</size>
         <input_file_ref idref="fl-1c"/>
      </object_component>
      <object_component id="oc-fa">
         <name>.debug_abbrev</name>
         <load_address>0xe78</load_address>
         <run_address>0xe78</run_address>
         <size>0xaf</size>
         <input_file_ref idref="fl-1e"/>
      </object_component>
      <object_component id="oc-1a3">
         <name>.debug_abbrev</name>
         <load_address>0xf27</load_address>
         <run_address>0xf27</run_address>
         <size>0xf</size>
      </object_component>
      <object_component id="oc-54">
         <name>.debug_aranges</name>
         <load_address>0x0</load_address>
         <run_address>0x0</run_address>
         <size>0x20</size>
         <input_file_ref idref="fl-5"/>
      </object_component>
      <object_component id="oc-59">
         <name>.debug_aranges</name>
         <load_address>0x20</load_address>
         <run_address>0x20</run_address>
         <size>0x30</size>
         <input_file_ref idref="fl-6"/>
      </object_component>
      <object_component id="oc-99">
         <name>.debug_aranges</name>
         <load_address>0x50</load_address>
         <run_address>0x50</run_address>
         <size>0x20</size>
         <input_file_ref idref="fl-8"/>
      </object_component>
      <object_component id="oc-9f">
         <name>.debug_aranges</name>
         <load_address>0x70</load_address>
         <run_address>0x70</run_address>
         <size>0x50</size>
         <input_file_ref idref="fl-9"/>
      </object_component>
      <object_component id="oc-a7">
         <name>.debug_aranges</name>
         <load_address>0xc0</load_address>
         <run_address>0xc0</run_address>
         <size>0xb0</size>
         <input_file_ref idref="fl-a"/>
      </object_component>
      <object_component id="oc-b6">
         <name>.debug_aranges</name>
         <load_address>0x170</load_address>
         <run_address>0x170</run_address>
         <size>0xd8</size>
         <input_file_ref idref="fl-b"/>
      </object_component>
      <object_component id="oc-bc">
         <name>.debug_aranges</name>
         <load_address>0x248</load_address>
         <run_address>0x248</run_address>
         <size>0x20</size>
         <input_file_ref idref="fl-e"/>
      </object_component>
      <object_component id="oc-c1">
         <name>.debug_aranges</name>
         <load_address>0x268</load_address>
         <run_address>0x268</run_address>
         <size>0x20</size>
         <input_file_ref idref="fl-11"/>
      </object_component>
      <object_component id="oc-c6">
         <name>.debug_aranges</name>
         <load_address>0x288</load_address>
         <run_address>0x288</run_address>
         <size>0x20</size>
         <input_file_ref idref="fl-12"/>
      </object_component>
      <object_component id="oc-cb">
         <name>.debug_aranges</name>
         <load_address>0x2a8</load_address>
         <run_address>0x2a8</run_address>
         <size>0x20</size>
         <input_file_ref idref="fl-13"/>
      </object_component>
      <object_component id="oc-d0">
         <name>.debug_aranges</name>
         <load_address>0x2c8</load_address>
         <run_address>0x2c8</run_address>
         <size>0x20</size>
         <input_file_ref idref="fl-14"/>
      </object_component>
      <object_component id="oc-d7">
         <name>.debug_aranges</name>
         <load_address>0x2e8</load_address>
         <run_address>0x2e8</run_address>
         <size>0x28</size>
         <input_file_ref idref="fl-15"/>
      </object_component>
      <object_component id="oc-dc">
         <name>.debug_aranges</name>
         <load_address>0x310</load_address>
         <run_address>0x310</run_address>
         <size>0x30</size>
         <input_file_ref idref="fl-16"/>
      </object_component>
      <object_component id="oc-e1">
         <name>.debug_aranges</name>
         <load_address>0x340</load_address>
         <run_address>0x340</run_address>
         <size>0x20</size>
         <input_file_ref idref="fl-17"/>
      </object_component>
      <object_component id="oc-fb">
         <name>.debug_aranges</name>
         <load_address>0x360</load_address>
         <run_address>0x360</run_address>
         <size>0x20</size>
         <input_file_ref idref="fl-1e"/>
      </object_component>
      <object_component id="oc-56">
         <name>.debug_frame</name>
         <load_address>0x0</load_address>
         <run_address>0x0</run_address>
         <size>0x7c</size>
         <input_file_ref idref="fl-6"/>
      </object_component>
      <object_component id="oc-9c">
         <name>.debug_frame</name>
         <load_address>0x7c</load_address>
         <run_address>0x7c</run_address>
         <size>0xe4</size>
         <input_file_ref idref="fl-9"/>
      </object_component>
      <object_component id="oc-a4">
         <name>.debug_frame</name>
         <load_address>0x160</load_address>
         <run_address>0x160</run_address>
         <size>0x2e0</size>
         <input_file_ref idref="fl-a"/>
      </object_component>
      <object_component id="oc-b3">
         <name>.debug_frame</name>
         <load_address>0x440</load_address>
         <run_address>0x440</run_address>
         <size>0x344</size>
         <input_file_ref idref="fl-b"/>
      </object_component>
      <object_component id="oc-be">
         <name>.debug_frame</name>
         <load_address>0x784</load_address>
         <run_address>0x784</run_address>
         <size>0x60</size>
         <input_file_ref idref="fl-11"/>
      </object_component>
      <object_component id="oc-c3">
         <name>.debug_frame</name>
         <load_address>0x7e4</load_address>
         <run_address>0x7e4</run_address>
         <size>0x40</size>
         <input_file_ref idref="fl-12"/>
      </object_component>
      <object_component id="oc-c8">
         <name>.debug_frame</name>
         <load_address>0x824</load_address>
         <run_address>0x824</run_address>
         <size>0x40</size>
         <input_file_ref idref="fl-13"/>
      </object_component>
      <object_component id="oc-cd">
         <name>.debug_frame</name>
         <load_address>0x864</load_address>
         <run_address>0x864</run_address>
         <size>0x40</size>
         <input_file_ref idref="fl-14"/>
      </object_component>
      <object_component id="oc-d4">
         <name>.debug_frame</name>
         <load_address>0x8a4</load_address>
         <run_address>0x8a4</run_address>
         <size>0x60</size>
         <input_file_ref idref="fl-15"/>
      </object_component>
      <object_component id="oc-d9">
         <name>.debug_frame</name>
         <load_address>0x904</load_address>
         <run_address>0x904</run_address>
         <size>0x70</size>
         <input_file_ref idref="fl-16"/>
      </object_component>
      <object_component id="oc-de">
         <name>.debug_frame</name>
         <load_address>0x974</load_address>
         <run_address>0x974</run_address>
         <size>0x40</size>
         <input_file_ref idref="fl-17"/>
      </object_component>
      <object_component id="oc-f8">
         <name>.debug_frame</name>
         <load_address>0x9b4</load_address>
         <run_address>0x9b4</run_address>
         <size>0x40</size>
         <input_file_ref idref="fl-1e"/>
      </object_component>
   </object_component_list>
   <logical_group_list>
      <logical_group id="lg-3" display="no" color="cyan">
         <name>PieVectTableFile</name>
         <run_address>0xd00</run_address>
         <size>0x100</size>
         <contents>
            <object_component_ref idref="oc-92"/>
         </contents>
      </logical_group>
      <logical_group id="lg-5" display="no" color="cyan">
         <name>EmuKeyVar</name>
         <run_address>0xd00</run_address>
         <size>0x1</size>
         <contents>
            <object_component_ref idref="oc-5c"/>
         </contents>
      </logical_group>
      <logical_group id="lg-6" display="no" color="cyan">
         <name>EmuBModeVar</name>
         <run_address>0xd01</run_address>
         <size>0x1</size>
         <contents>
            <object_component_ref idref="oc-5d"/>
         </contents>
      </logical_group>
      <logical_group id="lg-7" display="no" color="cyan">
         <name>FlashCallbackVar</name>
         <run_address>0xd02</run_address>
         <size>0x2</size>
         <contents>
            <object_component_ref idref="oc-5f"/>
         </contents>
      </logical_group>
      <logical_group id="lg-8" display="no" color="cyan">
         <name>FlashScalingVar</name>
         <run_address>0xd04</run_address>
         <size>0x2</size>
         <contents>
            <object_component_ref idref="oc-5e"/>
         </contents>
      </logical_group>
      <logical_group id="lg-4" display="no" color="cyan">
         <name>GROUP_2</name>
         <run_address>0xd00</run_address>
         <size>0x6</size>
         <contents>
            <logical_group_ref idref="lg-5"/>
            <logical_group_ref idref="lg-6"/>
            <logical_group_ref idref="lg-7"/>
            <logical_group_ref idref="lg-8"/>
         </contents>
      </logical_group>
      <overlay id="lg-2" display="no" color="cyan">
         <name>UNION_1</name>
         <run_address>0xd00</run_address>
         <size>0x100</size>
         <contents>
            <logical_group_ref idref="lg-3"/>
            <logical_group_ref idref="lg-4"/>
         </contents>
      </overlay>
      <logical_group id="lg-9" display="no" color="cyan">
         <name>DevEmuRegsFile</name>
         <run_address>0x880</run_address>
         <size>0x4</size>
         <contents>
            <object_component_ref idref="oc-61"/>
         </contents>
      </logical_group>
      <logical_group id="lg-a" display="no" color="cyan">
         <name>SysPwrCtrlRegsFile</name>
         <run_address>0x985</run_address>
         <size>0x3</size>
         <contents>
            <object_component_ref idref="oc-60"/>
         </contents>
      </logical_group>
      <logical_group id="lg-b" display="no" color="cyan">
         <name>FlashRegsFile</name>
         <run_address>0xa80</run_address>
         <size>0x8</size>
         <contents>
            <object_component_ref idref="oc-69"/>
         </contents>
      </logical_group>
      <logical_group id="lg-c" display="no" color="cyan">
         <name>CsmRegsFile</name>
         <run_address>0xae0</run_address>
         <size>0x10</size>
         <contents>
            <object_component_ref idref="oc-6b"/>
         </contents>
      </logical_group>
      <logical_group id="lg-d" display="no" color="cyan">
         <name>AdcResultFile</name>
         <run_address>0xb00</run_address>
         <size>0x10</size>
         <contents>
            <object_component_ref idref="oc-6a"/>
         </contents>
      </logical_group>
      <logical_group id="lg-e" display="no" color="cyan">
         <name>CpuTimer0RegsFile</name>
         <run_address>0xc00</run_address>
         <size>0x8</size>
         <contents>
            <object_component_ref idref="oc-65"/>
         </contents>
      </logical_group>
      <logical_group id="lg-f" display="no" color="cyan">
         <name>CpuTimer1RegsFile</name>
         <run_address>0xc08</run_address>
         <size>0x8</size>
         <contents>
            <object_component_ref idref="oc-66"/>
         </contents>
      </logical_group>
      <logical_group id="lg-10" display="no" color="cyan">
         <name>CpuTimer2RegsFile</name>
         <run_address>0xc10</run_address>
         <size>0x8</size>
         <contents>
            <object_component_ref idref="oc-67"/>
         </contents>
      </logical_group>
      <logical_group id="lg-11" display="no" color="cyan">
         <name>PieCtrlRegsFile</name>
         <run_address>0xce0</run_address>
         <size>0x1a</size>
         <contents>
            <object_component_ref idref="oc-72"/>
         </contents>
      </logical_group>
      <logical_group id="lg-12" display="no" color="cyan">
         <name>Cla1RegsFile</name>
         <run_address>0x1400</run_address>
         <size>0x40</size>
         <contents>
            <object_component_ref idref="oc-82"/>
         </contents>
      </logical_group>
      <logical_group id="lg-13" display="no" color="cyan">
         <name>DmaRegsFile</name>
         <run_address>0x1000</run_address>
         <size>0xe0</size>
         <contents>
            <object_component_ref idref="oc-90"/>
         </contents>
      </logical_group>
      <logical_group id="lg-14" display="no" color="cyan">
         <name>ECanaRegsFile</name>
         <run_address>0x6000</run_address>
         <size>0x34</size>
         <contents>
            <object_component_ref idref="oc-81"/>
         </contents>
      </logical_group>
      <logical_group id="lg-15" display="no" color="cyan">
         <name>ECanaLAMRegsFile</name>
         <run_address>0x6040</run_address>
         <size>0x40</size>
         <contents>
            <object_component_ref idref="oc-83"/>
         </contents>
      </logical_group>
      <logical_group id="lg-16" display="no" color="cyan">
         <name>ECanaMboxesFile</name>
         <run_address>0x6100</run_address>
         <size>0x100</size>
         <contents>
            <object_component_ref idref="oc-91"/>
         </contents>
      </logical_group>
      <logical_group id="lg-17" display="no" color="cyan">
         <name>ECanaMOTSRegsFile</name>
         <run_address>0x6080</run_address>
         <size>0x40</size>
         <contents>
            <object_component_ref idref="oc-84"/>
         </contents>
      </logical_group>
      <logical_group id="lg-18" display="no" color="cyan">
         <name>ECanaMOTORegsFile</name>
         <run_address>0x60c0</run_address>
         <size>0x40</size>
         <contents>
            <object_component_ref idref="oc-85"/>
         </contents>
      </logical_group>
      <logical_group id="lg-19" display="no" color="cyan">
         <name>ECap1RegsFile</name>
         <run_address>0x6a00</run_address>
         <size>0x20</size>
         <contents>
            <object_component_ref idref="oc-77"/>
         </contents>
      </logical_group>
      <logical_group id="lg-1a" display="no" color="cyan">
         <name>ECap2RegsFile</name>
         <run_address>0x6a20</run_address>
         <size>0x20</size>
         <contents>
            <object_component_ref idref="oc-78"/>
         </contents>
      </logical_group>
      <logical_group id="lg-1b" display="no" color="cyan">
         <name>ECap3RegsFile</name>
         <run_address>0x6a40</run_address>
         <size>0x20</size>
         <contents>
            <object_component_ref idref="oc-79"/>
         </contents>
      </logical_group>
      <logical_group id="lg-1c" display="no" color="cyan">
         <name>EQep1RegsFile</name>
         <run_address>0x6b00</run_address>
         <size>0x22</size>
         <contents>
            <object_component_ref idref="oc-7c"/>
         </contents>
      </logical_group>
      <logical_group id="lg-1d" display="no" color="cyan">
         <name>EQep2RegsFile</name>
         <run_address>0x6b40</run_address>
         <size>0x22</size>
         <contents>
            <object_component_ref idref="oc-7d"/>
         </contents>
      </logical_group>
      <logical_group id="lg-1e" display="no" color="cyan">
         <name>GpioCtrlRegsFile</name>
         <run_address>0x6f80</run_address>
         <size>0x40</size>
         <contents>
            <object_component_ref idref="oc-8e"/>
         </contents>
      </logical_group>
      <logical_group id="lg-1f" display="no" color="cyan">
         <name>GpioDataRegsFile</name>
         <run_address>0x6fc0</run_address>
         <size>0x20</size>
         <contents>
            <object_component_ref idref="oc-7a"/>
         </contents>
      </logical_group>
      <logical_group id="lg-20" display="no" color="cyan">
         <name>GpioIntRegsFile</name>
         <run_address>0x6fe0</run_address>
         <size>0x20</size>
         <contents>
            <object_component_ref idref="oc-7b"/>
         </contents>
      </logical_group>
      <logical_group id="lg-21" display="no" color="cyan">
         <name>HRCap1RegsFile</name>
         <run_address>0x6ac0</run_address>
         <size>0x1f</size>
         <contents>
            <object_component_ref idref="oc-73"/>
         </contents>
      </logical_group>
      <logical_group id="lg-22" display="no" color="cyan">
         <name>HRCap2RegsFile</name>
         <run_address>0x6ae0</run_address>
         <size>0x1f</size>
         <contents>
            <object_component_ref idref="oc-74"/>
         </contents>
      </logical_group>
      <logical_group id="lg-23" display="no" color="cyan">
         <name>HRCap3RegsFile</name>
         <run_address>0x6c80</run_address>
         <size>0x1f</size>
         <contents>
            <object_component_ref idref="oc-75"/>
         </contents>
      </logical_group>
      <logical_group id="lg-24" display="no" color="cyan">
         <name>HRCap4RegsFile</name>
         <run_address>0x6ca0</run_address>
         <size>0x1f</size>
         <contents>
[...]
      </symbol>
      <symbol id="sm-344">
         <name>_B0</name>
         <value>0x9478</value>
         <object_component_ref idref="oc-103"/>
      </symbol>
      <symbol id="sm-345">
         <name>_HallSum</name>
         <value>0xb326</value>
         <object_component_ref idref="oc-a2"/>
      </symbol>
      <symbol id="sm-346">
         <name>_Hall</name>
         <value>0xb3b3</value>
         <object_component_ref idref="oc-a2"/>
      </symbol>
      <symbol id="sm-347">
         <name>_temp</name>
         <value>0xb344</value>
         <object_component_ref idref="oc-a2"/>
      </symbol>
      <symbol id="sm-348">
         <name>_A3</name>
         <value>0x95b4</value>
         <object_component_ref idref="oc-103"/>
      </symbol>
      <symbol id="sm-349">
         <name>_A2</name>
         <value>0x95ae</value>
         <object_component_ref idref="oc-103"/>
      </symbol>
      <symbol id="sm-34a">
         <name>_A1</name>
         <value>0x94a4</value>
         <object_component_ref idref="oc-103"/>
      </symbol>
      <symbol id="sm-34b">
         <name>_A0</name>
         <value>0x945f</value>
         <object_component_ref idref="oc-103"/>
      </symbol>
      <symbol id="sm-34c">
         <name>_read_drv_status</name>
         <value>0xb313</value>
         <object_component_ref idref="oc-a2"/>
      </symbol>
      <symbol id="sm-34d">
         <name>_DRV8301_cntrl_reg1</name>
         <value>0xb311</value>
         <object_component_ref idref="oc-a2"/>
      </symbol>
      <symbol id="sm-34e">
         <name>_DRV8301_cntrl_reg2</name>
         <value>0xb312</value>
         <object_component_ref idref="oc-a2"/>
      </symbol>
      <symbol id="sm-34f">
         <name>_Sector</name>
         <value>0xb300</value>
         <object_component_ref idref="oc-a2"/>
      </symbol>
      <symbol id="sm-350">
         <name>_EMF_speed_hat_old</name>
         <value>0xb384</value>
         <object_component_ref idref="oc-a2"/>
      </symbol>
      <symbol id="sm-351">
         <name>_BackTicker</name>
         <value>0xb315</value>
         <object_component_ref idref="oc-a2"/>
      </symbol>
      <symbol id="sm-352">
         <name>_pid1_EMF_pll</name>
         <value>0xb580</value>
         <object_component_ref idref="oc-a2"/>
      </symbol>
      <symbol id="sm-353">
         <name>_index</name>
         <value>0xb302</value>
         <object_component_ref idref="oc-a2"/>
      </symbol>
      <symbol id="sm-354">
         <name>_EMF_filter</name>
         <value>0xb3c0</value>
         <object_component_ref idref="oc-a2"/>
      </symbol>
      <symbol id="sm-355">
         <name>_EMF_theta_hat</name>
         <value>0xb37c</value>
         <object_component_ref idref="oc-a2"/>
      </symbol>
      <symbol id="sm-356">
         <name>_T_PU</name>
         <value>0xb386</value>
         <object_component_ref idref="oc-a2"/>
      </symbol>
      <symbol id="sm-357">
         <name>_EnableFlag</name>
         <value>0xb31c</value>
         <object_component_ref idref="oc-a2"/>
      </symbol>
      <symbol id="sm-358">
         <name>_Hall_speed_integral</name>
         <value>0xb3a2</value>
         <object_component_ref idref="oc-a2"/>
      </symbol>
      <symbol id="sm-359">
         <name>_lsw</name>
         <value>0xb316</value>
         <object_component_ref idref="oc-a2"/>
      </symbol>
      <symbol id="sm-35a">
         <name>_Temp1</name>
         <value>0xb33c</value>
         <object_component_ref idref="oc-a2"/>
      </symbol>
      <symbol id="sm-35b">
         <name>_FaultEmulationSignal</name>
         <value>0xb30a</value>
         <object_component_ref idref="oc-a2"/>
      </symbol>
      <symbol id="sm-35c">
         <name>_MPeriod</name>
         <value>0xb301</value>
         <object_component_ref idref="oc-a2"/>
      </symbol>
      <symbol id="sm-35d">
         <name>_ipark1</name>
         <value>0xb40e</value>
         <object_component_ref idref="oc-a2"/>
      </symbol>
      <symbol id="sm-35e">
         <name>_speed_hat</name>
         <value>0xb378</value>
         <object_component_ref idref="oc-a2"/>
      </symbol>
      <symbol id="sm-35f">
         <name>_SpeedLoopPrescaler</name>
         <value>0xb31f</value>
         <object_component_ref idref="oc-a2"/>
      </symbol>
      <symbol id="sm-360">
         <name>_pid1_iq</name>
         <value>0xb500</value>
         <object_component_ref idref="oc-a2"/>
      </symbol>
      <symbol id="sm-361">
         <name>_HallFilteredAlpha</name>
         <value>0xb392</value>
         <object_component_ref idref="oc-a2"/>
      </symbol>
      <symbol id="sm-362">
         <name>_SPIDAC_write_dac_channel</name>
         <value>0x90ed</value>
         <object_component_ref idref="oc-103"/>
      </symbol>
      <symbol id="sm-363">
         <name>_pid1_id</name>
         <value>0xb4c0</value>
         <object_component_ref idref="oc-a2"/>
      </symbol>
      <symbol id="sm-364">
         <name>_park1</name>
         <value>0xb400</value>
         <object_component_ref idref="oc-a2"/>
      </symbol>
      <symbol id="sm-365">
         <name>_speed_hat_old</name>
         <value>0xb376</value>
         <object_component_ref idref="oc-a2"/>
      </symbol>
      <symbol id="sm-366">
         <name>_cal_filt_gain</name>
         <value>0xb364</value>
         <object_component_ref idref="oc-a2"/>
      </symbol>
      <symbol id="sm-367">
         <name>_SerialCommsTimer</name>
         <value>0xb314</value>
         <object_component_ref idref="oc-a2"/>
      </symbol>
      <symbol id="sm-368">
         <name>_VirtualTimer</name>
         <value>0xb323</value>
         <object_component_ref idref="oc-a2"/>
      </symbol>
      <symbol id="sm-369">
         <name>_FaultEmulationSignal_Accepted_transformation2</name>
         <value>0xb327</value>
         <object_component_ref idref="oc-a2"/>
      </symbol>
      <symbol id="sm-36a">
         <name>_SPIDAC_xmit_u16</name>
         <value>0x90d2</value>
         <object_component_ref idref="oc-103"/>
      </symbol>
      <symbol id="sm-36b">
         <name>_SamplingPeriod</name>
         <value>0xb3ae</value>
         <object_component_ref idref="oc-a2"/>
      </symbol>
      <symbol id="sm-36c">
         <name>_HallEMFTheta</name>
         <value>0xb38c</value>
         <object_component_ref idref="oc-a2"/>
      </symbol>
      <symbol id="sm-36d">
         <name>_Hall_filter_control</name>
         <value>0xb3a6</value>
         <object_component_ref idref="oc-a2"/>
      </symbol>
      <symbol id="sm-36e">
         <name>_i</name>
         <value>0xb306</value>
         <object_component_ref idref="oc-a2"/>
      </symbol>
      <symbol id="sm-36f">
         <name>_T</name>
         <value>0xb366</value>
         <object_component_ref idref="oc-a2"/>
      </symbol>
      <symbol id="sm-370">
         <name>_H</name>
         <value>0xb3b0</value>
         <object_component_ref idref="oc-a2"/>
      </symbol>
      <symbol id="sm-371">
         <name>_SpeedTicker</name>
         <value>0xb388</value>
         <object_component_ref idref="oc-a2"/>
      </symbol>
      <symbol id="sm-372">
         <name>_parkI_es</name>
         <value>0xb42a</value>
         <object_component_ref idref="oc-a2"/>
      </symbol>
      <symbol id="sm-373">
         <name>_prevState</name>
         <value>0xb322</value>
         <object_component_ref idref="oc-a2"/>
      </symbol>
      <symbol id="sm-374">
         <name>_Hall_thata_hat_offset</name>
         <value>0xb39a</value>
         <object_component_ref idref="oc-a2"/>
      </symbol>
      <symbol id="sm-375">
         <name>_Hall_filter</name>
         <value>0xb3c8</value>
         <object_component_ref idref="oc-a2"/>
      </symbol>
      <symbol id="sm-376">
         <name>_Fault_Buffer2</name>
         <value>0xb30b</value>
         <object_component_ref idref="oc-a2"/>
      </symbol>
      <symbol id="sm-51e">
         <name>_Page1_Var</name>
         <value>0xb7c4</value>
         <object_component_ref idref="oc-145"/>
      </symbol>
      <symbol id="sm-51f">
         <name>_Scib_Setting</name>
         <value>0x9a73</value>
         <object_component_ref idref="oc-109"/>
      </symbol>
      <symbol id="sm-520">
         <name>_AckNodeBitText</name>
         <value>0x99c4</value>
         <object_component_ref idref="oc-109"/>
      </symbol>
      <symbol id="sm-521">
         <name>_scibRxFifoIsr</name>
         <value>0x9c9d</value>
         <object_component_ref idref="oc-ab"/>
      </symbol>
      <symbol id="sm-522">
         <name>_SCI_write</name>
         <value>0x9627</value>
         <object_component_ref idref="oc-109"/>
      </symbol>
      <symbol id="sm-523">
         <name>_rxb_length</name>
         <value>0xba13</value>
         <object_component_ref idref="oc-aa"/>
      </symbol>
      <symbol id="sm-524">
         <name>_rxb_index</name>
         <value>0xba14</value>
         <object_component_ref idref="oc-aa"/>
      </symbol>
      <symbol id="sm-525">
         <name>_AckDmaDone</name>
         <value>0x96d6</value>
         <object_component_ref idref="oc-109"/>
      </symbol>
      <symbol id="sm-526">
         <name>_Page0_Var</name>
         <value>0xb6c4</value>
         <object_component_ref idref="oc-143"/>
      </symbol>
      <symbol id="sm-527">
         <name>_AckPageVariableState</name>
         <value>0x9806</value>
         <object_component_ref idref="oc-109"/>
      </symbol>
      <symbol id="sm-528">
         <name>_deviceOpen</name>
         <value>0xba10</value>
         <object_component_ref idref="oc-aa"/>
      </symbol>
      <symbol id="sm-529">
         <name>_Node_DeactiveCount</name>
         <value>0xb940</value>
         <object_component_ref idref="oc-138"/>
      </symbol>
      <symbol id="sm-52a">
         <name>_Para_Index_Var</name>
         <value>0xb600</value>
         <object_component_ref idref="oc-12d"/>
      </symbol>
      <symbol id="sm-52b">
         <name>_ClearScibData</name>
         <value>0x95e4</value>
         <object_component_ref idref="oc-109"/>
      </symbol>
      <symbol id="sm-52c">
         <name>_Node_ActiveCount</name>
         <value>0xb900</value>
         <object_component_ref idref="oc-101"/>
      </symbol>
      <symbol id="sm-52d">
         <name>_Page2_Var</name>
         <value>0xb8c4</value>
         <object_component_ref idref="oc-147"/>
      </symbol>
      <symbol id="sm-52e">
         <name>_Node_Status</name>
         <value>0xb980</value>
         <object_component_ref idref="oc-136"/>
      </symbol>
      <symbol id="sm-52f">
         <name>_testsize</name>
         <value>0xba16</value>
         <object_component_ref idref="oc-aa"/>
      </symbol>
      <symbol id="sm-530">
         <name>_switch_ackfunction</name>
         <value>0xb922</value>
         <object_component_ref idref="oc-10b"/>
      </symbol>
      <symbol id="sm-531">
         <name>_test</name>
         <value>0xba1a</value>
         <object_component_ref idref="oc-aa"/>
      </symbol>
      <symbol id="sm-532">
         <name>_AckIndexDone</name>
         <value>0x96bd</value>
         <object_component_ref idref="oc-109"/>
      </symbol>
      <symbol id="sm-533">
         <name>_AckWriteParameter</name>
         <value>0x989e</value>
         <object_component_ref idref="oc-109"/>
      </symbol>
      <symbol id="sm-534">
         <name>_Cmd_Index_Var</name>
         <value>0xb800</value>
         <object_component_ref idref="oc-131"/>
      </symbol>
      <symbol id="sm-535">
         <name>_error</name>
         <value>0x95e2</value>
         <object_component_ref idref="oc-109"/>
      </symbol>
      <symbol id="sm-536">
         <name>_Page_Var</name>
         <value>0xb6f6</value>
         <object_component_ref idref="oc-129"/>
      </symbol>
      <symbol id="sm-537">
         <name>_AckRequest</name>
         <value>0x9968</value>
         <object_component_ref idref="oc-109"/>
      </symbol>
      <symbol id="sm-538">
         <name>_SCIB_read</name>
         <value>0x9610</value>
         <object_component_ref idref="oc-109"/>
      </symbol>
      <symbol id="sm-539">
         <name>_SCI_init</name>
         <value>0x9a41</value>
         <object_component_ref idref="oc-109"/>
      </symbol>
      <symbol id="sm-53a">
         <name>_SCIA_read</name>
         <value>0x95f9</value>
         <object_component_ref idref="oc-109"/>
      </symbol>
      <symbol id="sm-53b">
         <name>_scibTxFifoIsr</name>
         <value>0x9c88</value>
         <object_component_ref idref="oc-ab"/>
      </symbol>
      <symbol id="sm-53c">
         <name>_ResponsetoStopRollingData</name>
         <value>0x979c</value>
         <object_component_ref idref="oc-109"/>
      </symbol>
      <symbol id="sm-53d">
         <name>_AckPageStrings</name>
         <value>0x97ae</value>
         <object_component_ref idref="oc-109"/>
      </symbol>
      <symbol id="sm-53e">
         <name>_Ch_Index_Var</name>
         <value>0xb700</value>
         <object_component_ref idref="oc-11f"/>
      </symbol>
      <symbol id="sm-53f">
         <name>_ResponseScopeCommand</name>
         <value>0x9647</value>
         <object_component_ref idref="oc-109"/>
      </symbol>
      <symbol id="sm-540">
         <name>_RequsetPageStrings</name>
         <value>0x9993</value>
         <object_component_ref idref="oc-109"/>
      </symbol>
      <symbol id="sm-541">
         <name>_sdataB</name>
         <value>0xb9d9</value>
         <object_component_ref idref="oc-13a"/>
      </symbol>
      <symbol id="sm-542">
         <name>_rdataB</name>
         <value>0xb5e8</value>
         <object_component_ref idref="oc-104"/>
      </symbol>
      <symbol id="sm-543">
         <name>_ResponseRollingScope</name>
         <value>0x9720</value>
         <object_component_ref idref="oc-109"/>
      </symbol>
      <symbol id="sm-544">
         <name>_ResponseScopeStrings</name>
         <value>0x96e8</value>
         <object_component_ref idref="oc-109"/>
      </symbol>
      <symbol id="sm-545">
         <name>_rxb_finish</name>
         <value>0xba11</value>
         <object_component_ref idref="oc-aa"/>
      </symbol>
      <symbol id="sm-546">
         <name>_AckNodeBitState</name>
         <value>0x99ff</value>
         <object_component_ref idref="oc-109"/>
      </symbol>
      <symbol id="sm-547">
         <name>_AckReadBlockParameter</name>
         <value>0x9904</value>
         <object_component_ref idref="oc-109"/>
      </symbol>
      <symbol id="sm-548">
         <name>_Scib_GpioInit</name>
         <value>0x9a5f</value>
         <object_component_ref idref="oc-109"/>
      </symbol>
      <symbol id="sm-549">
         <name>_rxb_count</name>
         <value>0xba12</value>
         <object_component_ref idref="oc-aa"/>
      </symbol>
      <symbol id="sm-54a">
         <name>_testsize1</name>
         <value>0xba18</value>
         <object_component_ref idref="oc-aa"/>
      </symbol>
      <symbol id="sm-565">
         <name>_c_int00</name>
         <value>0x9db2</value>
         <object_component_ref idref="oc-4e"/>
      </symbol>
      <symbol id="sm-566">
         <name>__stack</name>
         <value>0x400</value>
         <object_component_ref idref="oc-b7"/>
      </symbol>
      <symbol id="sm-575">
         <name>_copy_in</name>
         <value>0x9f33</value>
         <object_component_ref idref="oc-fd"/>
      </symbol>
      <symbol id="sm-586">
         <name>_memcpy</name>
         <value>0x9f78</value>
         <object_component_ref idref="oc-113"/>
      </symbol>
      <symbol id="sm-592">
         <name>__system_pre_init</name>
         <value>0x9fe8</value>
         <object_component_ref idref="oc-fc"/>
      </symbol>
      <symbol id="sm-59f">
         <name>__system_post_cinit</name>
         <value>0x9fea</value>
         <object_component_ref idref="oc-fe"/>
      </symbol>
      <symbol id="sm-5b3">
         <name>C$$EXIT</name>
         <value>0x9f0a</value>
         <object_component_ref idref="oc-100"/>
      </symbol>
      <symbol id="sm-5b4">
         <name>_exit</name>
         <value>0x9f0c</value>
         <object_component_ref idref="oc-100"/>
      </symbol>
      <symbol id="sm-5b5">
         <name>___TI_cleanup_ptr</name>
         <value>0xb7f8</value>
         <object_component_ref idref="oc-d3"/>
      </symbol>
      <symbol id="sm-5b6">
         <name>___TI_enable_exit_profile_output</name>
         <value>0xb7f6</value>
         <object_component_ref idref="oc-d3"/>
      </symbol>
      <symbol id="sm-5b7">
         <name>_abort</name>
         <value>0x9f0a</value>
         <object_component_ref idref="oc-100"/>
      </symbol>
      <symbol id="sm-5b8">
         <name>___TI_dtors_ptr</name>
         <value>0xb7fa</value>
         <object_component_ref idref="oc-d3"/>
      </symbol>
      <symbol id="sm-5cc">
         <name>__unlock</name>
         <value>0xb67e</value>
         <object_component_ref idref="oc-149"/>
      </symbol>
      <symbol id="sm-5cd">
         <name>__lock</name>
         <value>0xb2fe</value>
         <object_component_ref idref="oc-114"/>
      </symbol>
      <symbol id="sm-5ce">
         <name>__register_lock</name>
         <value>0x9fe3</value>
         <object_component_ref idref="oc-13b"/>
      </symbol>
      <symbol id="sm-5cf">
         <name>__nop</name>
         <value>0x9fe7</value>
         <object_component_ref idref="oc-13b"/>
      </symbol>
      <symbol id="sm-5d0">
         <name>__register_unlock</name>
         <value>0x9fdf</value>
         <object_component_ref idref="oc-13b"/>
      </symbol>
      <symbol id="sm-5df">
         <name>__args_main</name>
         <value>0x9fc3</value>
         <object_component_ref idref="oc-ff"/>
      </symbol>
      <symbol id="sm-5e7">
         <name>_sqrt</name>
         <value>0x9f57</value>
         <object_component_ref idref="oc-e2"/>
      </symbol>
      <symbol id="sm-5ef">
         <name>_sin</name>
         <value>0x9ed6</value>
         <object_component_ref idref="oc-e6"/>
      </symbol>
      <symbol id="sm-5f7">
         <name>FS$$DIV</name>
         <value>0x9f95</value>
         <object_component_ref idref="oc-ea"/>
      </symbol>
      <symbol id="sm-5ff">
         <name>_cos</name>
         <value>0x9ea2</value>
         <object_component_ref idref="oc-ee"/>
      </symbol>
      <symbol id="sm-607">
         <name>_atan2</name>
         <value>0x9e08</value>
         <object_component_ref idref="oc-f2"/>
      </symbol>
      <symbol id="sm-60f">
         <name>_FPUcosTableEnd</name>
         <value>0x3fda92</value>
         <object_component_ref idref="oc-f6"/>
      </symbol>
      <symbol id="sm-610">
         <name>_FPUatan2TableEnd</name>
         <value>0x3fdc1c</value>
         <object_component_ref idref="oc-f6"/>
      </symbol>
      <symbol id="sm-611">
         <name>_FPUatan2Table</name>
         <value>0x3fda96</value>
         <object_component_ref idref="oc-f6"/>
      </symbol>
      <symbol id="sm-612">
         <name>_FPUsinTable</name>
         <value>0x3fd590</value>
         <object_component_ref idref="oc-f6"/>
      </symbol>
      <symbol id="sm-613">
         <name>_FPUcosTable</name>
         <value>0x3fd690</value>
         <object_component_ref idref="oc-f6"/>
      </symbol>
      <symbol id="sm-614">
         <name>_FPUatan2HalfPITable</name>
         <value>0x3fda92</value>
         <object_component_ref idref="oc-f6"/>
      </symbol>
      <symbol id="sm-615">
         <name>_FPUsinTableEnd</name>
         <value>0x3fd990</value>
         <object_component_ref idref="oc-f6"/>
      </symbol>
      <symbol id="sm-625">
         <name>_strncpy</name>
         <value>0x9fae</value>
         <object_component_ref idref="oc-11e"/>
      </symbol>
   </symbol_table>
   <title>Link successful</title>
</link_info>
